2026-05-26 22:20:15.858 INFO  c.k.k.c.l.logback.LogbackConfigurator    - Logback default configuration initialized from: C:\Users\CROWN-STAFF\.katalon\packages\KS-11.1.3\configuration\org.eclipse.osgi\150\0\.cp\resources\logback\logback-execution.xml
2026-05-26 22:20:15.875 INFO  c.k.k.c.l.logback.LogbackConfigurator    - Logback custom configuration initialized from: C:\Users\CROWN-STAFF\git\convergence-qa-tests\Include\config\log.properties
2026-05-26 22:20:21.620 INFO  c.k.katalon.core.main.TestSuiteExecutor  - START Test Suites/Survey_suite_model
2026-05-26 22:20:22.095 INFO  c.k.katalon.core.main.TestSuiteExecutor  - userFullName = Chinwuba Okafor
2026-05-26 22:20:22.105 INFO  c.k.katalon.core.main.TestSuiteExecutor  - projectName = convergence-qa-tests
2026-05-26 22:20:22.108 INFO  c.k.katalon.core.main.TestSuiteExecutor  - hostName = CROWN-STAFF - DESKTOP-4SI0S1N
2026-05-26 22:20:22.111 INFO  c.k.katalon.core.main.TestSuiteExecutor  - os = Windows 11 64bit
2026-05-26 22:20:22.121 INFO  c.k.katalon.core.main.TestSuiteExecutor  - hostAddress = 10.68.235.63
2026-05-26 22:20:22.125 INFO  c.k.katalon.core.main.TestSuiteExecutor  - katalonVersion = 11.1.3.0
2026-05-26 22:20:23.057 INFO  c.k.katalon.core.main.TestCaseExecutor   - --------------------
2026-05-26 22:20:23.058 INFO  c.k.katalon.core.main.TestCaseExecutor   - START Test Cases/Authentication/TC_Login
2026-05-26 22:20:25.323 DEBUG testcase.TC_Login                        - 1: openBrowser("")
2026-05-26 22:20:27.405 INFO  c.k.k.core.webui.driver.DriverFactory    - Starting 'Chrome' driver
2026-05-26 22:20:27.703 INFO  c.k.k.core.webui.driver.DriverFactory    - Action delay is set to 0 milliseconds
2026-05-26 22:20:37.810 INFO  c.k.k.core.webui.driver.DriverFactory    - sessionId = fc33bab09039afd22a14515c1224f3e2
2026-05-26 22:20:37.816 INFO  c.k.k.core.webui.driver.DriverFactory    - browser = Chrome 148.0.7778.179
2026-05-26 22:20:37.818 INFO  c.k.k.core.webui.driver.DriverFactory    - platform = Windows 11
2026-05-26 22:20:37.820 INFO  c.k.k.core.webui.driver.DriverFactory    - seleniumVersion = 4.39.0
2026-05-26 22:20:37.849 INFO  c.k.k.core.webui.driver.DriverFactory    - proxyInformation = ProxyInformation { proxyOption=NO_PROXY, proxyServerType=HTTP, username=, password=********, proxyServerAddress=, proxyServerPort=0, executionList="", isApplyToDesiredCapabilities=true }
2026-05-26 22:20:38.100 DEBUG testcase.TC_Login                        - 2: navigateToUrl("https://convergenceondemand.com/login")
2026-05-26 22:20:39.033 DEBUG testcase.TC_Login                        - 3: setText(findTestObject("Page_1Government Login/input_Enter your MDA"), "govtest")
2026-05-26 22:20:42.455 DEBUG testcase.TC_Login                        - 4: setText(findTestObject("Page_1Government Login/input_Enter Email"), "apisupport@cicod.com")
2026-05-26 22:20:44.198 DEBUG testcase.TC_Login                        - 5: setEncryptedText(findTestObject("Page_1Government Login/input_Enter password"), "9zJdpvfgkgtFa8MQRHGI0w==")
2026-05-26 22:20:45.442 DEBUG testcase.TC_Login                        - 6: click(findTestObject("Page_1Government Login/button_Login"))
2026-05-26 22:20:46.394 INFO  c.k.katalon.core.main.TestCaseExecutor   - END Test Cases/Authentication/TC_Login
2026-05-26 22:20:46.428 INFO  c.k.katalon.core.main.TestCaseExecutor   - --------------------
2026-05-26 22:20:46.429 INFO  c.k.katalon.core.main.TestCaseExecutor   - START Test Cases/Navigation/TC_Open_Task_Module
2026-05-26 22:20:46.747 DEBUG testcase.TC_Open_Task_Module             - 1: click(findTestObject("Page_1Gov/p_Automate Government MDAs critical operations,"))
2026-05-26 22:21:48.527 INFO  c.k.katalon.core.main.TestCaseExecutor   - END Test Cases/Navigation/TC_Open_Task_Module
2026-05-26 22:21:48.550 INFO  c.k.katalon.core.main.TestCaseExecutor   - --------------------
2026-05-26 22:21:48.552 INFO  c.k.katalon.core.main.TestCaseExecutor   - START Test Cases/Setup/TC_Create_Task
2026-05-26 22:21:49.288 DEBUG testcase.TC_Create_Task                  - 1: navigateToUrl("https://govtest.convergenceondemand.com/wfm/index.php?r=workOrder#active-tickets")
2026-05-26 22:21:49.345 DEBUG testcase.TC_Create_Task                  - 2: delay(5)
2026-05-26 22:21:54.509 DEBUG testcase.TC_Create_Task                  - 3: maximizeWindow()
2026-05-26 22:21:55.255 DEBUG testcase.TC_Create_Task                  - 4: click(findTestObject("Page_Work Order  Index- Workforce Manager/a_Create Task"))
2026-05-26 22:22:00.458 DEBUG testcase.TC_Create_Task                  - 5: click(findTestObject("Page_Work Order  Create- Workforce Manager/span_Select Queue"))
2026-05-26 22:22:08.086 DEBUG testcase.TC_Create_Task                  - 6: setText(findTestObject("Page_Work Order  Create- Workforce Manager/input_Search"), "aut")
2026-05-26 22:22:09.456 DEBUG testcase.TC_Create_Task                  - 7: click(findTestObject("Page_Work Order  Create- Workforce Manager/a_TEST AUTOMATION"))
2026-05-26 22:22:10.230 DEBUG testcase.TC_Create_Task                  - 8: click(findTestObject("Page_Work Order  Create- Workforce Manager/span_Select Queue Type"))
2026-05-26 22:22:15.805 DEBUG testcase.TC_Create_Task                  - 9: click(findTestObject("Page_Work Order  Create- Workforce Manager/span_Automated Testing"))
2026-05-26 22:22:16.638 DEBUG testcase.TC_Create_Task                  - 10: setText(findTestObject("Page_Work Order  Create- Workforce Manager/input_Task Title _"), "TEST AUTOMATION 10028791")
2026-05-26 22:22:21.796 DEBUG testcase.TC_Create_Task                  - 11: setText(findTestObject("Page_Work Order  Create- Workforce Manager/textarea_Description"), "Smoke Test")
2026-05-26 22:22:23.208 DEBUG testcase.TC_Create_Task                  - 12: setText(findTestObject("Page_Work Order  Create- Workforce Manager/input_Input First Name"), "Mr")
2026-05-26 22:22:24.544 DEBUG testcase.TC_Create_Task                  - 13: setText(findTestObject("Page_Work Order  Create- Workforce Manager/input_Input Last Name"), "Adekola")
2026-05-26 22:22:25.710 DEBUG testcase.TC_Create_Task                  - 14: setText(findTestObject("Page_Work Order  Create- Workforce Manager/input_Input Phone Number"), "Cole")
2026-05-26 22:22:26.942 DEBUG testcase.TC_Create_Task                  - 15: setText(findTestObject("Page_Work Order  Create- Workforce Manager/input_Input Email Address"), "testautomation@cicod.com")
2026-05-26 22:22:28.218 DEBUG testcase.TC_Create_Task                  - 16: setText(findTestObject("Page_Work Order  Create- Workforce Manager/input_house_no"), "45b")
2026-05-26 22:22:29.543 DEBUG testcase.TC_Create_Task                  - 17: setText(findTestObject("Page_Work Order  Create- Workforce Manager/input_street"), "Admiralty Way")
2026-05-26 22:22:30.776 DEBUG testcase.TC_Create_Task                  - 18: selectOptionByValue(findTestObject("Page_Work Order  Create- Workforce Manager/select_AngolaCameroonCongoEthopiaNigeriaSouth Af"), "Nigeria", false)
2026-05-26 22:22:31.889 DEBUG testcase.TC_Create_Task                  - 19: selectOptionByValue(findTestObject("Page_Work Order  Create- Workforce Manager/select_Select StateAbiaAbujaAdamawaAkwa IbomAnam"), "Lagos", false)
2026-05-26 22:22:32.826 DEBUG testcase.TC_Create_Task                  - 20: switchToWindowTitle("Work Order | Create- Workforce Manager")
2026-05-26 22:22:32.967 DEBUG testcase.TC_Create_Task                  - 21: click(findTestObject("Page_Work Order  Create- Workforce Manager/input_optionsRadios1"))
2026-05-26 22:22:33.689 DEBUG testcase.TC_Create_Task                  - 22: click(findTestObject("Page_Work Order  Create- Workforce Manager/input_optionsChecks1"))
2026-05-26 22:22:34.449 DEBUG testcase.TC_Create_Task                  - 23: setText(findTestObject("Page_Work Order  Create- Workforce Manager/input_Select Date"), "2026-05-20")
2026-05-26 22:22:35.709 DEBUG testcase.TC_Create_Task                  - 24: filePath = getProjectDir() + "/Include/test-files/data_backup.png"
2026-05-26 22:22:35.749 DEBUG testcase.TC_Create_Task                  - 25: assert File(filePath).exists()
2026-05-26 22:22:35.826 DEBUG testcase.TC_Create_Task                  - 26: uploadObj = findTestObject("Page_Work Order  Create- Workforce Manager/input_take-photo-input-selected_file")
2026-05-26 22:22:35.861 DEBUG testcase.TC_Create_Task                  - 27: waitForElementPresent(uploadObj, 10)
2026-05-26 22:22:36.254 DEBUG testcase.TC_Create_Task                  - 28: uploadFile(uploadObj, filePath)
2026-05-26 22:22:36.681 WARN  c.k.k.c.w.k.builtin.UploadFileKeyword    - Cannot clear the existing file path in the input element. Continue to upload file.
2026-05-26 22:22:36.776 DEBUG testcase.TC_Create_Task                  - 29: click(findTestObject("Page_Work Order  Create- Workforce Manager/input_should_assign_ticket"))
2026-05-26 22:22:37.655 DEBUG testcase.TC_Create_Task                  - 30: selectOptionByValue(findTestObject("Page_Work Order  Create- Workforce Manager/select_assign-to-user"), "82", false)
2026-05-26 22:22:38.744 DEBUG testcase.TC_Create_Task                  - 31: waitForElementClickable(findTestObject("Page_Work Order  Create- Workforce Manager/button_Create"), 20)
2026-05-26 22:22:39.570 DEBUG testcase.TC_Create_Task                  - 32: click(findTestObject("Page_Work Order  Create- Workforce Manager/button_Create"))
2026-05-26 22:22:40.260 INFO  c.k.katalon.core.main.TestCaseExecutor   - END Test Cases/Setup/TC_Create_Task
2026-05-26 22:22:40.286 INFO  c.k.katalon.core.main.TestCaseExecutor   - --------------------
2026-05-26 22:22:40.288 INFO  c.k.katalon.core.main.TestCaseExecutor   - START Test Cases/Setup/TC_Open_Task_Details
2026-05-26 22:22:42.273 DEBUG testcase.TC_Open_Task_Details            - 1: waitForPageLoad(30)
2026-05-26 22:22:42.680 DEBUG testcase.TC_Open_Task_Details            - 2: delay(3)
2026-05-26 22:22:45.707 DEBUG testcase.TC_Open_Task_Details            - 3: modal = new com.kms.katalon.core.testobject.TestObject()
2026-05-26 22:22:45.715 DEBUG testcase.TC_Open_Task_Details            - 4: modal.addProperty("xpath", EQUALS, "//*[contains(text(),'Ticket ID')]")
2026-05-26 22:22:45.767 DEBUG testcase.TC_Open_Task_Details            - 5: waitForElementVisible(modal, 30)
2026-05-26 22:23:16.575 WARN  k.k.c.w.k.b.WaitForElementVisibleKeyword - Object '' is not visible after 30 second(s)
2026-05-26 22:23:16.581 DEBUG testcase.TC_Open_Task_Details            - 6: successMessage = getText(modal)
2026-05-26 22:23:17.042 DEBUG testcase.TC_Open_Task_Details            - 7: println("SUCCESS → " + successMessage)
SUCCESS → Task Created Successfully - Ticket ID: 16708
2026-05-26 22:23:17.075 DEBUG testcase.TC_Open_Task_Details            - 8: matcher = successMessage =~ "\d+"
2026-05-26 22:23:17.084 DEBUG testcase.TC_Open_Task_Details            - 9: if (!(matcher.find()))
2026-05-26 22:23:17.114 DEBUG testcase.TC_Open_Task_Details            - 10: ticketId = matcher.group()
2026-05-26 22:23:17.136 DEBUG testcase.TC_Open_Task_Details            - 11: println("Captured Ticket → " + ticketId)
Captured Ticket → 16708
2026-05-26 22:23:17.148 DEBUG testcase.TC_Open_Task_Details            - 12: click(findTestObject("Page_Work Order  Create- Workforce Manager/button_message-dismiss"))
2026-05-26 22:23:20.283 DEBUG testcase.TC_Open_Task_Details            - 13: waitForPageLoad(20)
2026-05-26 22:23:20.430 DEBUG testcase.TC_Open_Task_Details            - 14: delay(2)
2026-05-26 22:23:22.461 DEBUG testcase.TC_Open_Task_Details            - 15: click(findTestObject("Page_Work Order  Index- Workforce Manager/a_Created By Me"))
2026-05-26 22:23:23.757 DEBUG testcase.TC_Open_Task_Details            - 16: waitForPageLoad(10)
2026-05-26 22:23:23.845 DEBUG testcase.TC_Open_Task_Details            - 17: delay(3)
2026-05-26 22:23:26.909 DEBUG testcase.TC_Open_Task_Details            - 18: search = findTestObject("Page_Work Order  Index- Workforce Manager/input_Search")
2026-05-26 22:23:26.941 DEBUG testcase.TC_Open_Task_Details            - 19: waitForElementVisible(search, 30)
2026-05-26 22:23:27.340 DEBUG testcase.TC_Open_Task_Details            - 20: click(search)
2026-05-26 22:23:28.593 DEBUG testcase.TC_Open_Task_Details            - 21: clearText(search)
2026-05-26 22:23:29.103 DEBUG testcase.TC_Open_Task_Details            - 22: setText(search, ticketId)
2026-05-26 22:23:30.384 DEBUG testcase.TC_Open_Task_Details            - 23: sendKeys(search, Keys.chord(ENTER))
2026-05-26 22:23:30.968 DEBUG testcase.TC_Open_Task_Details            - 24: println("Searching → " + ticketId)
Searching → 16708
2026-05-26 22:23:30.977 DEBUG testcase.TC_Open_Task_Details            - 25: delay(8)
2026-05-26 22:23:39.004 DEBUG testcase.TC_Open_Task_Details            - 26: row = new com.kms.katalon.core.testobject.TestObject()
2026-05-26 22:23:39.008 DEBUG testcase.TC_Open_Task_Details            - 27: row.addProperty("xpath", EQUALS, //tr[.//*[contains(text(),'$ticketId')]])
2026-05-26 22:23:39.118 DEBUG testcase.TC_Open_Task_Details            - 28: found = waitForElementPresent(row, 30)
2026-05-26 22:23:39.454 DEBUG testcase.TC_Open_Task_Details            - 29: if (!(found))
2026-05-26 22:23:39.456 DEBUG testcase.TC_Open_Task_Details            - 30: println("Ticket row found")
Ticket row found
2026-05-26 22:23:39.464 DEBUG testcase.TC_Open_Task_Details            - 31: titleLink = new com.kms.katalon.core.testobject.TestObject()
2026-05-26 22:23:39.471 DEBUG testcase.TC_Open_Task_Details            - 32: titleLink.addProperty("xpath", EQUALS, (//tr[.//*[contains(text(),'$ticketId')]]//td[3]//a) | (//tr[.//*[contains(text(),'$ticketId')]]//td[3]//*[self::span or self::div]))
2026-05-26 22:23:39.476 DEBUG testcase.TC_Open_Task_Details            - 33: waitForElementVisible(titleLink, 30)
2026-05-26 22:23:39.828 DEBUG testcase.TC_Open_Task_Details            - 34: scrollToElement(titleLink, 10)
2026-05-26 22:23:40.248 DEBUG testcase.TC_Open_Task_Details            - 35: link = findWebElement(titleLink, 20)
2026-05-26 22:23:40.749 DEBUG testcase.TC_Open_Task_Details            - 36: executeJavaScript("\narguments[0].scrollIntoView({\nblock:'center'\n});\n", Arrays.asList(link))
2026-05-26 22:23:40.902 DEBUG testcase.TC_Open_Task_Details            - 37: delay(2)
2026-05-26 22:23:42.923 DEBUG testcase.TC_Open_Task_Details            - 38: println("Opening ticket")
Opening ticket
2026-05-26 22:23:42.930 DEBUG testcase.TC_Open_Task_Details            - 39: try
2026-05-26 22:23:42.933 DEBUG testcase.TC_Open_Task_Details            - 1: click(titleLink)
2026-05-26 22:23:48.317 DEBUG testcase.TC_Open_Task_Details            - 42: opened = false
2026-05-26 22:23:48.327 DEBUG testcase.TC_Open_Task_Details            - 43: for ([i = 0, i < 30, (i++)])
2026-05-26 22:23:48.332 DEBUG testcase.TC_Open_Task_Details            - 1: delay(1)
2026-05-26 22:23:49.345 DEBUG testcase.TC_Open_Task_Details            - 2: details = new com.kms.katalon.core.testobject.TestObject()
2026-05-26 22:23:49.345 DEBUG testcase.TC_Open_Task_Details            - 3: details.addProperty("xpath", EQUALS, "\n//*[contains(text(),'Priority')]\n|\n//*[contains(text(),'Task Details')]\n|\n//*[contains(text(),'Queue')]\n")
2026-05-26 22:23:49.345 DEBUG testcase.TC_Open_Task_Details            - 4: if (verifyElementPresent(details, 1, OPTIONAL))
2026-05-26 22:23:50.773 DEBUG testcase.TC_Open_Task_Details            - 1: opened = true
2026-05-26 22:23:50.794 DEBUG testcase.TC_Open_Task_Details            - 2: break
2026-05-26 22:23:50.798 DEBUG testcase.TC_Open_Task_Details            - 44: if (!(opened))
2026-05-26 22:23:50.805 DEBUG testcase.TC_Open_Task_Details            - 45: println("TASK DETAILS OPENED → " + ticketId)
TASK DETAILS OPENED → 16708
2026-05-26 22:23:50.812 INFO  c.k.katalon.core.main.TestCaseExecutor   - END Test Cases/Setup/TC_Open_Task_Details
2026-05-26 22:23:50.829 INFO  c.k.katalon.core.main.TestCaseExecutor   - --------------------
2026-05-26 22:23:50.832 INFO  c.k.katalon.core.main.TestCaseExecutor   - START Test Cases/TaskActions/Uploads/Upload_File_From_Govdrive
2026-05-26 22:23:51.796 DEBUG testcase.Upload_File_From_Govdrive       - 1: driver = getWebDriver()
2026-05-26 22:23:51.796 DEBUG testcase.Upload_File_From_Govdrive       - 2: switchToDefaultContent()
2026-05-26 22:23:51.866 DEBUG testcase.Upload_File_From_Govdrive       - 3: waitForPageLoad(30)
2026-05-26 22:23:51.883 DEBUG testcase.Upload_File_From_Govdrive       - 4: println("Starting upload flow")
Starting upload flow
2026-05-26 22:23:51.893 DEBUG testcase.Upload_File_From_Govdrive       - 5: waitForElementVisible(findTestObject("Page_Work Order  View- Workforce Manager/a_dLabel"), 30)
2026-05-26 22:23:53.528 DEBUG testcase.Upload_File_From_Govdrive       - 6: waitForElementClickable(findTestObject("Page_Work Order  View- Workforce Manager/a_dLabel"), 30)
2026-05-26 22:23:54.039 DEBUG testcase.Upload_File_From_Govdrive       - 7: click(findTestObject("Page_Work Order  View- Workforce Manager/a_dLabel"))
2026-05-26 22:23:54.750 DEBUG testcase.Upload_File_From_Govdrive       - 8: println("Upload menu opened")
Upload menu opened
2026-05-26 22:23:54.758 DEBUG testcase.Upload_File_From_Govdrive       - 9: waitForElementVisible(findTestObject("Page_Work Order  View- Workforce Manager/a_cde-upload"), 30)
2026-05-26 22:23:55.581 DEBUG testcase.Upload_File_From_Govdrive       - 10: waitForElementClickable(findTestObject("Page_Work Order  View- Workforce Manager/a_cde-upload"), 30)
2026-05-26 22:23:56.462 DEBUG testcase.Upload_File_From_Govdrive       - 11: try
2026-05-26 22:23:56.482 DEBUG testcase.Upload_File_From_Govdrive       - 1: click(findTestObject("Page_Work Order  View- Workforce Manager/a_cde-upload"))
2026-05-26 22:23:57.273 DEBUG testcase.Upload_File_From_Govdrive       - 14: println("GovDrive selected")
GovDrive selected
2026-05-26 22:23:57.282 DEBUG testcase.Upload_File_From_Govdrive       - 15: switchToDefaultContent()
2026-05-26 22:23:57.348 DEBUG testcase.Upload_File_From_Govdrive       - 16: waitForElementVisible(findTestObject("Page_Work Order  View- Workforce Manager/iframe_cde-widget"), 30)
2026-05-26 22:23:57.761 DEBUG testcase.Upload_File_From_Govdrive       - 17: switched = false
2026-05-26 22:23:57.764 DEBUG testcase.Upload_File_From_Govdrive       - 18: for ([i = 0, i < 3, (i++)])
2026-05-26 22:23:57.766 DEBUG testcase.Upload_File_From_Govdrive       - 1: try
2026-05-26 22:23:57.768 DEBUG testcase.Upload_File_From_Govdrive       - 1: switchToFrame(findTestObject("Page_Work Order  View- Workforce Manager/iframe_cde-widget"), 10)
2026-05-26 22:23:59.464 DEBUG testcase.Upload_File_From_Govdrive       - 2: switched = true
2026-05-26 22:23:59.467 DEBUG testcase.Upload_File_From_Govdrive       - 3: break
2026-05-26 22:23:59.473 DEBUG testcase.Upload_File_From_Govdrive       - 19: if (!(switched))
2026-05-26 22:23:59.485 DEBUG testcase.Upload_File_From_Govdrive       - 20: println("Inside iframe")
Inside iframe
2026-05-26 22:23:59.487 DEBUG testcase.Upload_File_From_Govdrive       - 21: delay(5)
2026-05-26 22:24:04.512 DEBUG testcase.Upload_File_From_Govdrive       - 22: println("Waiting for files to appear...")
Waiting for files to appear...
2026-05-26 22:24:04.512 DEBUG testcase.Upload_File_From_Govdrive       - 23: found = false
2026-05-26 22:24:04.526 DEBUG testcase.Upload_File_From_Govdrive       - 24: checkbox = null
2026-05-26 22:24:04.528 DEBUG testcase.Upload_File_From_Govdrive       - 25: for ([i = 0, i < 20, (i++)])
2026-05-26 22:24:04.532 DEBUG testcase.Upload_File_From_Govdrive       - 1: checkboxes = driver.findElements(By.xpath("//input[@type='checkbox'] | //*[@role='checkbox']"))
2026-05-26 22:24:04.643 DEBUG testcase.Upload_File_From_Govdrive       - 2: println("Checkbox count = " + checkboxes.size())
Checkbox count = 8
2026-05-26 22:24:04.649 DEBUG testcase.Upload_File_From_Govdrive       - 3: if (!(checkboxes.isEmpty()))
2026-05-26 22:24:04.663 DEBUG testcase.Upload_File_From_Govdrive       - 1: checkbox = checkboxes[0]
2026-05-26 22:24:04.685 DEBUG testcase.Upload_File_From_Govdrive       - 2: driver.executeScript("arguments[0].scrollIntoView(true)", checkbox)
2026-05-26 22:24:04.743 DEBUG testcase.Upload_File_From_Govdrive       - 3: delay(1)
2026-05-26 22:24:05.755 DEBUG testcase.Upload_File_From_Govdrive       - 4: driver.executeScript("arguments[0].click();", checkbox)
2026-05-26 22:24:05.899 DEBUG testcase.Upload_File_From_Govdrive       - 5: found = true
2026-05-26 22:24:05.911 DEBUG testcase.Upload_File_From_Govdrive       - 6: println("File selected")
File selected
2026-05-26 22:24:05.911 DEBUG testcase.Upload_File_From_Govdrive       - 7: break
2026-05-26 22:24:05.922 DEBUG testcase.Upload_File_From_Govdrive       - 26: if (!(found))
2026-05-26 22:24:05.932 DEBUG testcase.Upload_File_From_Govdrive       - 27: delay(3)
2026-05-26 22:24:08.961 DEBUG testcase.Upload_File_From_Govdrive       - 28: insertBtn = null
2026-05-26 22:24:08.963 DEBUG testcase.Upload_File_From_Govdrive       - 29: for ([i = 0, i < 15, (i++)])
2026-05-26 22:24:08.965 DEBUG testcase.Upload_File_From_Govdrive       - 1: try
2026-05-26 22:24:08.965 DEBUG testcase.Upload_File_From_Govdrive       - 1: insertBtn = driver.findElement(By.xpath("//button[normalize-space()='Insert']"))
2026-05-26 22:24:09.059 DEBUG testcase.Upload_File_From_Govdrive       - 2: visible = insertBtn.isDisplayed()
2026-05-26 22:24:09.104 DEBUG testcase.Upload_File_From_Govdrive       - 3: enabled = insertBtn.isEnabled()
2026-05-26 22:24:09.145 DEBUG testcase.Upload_File_From_Govdrive       - 4: disabled = insertBtn.getAttribute("disabled")
2026-05-26 22:24:09.196 DEBUG testcase.Upload_File_From_Govdrive       - 5: if (visible && enabled && disabled == null)
2026-05-26 22:24:09.212 DEBUG testcase.Upload_File_From_Govdrive       - 1: break
2026-05-26 22:24:09.212 DEBUG testcase.Upload_File_From_Govdrive       - 30: if (insertBtn == null)
2026-05-26 22:24:09.225 DEBUG testcase.Upload_File_From_Govdrive       - 31: driver.executeScript("\narguments[0].scrollIntoView({\nblock:'center'\n});\n", insertBtn)
2026-05-26 22:24:09.262 DEBUG testcase.Upload_File_From_Govdrive       - 32: delay(1)
2026-05-26 22:24:10.276 DEBUG testcase.Upload_File_From_Govdrive       - 33: driver.executeScript("arguments[0].click();", insertBtn)
2026-05-26 22:24:10.334 DEBUG testcase.Upload_File_From_Govdrive       - 34: println("Insert clicked")
Insert clicked
2026-05-26 22:24:10.361 DEBUG testcase.Upload_File_From_Govdrive       - 35: switchToDefaultContent()
2026-05-26 22:24:10.415 DEBUG testcase.Upload_File_From_Govdrive       - 36: try
2026-05-26 22:24:10.418 DEBUG testcase.Upload_File_From_Govdrive       - 1: delay(3)
2026-05-26 22:24:13.429 DEBUG testcase.Upload_File_From_Govdrive       - 2: okButton = driver.findElement(By.xpath("//button[normalize-space()='OK'] | //a[normalize-space()='OK']"))
2026-05-26 22:24:18.100 DEBUG testcase.Upload_File_From_Govdrive       - 3: driver.executeScript("arguments[0].click();", okButton)
2026-05-26 22:24:18.224 DEBUG testcase.Upload_File_From_Govdrive       - 4: println("Success popup closed")
Success popup closed
2026-05-26 22:24:18.227 DEBUG testcase.Upload_File_From_Govdrive       - 39: switchToDefaultContent()
2026-05-26 22:24:18.257 DEBUG testcase.Upload_File_From_Govdrive       - 40: println("Upload completed")
Upload completed
2026-05-26 22:24:18.270 INFO  c.k.katalon.core.main.TestCaseExecutor   - END Test Cases/TaskActions/Uploads/Upload_File_From_Govdrive
2026-05-26 22:24:18.270 INFO  c.k.katalon.core.main.TestCaseExecutor   - --------------------
2026-05-26 22:24:18.270 INFO  c.k.katalon.core.main.TestCaseExecutor   - START Test Cases/TaskActions/Uploads/Upload_file_Without_Classification
2026-05-26 22:24:18.889 DEBUG t.Upload_file_Without_Classification     - 1: taskName = "TEST AUTOMATION"
2026-05-26 22:24:18.895 DEBUG t.Upload_file_Without_Classification     - 2: uploadFile = getProjectDir() + "/Include/test-files/TASK CYCLE.pdf"
2026-05-26 22:24:18.898 DEBUG t.Upload_file_Without_Classification     - 3: waitForPageLoad(20)
2026-05-26 22:24:18.930 DEBUG t.Upload_file_Without_Classification     - 4: switchToDefaultContent()
2026-05-26 22:24:18.950 DEBUG t.Upload_file_Without_Classification     - 5: println("Looking for task: " + taskName)
Looking for task: TEST AUTOMATION
2026-05-26 22:24:18.961 DEBUG t.Upload_file_Without_Classification     - 6: task = new com.kms.katalon.core.testobject.TestObject()
2026-05-26 22:24:18.966 DEBUG t.Upload_file_Without_Classification     - 7: task.addProperty("xpath", EQUALS, "//p[contains(normalize-space(.),'" + taskName + "')]")
2026-05-26 22:24:18.977 DEBUG t.Upload_file_Without_Classification     - 8: taskExists = waitForElementPresent(task, 20, OPTIONAL)
2026-05-26 22:24:19.962 DEBUG t.Upload_file_Without_Classification     - 9: println("Task exists = " + taskExists)
Task exists = true
2026-05-26 22:24:19.968 DEBUG t.Upload_file_Without_Classification     - 10: if (!(taskExists))
2026-05-26 22:24:19.970 DEBUG t.Upload_file_Without_Classification     - 11: assert taskExists
2026-05-26 22:24:19.970 DEBUG t.Upload_file_Without_Classification     - 12: scrollToElement(task, 10)
2026-05-26 22:24:20.309 DEBUG t.Upload_file_Without_Classification     - 13: enhancedClick(task)
2026-05-26 22:24:21.067 ERROR c.k.k.c.w.k.b.EnhancedClickKeyword       - ❌ element not interactable: [object HTMLParagraphElement] has no size and location\n  (Session info: chrome=148.0.7778.179)\nBuild info: version: '4.39.0', revision: '126f156aee'\nSystem info: os.name: 'Windows 11', os.arch: 'amd64', os.version: '10.0', java.version: '21.0.9'\nDriver info: com.kms.katalon.selenium.driver.CChromeDriver\nCommand: [fc33bab09039afd22a14515c1224f3e2, actions {actions=[org.openqa.selenium.interactions.Sequence@21440e36]}]\nCapabilities {acceptInsecureCerts: false, browserName: chrome, browserVersion: 148.0.7778.179, chrome: {chromedriverVersion: 148.0.7778.167 (65db666ac2c..., userDataDir: C:\Users\CROWN-~1\AppData\L...}, fedcm:accounts: true, goog:chromeOptions: {debuggerAddress: localhost:58929}, goog:processID: 37224, networkConnectionEnabled: false, pageLoadStrategy: normal, platformName: windows, proxy: Proxy(), se:cdp: ws://localhost:58929/devtoo..., se:cdpVersion: 148.0.7778.179, setWindowRect: true, strictFileInteractability: false, timeouts: {implicit: 0, pageLoad: 300000, script: 30000}, unhandledPromptBehavior: {alert: ignore, beforeUnload: ignore, confirm: ignore, default: ignore, file: ignore, prompt: ignore}, webSocketUrl: ws://localhost:31486/sessio..., webauthn:extension:credBlob: true, webauthn:extension:largeBlob: true, webauthn:extension:minPinLength: true, webauthn:extension:prf: true, webauthn:virtualAuthenticators: true}\nSession ID: fc33bab09039afd22a14515c1224f3e2
2026-05-26 22:24:31.598 DEBUG t.Upload_file_Without_Classification     - 14: waitForPageLoad(20)
2026-05-26 22:24:31.616 DEBUG t.Upload_file_Without_Classification     - 15: uploadBtn = findTestObject("Page_Work Order  View- Workforce Manager/Page_Work Order  View- Workforce Manager/a_dLabel")
2026-05-26 22:24:31.657 DEBUG t.Upload_file_Without_Classification     - 16: waitForElementClickable(uploadBtn, 20)
2026-05-26 22:24:32.087 DEBUG t.Upload_file_Without_Classification     - 17: enhancedClick(uploadBtn)
2026-05-26 22:24:32.634 DEBUG t.Upload_file_Without_Classification     - 18: println("Upload modal opened")
Upload modal opened
2026-05-26 22:24:32.642 DEBUG t.Upload_file_Without_Classification     - 19: assert Files.exists(Paths.get(uploadFile))
2026-05-26 22:24:32.690 DEBUG t.Upload_file_Without_Classification     - 20: println("Uploading -> " + uploadFile)
Uploading -> C:/Users/CROWN-STAFF/git/convergence-qa-tests/Include/test-files/TASK CYCLE.pdf
2026-05-26 22:24:32.696 DEBUG t.Upload_file_Without_Classification     - 21: fileInput = new com.kms.katalon.core.testobject.TestObject()
2026-05-26 22:24:32.696 DEBUG t.Upload_file_Without_Classification     - 22: fileInput.addProperty("xpath", EQUALS, "//*[@id='file_upload']")
2026-05-26 22:24:32.706 DEBUG t.Upload_file_Without_Classification     - 23: waitForElementPresent(fileInput, 20)
2026-05-26 22:24:33.025 DEBUG t.Upload_file_Without_Classification     - 24: executeJavaScript("\narguments[0].style.display='block';\narguments[0].style.visibility='visible';\narguments[0].removeAttribute('hidden');\narguments[0].removeAttribute('disabled');\n", [findWebElement(fileInput, 20)])
2026-05-26 22:24:33.365 DEBUG t.Upload_file_Without_Classification     - 25: uploadFile(fileInput, uploadFile)
2026-05-26 22:24:33.804 WARN  c.k.k.c.w.k.builtin.UploadFileKeyword    - Cannot clear the existing file path in the input element. Continue to upload file.
2026-05-26 22:24:33.887 DEBUG t.Upload_file_Without_Classification     - 26: println("File injected successfully")
File injected successfully
2026-05-26 22:24:33.903 DEBUG t.Upload_file_Without_Classification     - 27: delay(8)
2026-05-26 22:24:41.915 DEBUG t.Upload_file_Without_Classification     - 28: noButton = new com.kms.katalon.core.testobject.TestObject()
2026-05-26 22:24:41.920 DEBUG t.Upload_file_Without_Classification     - 29: noButton.addProperty("xpath", EQUALS, "//button[normalize-space()='No']")
2026-05-26 22:24:41.924 DEBUG t.Upload_file_Without_Classification     - 30: modalPresent = waitForElementPresent(noButton, 10, OPTIONAL)
2026-05-26 22:24:42.257 DEBUG t.Upload_file_Without_Classification     - 31: if (modalPresent)
2026-05-26 22:24:42.262 DEBUG t.Upload_file_Without_Classification     - 1: waitForElementClickable(noButton, 10)
2026-05-26 22:24:42.668 DEBUG t.Upload_file_Without_Classification     - 2: enhancedClick(noButton)
2026-05-26 22:24:43.249 DEBUG t.Upload_file_Without_Classification     - 3: println("Clicked NO")
Clicked NO
2026-05-26 22:24:43.266 DEBUG t.Upload_file_Without_Classification     - 32: println("Upload completed")
Upload completed
2026-05-26 22:24:43.276 INFO  c.k.katalon.core.main.TestCaseExecutor   - END Test Cases/TaskActions/Uploads/Upload_file_Without_Classification
2026-05-26 22:24:43.286 INFO  c.k.katalon.core.main.TestCaseExecutor   - --------------------
2026-05-26 22:24:43.286 INFO  c.k.katalon.core.main.TestCaseExecutor   - START Test Cases/TaskActions/Table_Actions/Esign
2026-05-26 22:24:44.926 DEBUG testcase.Esign                           - 1: driver = getWebDriver()
2026-05-26 22:24:44.937 DEBUG testcase.Esign                           - 2: wait = new org.openqa.selenium.support.ui.WebDriverWait(driver, java.time.Duration.ofSeconds(30))
2026-05-26 22:24:44.947 DEBUG testcase.Esign                           - 3: println("===== START ESIGN =====")
===== START ESIGN =====
2026-05-26 22:24:44.952 DEBUG testcase.Esign                           - 4: waitForPageLoad(30)
2026-05-26 22:24:44.979 DEBUG testcase.Esign                           - 5: click(findTestObject("Page_Work Order  View- Workforce Manager/svg_svg"))
2026-05-26 22:24:59.545 WARN  c.k.k.c.w.keyword.builtin.ClickKeyword   - Waiting for element timed out
2026-05-26 22:24:59.865 DEBUG testcase.Esign                           - 6: println("eSign modal opened")
eSign modal opened
2026-05-26 22:24:59.869 DEBUG testcase.Esign                           - 7: iframe = new com.kms.katalon.core.testobject.TestObject()
2026-05-26 22:24:59.877 DEBUG testcase.Esign                           - 8: iframe.addProperty("xpath", EQUALS, "//iframe[contains(@id,'esign')]")
2026-05-26 22:24:59.877 DEBUG testcase.Esign                           - 9: waitForElementPresent(iframe, 60)
2026-05-26 22:25:00.346 DEBUG testcase.Esign                           - 10: switchToFrame(iframe, 20)
2026-05-26 22:25:01.803 DEBUG testcase.Esign                           - 11: println("Inside iframe")
Inside iframe
2026-05-26 22:25:01.803 DEBUG testcase.Esign                           - 12: signTool = wait.until(ExpectedConditions.elementToBeClickable(By.xpath("//*[normalize-space()='Signature']")))
2026-05-26 22:25:05.479 DEBUG testcase.Esign                           - 13: driver.executeScript("arguments[0].click();", signTool)
2026-05-26 22:25:05.507 DEBUG testcase.Esign                           - 14: println("Signature selected")
Signature selected
2026-05-26 22:25:05.515 DEBUG testcase.Esign                           - 15: page = wait.until(ExpectedConditions.visibilityOfElementLocated(By.xpath("//*[contains(@id,'page-')]")))
2026-05-26 22:25:11.416 DEBUG testcase.Esign                           - 16: println("PDF located")
PDF located
2026-05-26 22:25:11.421 DEBUG testcase.Esign                           - 17: driver.executeScript("\nvar rect=arguments[0].getBoundingClientRect();\n\nvar x=rect.left+(rect.width/2);\nvar y=rect.top+250;\n\nvar el=document.elementFromPoint(x,y);\n\nif(el){\nel.dispatchEvent(\nnew MouseEvent(\n'click',\n{\nbubbles:true,\nclientX:x,\nclientY:y\n}\n)\n);\n}\n", page)
2026-05-26 22:25:12.870 DEBUG testcase.Esign                           - 18: println("Signature dropped")
Signature dropped
2026-05-26 22:25:12.901 DEBUG testcase.Esign                           - 19: Thread.sleep(2000)
2026-05-26 22:25:15.083 DEBUG testcase.Esign                           - 20: try
2026-05-26 22:25:15.087 DEBUG testcase.Esign                           - 1: okSign = wait.until(ExpectedConditions.elementToBeClickable(By.xpath("//button[normalize-space()='OK']")))
2026-05-26 22:25:45.584 DEBUG testcase.Esign                           - 21: catch (Exception e)
2026-05-26 22:25:45.594 DEBUG testcase.Esign                           - 1: println("No signature OK popup")
No signature OK popup
2026-05-26 22:25:45.598 DEBUG testcase.Esign                           - 23: previewBtn = wait.until(ExpectedConditions.elementToBeClickable(By.xpath("//button[contains(.,'Preview')]")))
2026-05-26 22:25:45.723 DEBUG testcase.Esign                           - 24: driver.executeScript("arguments[0].click();", previewBtn)
2026-05-26 22:25:45.801 DEBUG testcase.Esign                           - 25: println("Preview clicked")
Preview clicked
2026-05-26 22:25:45.812 DEBUG testcase.Esign                           - 26: wait.until(ExpectedConditions.textToBePresentInElementLocated(By.xpath("//button[contains(.,'Preview') or contains(.,'Save')]"), "Save"))
2026-05-26 22:25:45.973 DEBUG testcase.Esign                           - 27: saveBtn = wait.until(ExpectedConditions.elementToBeClickable(By.xpath("//button[contains(.,'Save')]")))
2026-05-26 22:25:46.143 DEBUG testcase.Esign                           - 28: Thread.sleep(1000)
2026-05-26 22:25:47.159 DEBUG testcase.Esign                           - 29: driver.executeScript("arguments[0].click();", saveBtn)
2026-05-26 22:25:47.193 DEBUG testcase.Esign                           - 30: println("Save clicked")
Save clicked
2026-05-26 22:25:47.206 DEBUG testcase.Esign                           - 31: switchToDefaultContent()
2026-05-26 22:25:47.228 DEBUG testcase.Esign                           - 32: println("Back to main page")
Back to main page
2026-05-26 22:25:47.236 DEBUG testcase.Esign                           - 33: okModalClosed = false
2026-05-26 22:25:47.240 DEBUG testcase.Esign                           - 34: try
2026-05-26 22:25:47.244 DEBUG testcase.Esign                           - 1: okBtn = new com.kms.katalon.core.testobject.TestObject()
2026-05-26 22:25:47.244 DEBUG testcase.Esign                           - 2: okBtn.addProperty("xpath", EQUALS, "//button[normalize-space()='OK']")
2026-05-26 22:25:47.244 DEBUG testcase.Esign                           - 3: if (waitForElementVisible(okBtn, 10, OPTIONAL))
2026-05-26 22:25:52.654 DEBUG testcase.Esign                           - 1: click(okBtn)
2026-05-26 22:25:53.284 DEBUG testcase.Esign                           - 2: okModalClosed = true
2026-05-26 22:25:53.292 DEBUG testcase.Esign                           - 3: println("Success modal closed")
Success modal closed
2026-05-26 22:25:53.301 DEBUG testcase.Esign                           - 37: if (!(okModalClosed))
2026-05-26 22:25:53.305 DEBUG testcase.Esign                           - 38: modal = new com.kms.katalon.core.testobject.TestObject()
2026-05-26 22:25:53.305 DEBUG testcase.Esign                           - 39: modal.addProperty("xpath", EQUALS, "//*[contains(@class,'modal')]")
2026-05-26 22:25:53.316 DEBUG testcase.Esign                           - 40: waitForElementNotPresent(modal, 20, OPTIONAL)
2026-05-26 22:26:13.704 WARN  .c.w.k.b.WaitForElementNotPresentKeyword - Web element with id: '' located by 'By.xpath: //*[contains(@class,'modal')]' is present after '20' second(s)
2026-05-26 22:26:13.716 DEBUG testcase.Esign                           - 41: println("===== ESIGN SUCCESS =====")
===== ESIGN SUCCESS =====
2026-05-26 22:26:13.723 INFO  c.k.katalon.core.main.TestCaseExecutor   - END Test Cases/TaskActions/Table_Actions/Esign
2026-05-26 22:26:13.737 INFO  c.k.katalon.core.main.TestCaseExecutor   - --------------------
2026-05-26 22:26:13.737 INFO  c.k.katalon.core.main.TestCaseExecutor   - START Test Cases/TaskActions/Comments/TC_Add_Comment
2026-05-26 22:26:14.073 DEBUG testcase.TC_Add_Comment                  - 1: waitForPageLoad(20)
2026-05-26 22:26:14.116 DEBUG testcase.TC_Add_Comment                  - 2: waitForElementPresent(findTestObject("Page_Work Order  Index- Workforce Manager/input_Search"), 20)
2026-05-26 22:26:34.390 WARN  k.k.c.w.k.b.WaitForElementPresentKeyword - Object 'Object Repository/Page_Work Order  Index- Workforce Manager/input_Search' is not present after 20 second(s)
2026-05-26 22:26:34.390 DEBUG testcase.TC_Add_Comment                  - 3: waitForPageLoad(20)
2026-05-26 22:26:34.420 DEBUG testcase.TC_Add_Comment                  - 4: waitForElementPresent(findTestObject("Page_Work Order  Index- Workforce Manager/input_Search"), 20)
2026-05-26 22:26:54.542 WARN  k.k.c.w.k.b.WaitForElementPresentKeyword - Object 'Object Repository/Page_Work Order  Index- Workforce Manager/input_Search' is not present after 20 second(s)
2026-05-26 22:26:54.553 DEBUG testcase.TC_Add_Comment                  - 5: click(findTestObject("Page_Work Order  View- Workforce Manager/div_Hi there, For line manager escalation or app"))
2026-05-26 22:26:55.310 DEBUG testcase.TC_Add_Comment                  - 6: click(findTestObject("Page_Work Order  View- Workforce Manager/button_assign-modal-close-btn_1"))
2026-05-26 22:26:56.168 DEBUG testcase.TC_Add_Comment                  - 7: click(findTestObject("Page_Work Order  View- Workforce Manager/a_Add Comment"))
2026-05-26 22:26:57.373 DEBUG testcase.TC_Add_Comment                  - 8: setText(findTestObject("Page_Work Order  View- Workforce Manager/textarea_To mention a user or role, type  in fr"), "@chubby")
2026-05-26 22:26:58.867 DEBUG testcase.TC_Add_Comment                  - 9: click(findTestObject("Page_Work Order  View- Workforce Manager/a_Chubby Chubbystandard user"))
2026-05-26 22:27:00.752 DEBUG testcase.TC_Add_Comment                  - 10: setText(findTestObject("Page_Work Order  View- Workforce Manager/textarea_To mention a user or role, type  in fr"), "[~Chubby Chubby] ")
2026-05-26 22:27:02.002 DEBUG testcase.TC_Add_Comment                  - 11: setText(findTestObject("Page_Work Order  View- Workforce Manager/textarea_To mention a user or role, type  in fr"), "[~Chubby Chubby] Smoke test comment Automation ")
2026-05-26 22:27:04.036 DEBUG testcase.TC_Add_Comment                  - 12: click(findTestObject("Page_Work Order  View- Workforce Manager/a_save_comment"))
2026-05-26 22:27:04.925 DEBUG testcase.TC_Add_Comment                  - 13: waitForElementVisible(findTestObject("Page_Work Order  View- Workforce Manager/div_Comment saved successfully"), 20)
2026-05-26 22:27:25.770 WARN  k.k.c.w.k.b.WaitForElementVisibleKeyword - Object 'Object Repository/Page_Work Order  View- Workforce Manager/div_Comment saved successfully' is not visible after 20 second(s)
2026-05-26 22:27:25.775 DEBUG testcase.TC_Add_Comment                  - 14: delay(2)
2026-05-26 22:27:27.784 DEBUG testcase.TC_Add_Comment                  - 15: waitForElementClickable(findTestObject("Page_Work Order  View- Workforce Manager/button_SaveComment"), 20)
2026-05-26 22:27:33.895 DEBUG testcase.TC_Add_Comment                  - 16: click(findTestObject("Page_Work Order  View- Workforce Manager/button_SaveComment"))
2026-05-26 22:27:35.226 INFO  c.k.katalon.core.main.TestCaseExecutor   - END Test Cases/TaskActions/Comments/TC_Add_Comment
2026-05-26 22:27:36.547 INFO  c.k.katalon.core.main.TestSuiteExecutor  - --------------------
2026-05-26 22:27:36.547 INFO  c.k.katalon.core.main.TestSuiteExecutor  - END Test Suites/Survey_suite_model
2026-05-26 22:27:36.547 INFO  c.k.katalon.core.main.TestSuiteExecutor  - ====================
