2026-05-26 22:32:46.870 INFO  c.k.k.c.l.logback.LogbackConfigurator    - Logback default configuration initialized from: C:\Users\CROWN-STAFF\.katalon\packages\KS-11.1.3\configuration\org.eclipse.osgi\150\0\.cp\resources\logback\logback-execution.xml
2026-05-26 22:32:46.899 INFO  c.k.k.c.l.logback.LogbackConfigurator    - Logback custom configuration initialized from: C:\Users\CROWN-STAFF\git\convergence-qa-tests\Include\config\log.properties
2026-05-26 22:32:51.124 INFO  c.k.katalon.core.main.TestSuiteExecutor  - START Test Suites/Survey_suite_model
2026-05-26 22:32:51.600 INFO  c.k.katalon.core.main.TestSuiteExecutor  - userFullName = Chinwuba Okafor
2026-05-26 22:32:51.600 INFO  c.k.katalon.core.main.TestSuiteExecutor  - projectName = convergence-qa-tests
2026-05-26 22:32:51.613 INFO  c.k.katalon.core.main.TestSuiteExecutor  - hostName = CROWN-STAFF - DESKTOP-4SI0S1N
2026-05-26 22:32:51.616 INFO  c.k.katalon.core.main.TestSuiteExecutor  - os = Windows 11 64bit
2026-05-26 22:32:51.616 INFO  c.k.katalon.core.main.TestSuiteExecutor  - hostAddress = 10.68.235.63
2026-05-26 22:32:51.616 INFO  c.k.katalon.core.main.TestSuiteExecutor  - katalonVersion = 11.1.3.0
2026-05-26 22:32:52.352 INFO  c.k.katalon.core.main.TestCaseExecutor   - --------------------
2026-05-26 22:32:52.353 INFO  c.k.katalon.core.main.TestCaseExecutor   - START Test Cases/Authentication/TC_Login
2026-05-26 22:32:54.147 DEBUG testcase.TC_Login                        - 1: openBrowser("")
2026-05-26 22:32:55.764 INFO  c.k.k.core.webui.driver.DriverFactory    - Starting 'Chrome' driver
2026-05-26 22:32:56.148 INFO  c.k.k.core.webui.driver.DriverFactory    - Action delay is set to 0 milliseconds
2026-05-26 22:33:08.485 INFO  c.k.k.core.webui.driver.DriverFactory    - sessionId = feee1791966b3f5b5643eea19541f7fb
2026-05-26 22:33:08.494 INFO  c.k.k.core.webui.driver.DriverFactory    - browser = Chrome 148.0.7778.179
2026-05-26 22:33:08.494 INFO  c.k.k.core.webui.driver.DriverFactory    - platform = Windows 11
2026-05-26 22:33:08.501 INFO  c.k.k.core.webui.driver.DriverFactory    - seleniumVersion = 4.39.0
2026-05-26 22:33:08.552 INFO  c.k.k.core.webui.driver.DriverFactory    - proxyInformation = ProxyInformation { proxyOption=NO_PROXY, proxyServerType=HTTP, username=, password=********, proxyServerAddress=, proxyServerPort=0, executionList="", isApplyToDesiredCapabilities=true }
2026-05-26 22:33:08.835 DEBUG testcase.TC_Login                        - 2: navigateToUrl("https://convergenceondemand.com/login")
2026-05-26 22:33:10.562 DEBUG testcase.TC_Login                        - 3: setText(findTestObject("Page_1Government Login/input_Enter your MDA"), "govtest")
2026-05-26 22:33:13.401 DEBUG testcase.TC_Login                        - 4: setText(findTestObject("Page_1Government Login/input_Enter Email"), "apisupport@cicod.com")
2026-05-26 22:33:15.040 DEBUG testcase.TC_Login                        - 5: setEncryptedText(findTestObject("Page_1Government Login/input_Enter password"), "9zJdpvfgkgtFa8MQRHGI0w==")
2026-05-26 22:33:15.997 DEBUG testcase.TC_Login                        - 6: click(findTestObject("Page_1Government Login/button_Login"))
2026-05-26 22:33:16.830 INFO  c.k.katalon.core.main.TestCaseExecutor   - END Test Cases/Authentication/TC_Login
2026-05-26 22:33:16.856 INFO  c.k.katalon.core.main.TestCaseExecutor   - --------------------
2026-05-26 22:33:16.858 INFO  c.k.katalon.core.main.TestCaseExecutor   - START Test Cases/Navigation/TC_Open_Task_Module
2026-05-26 22:33:17.208 DEBUG testcase.TC_Open_Task_Module             - 1: click(findTestObject("Page_1Gov/p_Automate Government MDAs critical operations,"))
2026-05-26 22:33:39.070 INFO  c.k.katalon.core.main.TestCaseExecutor   - END Test Cases/Navigation/TC_Open_Task_Module
2026-05-26 22:33:39.098 INFO  c.k.katalon.core.main.TestCaseExecutor   - --------------------
2026-05-26 22:33:39.098 INFO  c.k.katalon.core.main.TestCaseExecutor   - START Test Cases/Setup/TC_Create_Task
2026-05-26 22:33:40.466 DEBUG testcase.TC_Create_Task                  - 1: navigateToUrl("https://govtest.convergenceondemand.com/wfm/index.php?r=workOrder#active-tickets")
2026-05-26 22:33:40.539 DEBUG testcase.TC_Create_Task                  - 2: delay(5)
2026-05-26 22:33:45.818 DEBUG testcase.TC_Create_Task                  - 3: maximizeWindow()
2026-05-26 22:33:46.749 DEBUG testcase.TC_Create_Task                  - 4: click(findTestObject("Page_Work Order  Index- Workforce Manager/a_Create Task"))
2026-05-26 22:33:50.896 DEBUG testcase.TC_Create_Task                  - 5: click(findTestObject("Page_Work Order  Create- Workforce Manager/span_Select Queue"))
2026-05-26 22:33:56.601 DEBUG testcase.TC_Create_Task                  - 6: setText(findTestObject("Page_Work Order  Create- Workforce Manager/input_Search"), "aut")
2026-05-26 22:33:58.894 DEBUG testcase.TC_Create_Task                  - 7: click(findTestObject("Page_Work Order  Create- Workforce Manager/a_TEST AUTOMATION"))
2026-05-26 22:33:59.863 DEBUG testcase.TC_Create_Task                  - 8: click(findTestObject("Page_Work Order  Create- Workforce Manager/span_Select Queue Type"))
2026-05-26 22:34:03.963 DEBUG testcase.TC_Create_Task                  - 9: click(findTestObject("Page_Work Order  Create- Workforce Manager/span_Automated Testing"))
2026-05-26 22:34:05.015 DEBUG testcase.TC_Create_Task                  - 10: setText(findTestObject("Page_Work Order  Create- Workforce Manager/input_Task Title _"), "TEST AUTOMATION 10028791")
2026-05-26 22:34:09.623 DEBUG testcase.TC_Create_Task                  - 11: setText(findTestObject("Page_Work Order  Create- Workforce Manager/textarea_Description"), "Smoke Test")
2026-05-26 22:34:11.180 DEBUG testcase.TC_Create_Task                  - 12: setText(findTestObject("Page_Work Order  Create- Workforce Manager/input_Input First Name"), "Mr")
2026-05-26 22:34:12.721 DEBUG testcase.TC_Create_Task                  - 13: setText(findTestObject("Page_Work Order  Create- Workforce Manager/input_Input Last Name"), "Adekola")
2026-05-26 22:34:14.380 DEBUG testcase.TC_Create_Task                  - 14: setText(findTestObject("Page_Work Order  Create- Workforce Manager/input_Input Phone Number"), "Cole")
2026-05-26 22:34:15.860 DEBUG testcase.TC_Create_Task                  - 15: setText(findTestObject("Page_Work Order  Create- Workforce Manager/input_Input Email Address"), "testautomation@cicod.com")
2026-05-26 22:34:17.443 DEBUG testcase.TC_Create_Task                  - 16: setText(findTestObject("Page_Work Order  Create- Workforce Manager/input_house_no"), "45b")
2026-05-26 22:34:18.879 DEBUG testcase.TC_Create_Task                  - 17: setText(findTestObject("Page_Work Order  Create- Workforce Manager/input_street"), "Admiralty Way")
2026-05-26 22:34:20.668 DEBUG testcase.TC_Create_Task                  - 18: selectOptionByValue(findTestObject("Page_Work Order  Create- Workforce Manager/select_AngolaCameroonCongoEthopiaNigeriaSouth Af"), "Nigeria", false)
2026-05-26 22:34:21.876 DEBUG testcase.TC_Create_Task                  - 19: selectOptionByValue(findTestObject("Page_Work Order  Create- Workforce Manager/select_Select StateAbiaAbujaAdamawaAkwa IbomAnam"), "Lagos", false)
2026-05-26 22:34:22.889 DEBUG testcase.TC_Create_Task                  - 20: switchToWindowTitle("Work Order | Create- Workforce Manager")
2026-05-26 22:34:23.069 DEBUG testcase.TC_Create_Task                  - 21: click(findTestObject("Page_Work Order  Create- Workforce Manager/input_optionsRadios1"))
2026-05-26 22:34:24.075 DEBUG testcase.TC_Create_Task                  - 22: click(findTestObject("Page_Work Order  Create- Workforce Manager/input_optionsChecks1"))
2026-05-26 22:34:24.837 DEBUG testcase.TC_Create_Task                  - 23: setText(findTestObject("Page_Work Order  Create- Workforce Manager/input_Select Date"), "2026-05-20")
2026-05-26 22:34:26.318 DEBUG testcase.TC_Create_Task                  - 24: filePath = getProjectDir() + "/Include/test-files/data_backup.png"
2026-05-26 22:34:26.342 DEBUG testcase.TC_Create_Task                  - 25: assert File(filePath).exists()
2026-05-26 22:34:26.422 DEBUG testcase.TC_Create_Task                  - 26: uploadObj = findTestObject("Page_Work Order  Create- Workforce Manager/input_take-photo-input-selected_file")
2026-05-26 22:34:26.452 DEBUG testcase.TC_Create_Task                  - 27: waitForElementPresent(uploadObj, 10)
2026-05-26 22:34:26.986 DEBUG testcase.TC_Create_Task                  - 28: uploadFile(uploadObj, filePath)
2026-05-26 22:34:27.419 WARN  c.k.k.c.w.k.builtin.UploadFileKeyword    - Cannot clear the existing file path in the input element. Continue to upload file.
2026-05-26 22:34:27.502 DEBUG testcase.TC_Create_Task                  - 29: click(findTestObject("Page_Work Order  Create- Workforce Manager/input_should_assign_ticket"))
2026-05-26 22:34:28.787 DEBUG testcase.TC_Create_Task                  - 30: selectOptionByValue(findTestObject("Page_Work Order  Create- Workforce Manager/select_assign-to-user"), "82", false)
2026-05-26 22:34:30.139 DEBUG testcase.TC_Create_Task                  - 31: waitForElementClickable(findTestObject("Page_Work Order  Create- Workforce Manager/button_Create"), 20)
2026-05-26 22:34:31.070 DEBUG testcase.TC_Create_Task                  - 32: click(findTestObject("Page_Work Order  Create- Workforce Manager/button_Create"))
2026-05-26 22:34:31.834 INFO  c.k.katalon.core.main.TestCaseExecutor   - END Test Cases/Setup/TC_Create_Task
2026-05-26 22:34:31.851 INFO  c.k.katalon.core.main.TestCaseExecutor   - --------------------
2026-05-26 22:34:31.851 INFO  c.k.katalon.core.main.TestCaseExecutor   - START Test Cases/Setup/TC_Open_Task_Details
2026-05-26 22:34:34.031 DEBUG testcase.TC_Open_Task_Details            - 1: waitForPageLoad(30)
2026-05-26 22:34:34.302 DEBUG testcase.TC_Open_Task_Details            - 2: delay(3)
2026-05-26 22:34:37.328 DEBUG testcase.TC_Open_Task_Details            - 3: modal = new com.kms.katalon.core.testobject.TestObject()
2026-05-26 22:34:37.363 DEBUG testcase.TC_Open_Task_Details            - 4: modal.addProperty("xpath", EQUALS, "//*[contains(text(),'Ticket ID')]")
2026-05-26 22:34:37.396 DEBUG testcase.TC_Open_Task_Details            - 5: waitForElementVisible(modal, 30)
2026-05-26 22:34:38.501 DEBUG testcase.TC_Open_Task_Details            - 6: successMessage = getText(modal)
2026-05-26 22:34:38.952 DEBUG testcase.TC_Open_Task_Details            - 7: println("SUCCESS → " + successMessage)
SUCCESS → Task Created Successfully - Ticket ID: 16709
2026-05-26 22:34:39.002 DEBUG testcase.TC_Open_Task_Details            - 8: matcher = successMessage =~ "\d+"
2026-05-26 22:34:39.083 DEBUG testcase.TC_Open_Task_Details            - 9: if (!(matcher.find()))
2026-05-26 22:34:39.134 DEBUG testcase.TC_Open_Task_Details            - 10: ticketId = matcher.group()
2026-05-26 22:34:39.152 DEBUG testcase.TC_Open_Task_Details            - 11: println("Captured Ticket → " + ticketId)
Captured Ticket → 16709
2026-05-26 22:34:39.171 DEBUG testcase.TC_Open_Task_Details            - 12: click(findTestObject("Page_Work Order  Create- Workforce Manager/button_message-dismiss"))
2026-05-26 22:34:45.848 DEBUG testcase.TC_Open_Task_Details            - 13: waitForPageLoad(20)
2026-05-26 22:34:45.965 DEBUG testcase.TC_Open_Task_Details            - 14: delay(2)
2026-05-26 22:34:47.982 DEBUG testcase.TC_Open_Task_Details            - 15: click(findTestObject("Page_Work Order  Index- Workforce Manager/a_Created By Me"))
2026-05-26 22:34:48.909 DEBUG testcase.TC_Open_Task_Details            - 16: waitForPageLoad(10)
2026-05-26 22:34:48.956 DEBUG testcase.TC_Open_Task_Details            - 17: delay(3)
2026-05-26 22:34:51.981 DEBUG testcase.TC_Open_Task_Details            - 18: search = findTestObject("Page_Work Order  Index- Workforce Manager/input_Search")
2026-05-26 22:34:52.033 DEBUG testcase.TC_Open_Task_Details            - 19: waitForElementVisible(search, 30)
2026-05-26 22:34:52.530 DEBUG testcase.TC_Open_Task_Details            - 20: click(search)
2026-05-26 22:34:54.011 DEBUG testcase.TC_Open_Task_Details            - 21: clearText(search)
2026-05-26 22:34:54.489 DEBUG testcase.TC_Open_Task_Details            - 22: setText(search, ticketId)
2026-05-26 22:34:55.844 DEBUG testcase.TC_Open_Task_Details            - 23: sendKeys(search, Keys.chord(ENTER))
2026-05-26 22:34:56.457 DEBUG testcase.TC_Open_Task_Details            - 24: println("Searching → " + ticketId)
Searching → 16709
2026-05-26 22:34:56.472 DEBUG testcase.TC_Open_Task_Details            - 25: delay(8)
2026-05-26 22:35:04.495 DEBUG testcase.TC_Open_Task_Details            - 26: row = new com.kms.katalon.core.testobject.TestObject()
2026-05-26 22:35:04.502 DEBUG testcase.TC_Open_Task_Details            - 27: row.addProperty("xpath", EQUALS, //tr[.//*[contains(text(),'$ticketId')]])
2026-05-26 22:35:04.610 DEBUG testcase.TC_Open_Task_Details            - 28: found = waitForElementPresent(row, 30)
2026-05-26 22:35:04.918 DEBUG testcase.TC_Open_Task_Details            - 29: if (!(found))
2026-05-26 22:35:04.927 DEBUG testcase.TC_Open_Task_Details            - 30: println("Ticket row found")
Ticket row found
2026-05-26 22:35:04.937 DEBUG testcase.TC_Open_Task_Details            - 31: titleLink = new com.kms.katalon.core.testobject.TestObject()
2026-05-26 22:35:04.942 DEBUG testcase.TC_Open_Task_Details            - 32: titleLink.addProperty("xpath", EQUALS, (//tr[.//*[contains(text(),'$ticketId')]]//td[3]//a) | (//tr[.//*[contains(text(),'$ticketId')]]//td[3]//*[self::span or self::div]))
2026-05-26 22:35:04.946 DEBUG testcase.TC_Open_Task_Details            - 33: waitForElementVisible(titleLink, 30)
2026-05-26 22:35:05.296 DEBUG testcase.TC_Open_Task_Details            - 34: scrollToElement(titleLink, 10)
2026-05-26 22:35:05.661 DEBUG testcase.TC_Open_Task_Details            - 35: link = findWebElement(titleLink, 20)
2026-05-26 22:35:05.999 DEBUG testcase.TC_Open_Task_Details            - 36: executeJavaScript("\narguments[0].scrollIntoView({\nblock:'center'\n});\n", Arrays.asList(link))
2026-05-26 22:35:06.080 DEBUG testcase.TC_Open_Task_Details            - 37: delay(2)
2026-05-26 22:35:08.099 DEBUG testcase.TC_Open_Task_Details            - 38: println("Opening ticket")
Opening ticket
2026-05-26 22:35:08.099 DEBUG testcase.TC_Open_Task_Details            - 39: try
2026-05-26 22:35:08.107 DEBUG testcase.TC_Open_Task_Details            - 1: click(titleLink)
2026-05-26 22:35:18.964 DEBUG testcase.TC_Open_Task_Details            - 42: opened = false
2026-05-26 22:35:18.969 DEBUG testcase.TC_Open_Task_Details            - 43: for ([i = 0, i < 30, (i++)])
2026-05-26 22:35:18.975 DEBUG testcase.TC_Open_Task_Details            - 1: delay(1)
2026-05-26 22:35:20.000 DEBUG testcase.TC_Open_Task_Details            - 2: details = new com.kms.katalon.core.testobject.TestObject()
2026-05-26 22:35:20.004 DEBUG testcase.TC_Open_Task_Details            - 3: details.addProperty("xpath", EQUALS, "\n//*[contains(text(),'Priority')]\n|\n//*[contains(text(),'Task Details')]\n|\n//*[contains(text(),'Queue')]\n")
2026-05-26 22:35:20.009 DEBUG testcase.TC_Open_Task_Details            - 4: if (verifyElementPresent(details, 1, OPTIONAL))
2026-05-26 22:35:21.414 DEBUG testcase.TC_Open_Task_Details            - 1: opened = true
2026-05-26 22:35:21.414 DEBUG testcase.TC_Open_Task_Details            - 2: break
2026-05-26 22:35:21.421 DEBUG testcase.TC_Open_Task_Details            - 44: if (!(opened))
2026-05-26 22:35:21.431 DEBUG testcase.TC_Open_Task_Details            - 45: println("TASK DETAILS OPENED → " + ticketId)
TASK DETAILS OPENED → 16709
2026-05-26 22:35:21.437 INFO  c.k.katalon.core.main.TestCaseExecutor   - END Test Cases/Setup/TC_Open_Task_Details
2026-05-26 22:35:21.452 INFO  c.k.katalon.core.main.TestCaseExecutor   - --------------------
2026-05-26 22:35:21.452 INFO  c.k.katalon.core.main.TestCaseExecutor   - START Test Cases/TaskActions/Uploads/Upload_File_From_Govdrive
2026-05-26 22:35:22.453 DEBUG testcase.Upload_File_From_Govdrive       - 1: driver = getWebDriver()
2026-05-26 22:35:22.462 DEBUG testcase.Upload_File_From_Govdrive       - 2: switchToDefaultContent()
2026-05-26 22:35:22.540 DEBUG testcase.Upload_File_From_Govdrive       - 3: waitForPageLoad(30)
2026-05-26 22:35:22.572 DEBUG testcase.Upload_File_From_Govdrive       - 4: println("Starting upload flow")
Starting upload flow
2026-05-26 22:35:22.584 DEBUG testcase.Upload_File_From_Govdrive       - 5: waitForElementVisible(findTestObject("Page_Work Order  View- Workforce Manager/a_dLabel"), 30)
2026-05-26 22:35:25.620 DEBUG testcase.Upload_File_From_Govdrive       - 6: waitForElementClickable(findTestObject("Page_Work Order  View- Workforce Manager/a_dLabel"), 30)
2026-05-26 22:35:27.075 DEBUG testcase.Upload_File_From_Govdrive       - 7: click(findTestObject("Page_Work Order  View- Workforce Manager/a_dLabel"))
2026-05-26 22:35:27.998 DEBUG testcase.Upload_File_From_Govdrive       - 8: println("Upload menu opened")
Upload menu opened
2026-05-26 22:35:28.002 DEBUG testcase.Upload_File_From_Govdrive       - 9: waitForElementVisible(findTestObject("Page_Work Order  View- Workforce Manager/a_cde-upload"), 30)
2026-05-26 22:35:28.594 DEBUG testcase.Upload_File_From_Govdrive       - 10: waitForElementClickable(findTestObject("Page_Work Order  View- Workforce Manager/a_cde-upload"), 30)
2026-05-26 22:35:29.045 DEBUG testcase.Upload_File_From_Govdrive       - 11: try
2026-05-26 22:35:29.050 DEBUG testcase.Upload_File_From_Govdrive       - 1: click(findTestObject("Page_Work Order  View- Workforce Manager/a_cde-upload"))
2026-05-26 22:35:29.793 DEBUG testcase.Upload_File_From_Govdrive       - 14: println("GovDrive selected")
GovDrive selected
2026-05-26 22:35:29.796 DEBUG testcase.Upload_File_From_Govdrive       - 15: switchToDefaultContent()
2026-05-26 22:35:29.824 DEBUG testcase.Upload_File_From_Govdrive       - 16: waitForElementVisible(findTestObject("Page_Work Order  View- Workforce Manager/iframe_cde-widget"), 30)
2026-05-26 22:35:30.326 DEBUG testcase.Upload_File_From_Govdrive       - 17: switched = false
2026-05-26 22:35:30.333 DEBUG testcase.Upload_File_From_Govdrive       - 18: for ([i = 0, i < 3, (i++)])
2026-05-26 22:35:30.335 DEBUG testcase.Upload_File_From_Govdrive       - 1: try
2026-05-26 22:35:30.341 DEBUG testcase.Upload_File_From_Govdrive       - 1: switchToFrame(findTestObject("Page_Work Order  View- Workforce Manager/iframe_cde-widget"), 10)
2026-05-26 22:35:32.922 DEBUG testcase.Upload_File_From_Govdrive       - 2: switched = true
2026-05-26 22:35:32.929 DEBUG testcase.Upload_File_From_Govdrive       - 3: break
2026-05-26 22:35:32.933 DEBUG testcase.Upload_File_From_Govdrive       - 19: if (!(switched))
2026-05-26 22:35:32.937 DEBUG testcase.Upload_File_From_Govdrive       - 20: println("Inside iframe")
Inside iframe
2026-05-26 22:35:32.945 DEBUG testcase.Upload_File_From_Govdrive       - 21: delay(5)
2026-05-26 22:35:37.960 DEBUG testcase.Upload_File_From_Govdrive       - 22: println("Waiting for files to appear...")
Waiting for files to appear...
2026-05-26 22:35:37.966 DEBUG testcase.Upload_File_From_Govdrive       - 23: found = false
2026-05-26 22:35:37.966 DEBUG testcase.Upload_File_From_Govdrive       - 24: checkbox = null
2026-05-26 22:35:37.974 DEBUG testcase.Upload_File_From_Govdrive       - 25: for ([i = 0, i < 20, (i++)])
2026-05-26 22:35:37.974 DEBUG testcase.Upload_File_From_Govdrive       - 1: checkboxes = driver.findElements(By.xpath("//input[@type='checkbox'] | //*[@role='checkbox']"))
2026-05-26 22:35:38.065 DEBUG testcase.Upload_File_From_Govdrive       - 2: println("Checkbox count = " + checkboxes.size())
Checkbox count = 8
2026-05-26 22:35:38.072 DEBUG testcase.Upload_File_From_Govdrive       - 3: if (!(checkboxes.isEmpty()))
2026-05-26 22:35:38.074 DEBUG testcase.Upload_File_From_Govdrive       - 1: checkbox = checkboxes[0]
2026-05-26 22:35:38.099 DEBUG testcase.Upload_File_From_Govdrive       - 2: driver.executeScript("arguments[0].scrollIntoView(true)", checkbox)
2026-05-26 22:35:38.147 DEBUG testcase.Upload_File_From_Govdrive       - 3: delay(1)
2026-05-26 22:35:39.166 DEBUG testcase.Upload_File_From_Govdrive       - 4: driver.executeScript("arguments[0].click();", checkbox)
2026-05-26 22:35:39.307 DEBUG testcase.Upload_File_From_Govdrive       - 5: found = true
2026-05-26 22:35:39.315 DEBUG testcase.Upload_File_From_Govdrive       - 6: println("File selected")
File selected
2026-05-26 22:35:39.325 DEBUG testcase.Upload_File_From_Govdrive       - 7: break
2026-05-26 22:35:39.334 DEBUG testcase.Upload_File_From_Govdrive       - 26: if (!(found))
2026-05-26 22:35:39.345 DEBUG testcase.Upload_File_From_Govdrive       - 27: delay(3)
2026-05-26 22:35:42.372 DEBUG testcase.Upload_File_From_Govdrive       - 28: insertBtn = null
2026-05-26 22:35:42.372 DEBUG testcase.Upload_File_From_Govdrive       - 29: for ([i = 0, i < 15, (i++)])
2026-05-26 22:35:42.372 DEBUG testcase.Upload_File_From_Govdrive       - 1: try
2026-05-26 22:35:42.380 DEBUG testcase.Upload_File_From_Govdrive       - 1: insertBtn = driver.findElement(By.xpath("//button[normalize-space()='Insert']"))
2026-05-26 22:35:42.464 DEBUG testcase.Upload_File_From_Govdrive       - 2: visible = insertBtn.isDisplayed()
2026-05-26 22:35:42.523 DEBUG testcase.Upload_File_From_Govdrive       - 3: enabled = insertBtn.isEnabled()
2026-05-26 22:35:42.556 DEBUG testcase.Upload_File_From_Govdrive       - 4: disabled = insertBtn.getAttribute("disabled")
2026-05-26 22:35:42.605 DEBUG testcase.Upload_File_From_Govdrive       - 5: if (visible && enabled && disabled == null)
2026-05-26 22:35:42.605 DEBUG testcase.Upload_File_From_Govdrive       - 1: break
2026-05-26 22:35:42.614 DEBUG testcase.Upload_File_From_Govdrive       - 30: if (insertBtn == null)
2026-05-26 22:35:42.614 DEBUG testcase.Upload_File_From_Govdrive       - 31: driver.executeScript("\narguments[0].scrollIntoView({\nblock:'center'\n});\n", insertBtn)
2026-05-26 22:35:42.655 DEBUG testcase.Upload_File_From_Govdrive       - 32: delay(1)
2026-05-26 22:35:43.665 DEBUG testcase.Upload_File_From_Govdrive       - 33: driver.executeScript("arguments[0].click();", insertBtn)
2026-05-26 22:35:43.723 DEBUG testcase.Upload_File_From_Govdrive       - 34: println("Insert clicked")
Insert clicked
2026-05-26 22:35:43.730 DEBUG testcase.Upload_File_From_Govdrive       - 35: switchToDefaultContent()
2026-05-26 22:35:43.750 DEBUG testcase.Upload_File_From_Govdrive       - 36: try
2026-05-26 22:35:43.755 DEBUG testcase.Upload_File_From_Govdrive       - 1: delay(3)
2026-05-26 22:35:46.773 DEBUG testcase.Upload_File_From_Govdrive       - 2: okButton = driver.findElement(By.xpath("//button[normalize-space()='OK'] | //a[normalize-space()='OK']"))
2026-05-26 22:35:50.609 DEBUG testcase.Upload_File_From_Govdrive       - 3: driver.executeScript("arguments[0].click();", okButton)
2026-05-26 22:35:50.737 DEBUG testcase.Upload_File_From_Govdrive       - 4: println("Success popup closed")
Success popup closed
2026-05-26 22:35:50.746 DEBUG testcase.Upload_File_From_Govdrive       - 39: switchToDefaultContent()
2026-05-26 22:35:50.777 DEBUG testcase.Upload_File_From_Govdrive       - 40: println("Upload completed")
Upload completed
2026-05-26 22:35:50.789 INFO  c.k.katalon.core.main.TestCaseExecutor   - END Test Cases/TaskActions/Uploads/Upload_File_From_Govdrive
2026-05-26 22:35:50.794 INFO  c.k.katalon.core.main.TestCaseExecutor   - --------------------
2026-05-26 22:35:50.794 INFO  c.k.katalon.core.main.TestCaseExecutor   - START Test Cases/TaskActions/Uploads/Upload_file_Without_Classification
2026-05-26 22:35:51.467 DEBUG t.Upload_file_Without_Classification     - 1: taskName = "TEST AUTOMATION"
2026-05-26 22:35:51.471 DEBUG t.Upload_file_Without_Classification     - 2: uploadFile = getProjectDir() + "/Include/test-files/TASK CYCLE.pdf"
2026-05-26 22:35:51.476 DEBUG t.Upload_file_Without_Classification     - 3: waitForPageLoad(20)
2026-05-26 22:35:51.504 DEBUG t.Upload_file_Without_Classification     - 4: switchToDefaultContent()
2026-05-26 22:35:51.539 DEBUG t.Upload_file_Without_Classification     - 5: println("Looking for task: " + taskName)
Looking for task: TEST AUTOMATION
2026-05-26 22:35:51.545 DEBUG t.Upload_file_Without_Classification     - 6: task = new com.kms.katalon.core.testobject.TestObject()
2026-05-26 22:35:51.550 DEBUG t.Upload_file_Without_Classification     - 7: task.addProperty("xpath", EQUALS, "//p[contains(normalize-space(.),'" + taskName + "')]")
2026-05-26 22:35:51.564 DEBUG t.Upload_file_Without_Classification     - 8: taskExists = waitForElementPresent(task, 20, OPTIONAL)
2026-05-26 22:35:52.438 DEBUG t.Upload_file_Without_Classification     - 9: println("Task exists = " + taskExists)
Task exists = true
2026-05-26 22:35:52.445 DEBUG t.Upload_file_Without_Classification     - 10: if (!(taskExists))
2026-05-26 22:35:52.456 DEBUG t.Upload_file_Without_Classification     - 11: assert taskExists
2026-05-26 22:35:52.464 DEBUG t.Upload_file_Without_Classification     - 12: scrollToElement(task, 10)
2026-05-26 22:35:52.822 DEBUG t.Upload_file_Without_Classification     - 13: enhancedClick(task)
2026-05-26 22:35:53.840 ERROR c.k.k.c.w.k.b.EnhancedClickKeyword       - ❌ element not interactable: [object HTMLParagraphElement] has no size and location\n  (Session info: chrome=148.0.7778.179)\nBuild info: version: '4.39.0', revision: '126f156aee'\nSystem info: os.name: 'Windows 11', os.arch: 'amd64', os.version: '10.0', java.version: '21.0.9'\nDriver info: com.kms.katalon.selenium.driver.CChromeDriver\nCommand: [feee1791966b3f5b5643eea19541f7fb, actions {actions=[org.openqa.selenium.interactions.Sequence@4228a2f6]}]\nCapabilities {acceptInsecureCerts: false, browserName: chrome, browserVersion: 148.0.7778.179, chrome: {chromedriverVersion: 148.0.7778.167 (65db666ac2c..., userDataDir: C:\Users\CROWN-~1\AppData\L...}, fedcm:accounts: true, goog:chromeOptions: {debuggerAddress: localhost:58016}, goog:processID: 40652, networkConnectionEnabled: false, pageLoadStrategy: normal, platformName: windows, proxy: Proxy(), se:cdp: ws://localhost:58016/devtoo..., se:cdpVersion: 148.0.7778.179, setWindowRect: true, strictFileInteractability: false, timeouts: {implicit: 0, pageLoad: 300000, script: 30000}, unhandledPromptBehavior: {alert: ignore, beforeUnload: ignore, confirm: ignore, default: ignore, file: ignore, prompt: ignore}, webSocketUrl: ws://localhost:3604/session..., webauthn:extension:credBlob: true, webauthn:extension:largeBlob: true, webauthn:extension:minPinLength: true, webauthn:extension:prf: true, webauthn:virtualAuthenticators: true}\nSession ID: feee1791966b3f5b5643eea19541f7fb
2026-05-26 22:36:04.577 DEBUG t.Upload_file_Without_Classification     - 14: waitForPageLoad(20)
2026-05-26 22:36:04.624 DEBUG t.Upload_file_Without_Classification     - 15: uploadBtn = findTestObject("Page_Work Order  View- Workforce Manager/Page_Work Order  View- Workforce Manager/a_dLabel")
2026-05-26 22:36:04.656 DEBUG t.Upload_file_Without_Classification     - 16: waitForElementClickable(uploadBtn, 20)
2026-05-26 22:36:05.283 DEBUG t.Upload_file_Without_Classification     - 17: enhancedClick(uploadBtn)
2026-05-26 22:36:06.122 DEBUG t.Upload_file_Without_Classification     - 18: println("Upload modal opened")
Upload modal opened
2026-05-26 22:36:06.153 DEBUG t.Upload_file_Without_Classification     - 19: assert Files.exists(Paths.get(uploadFile))
2026-05-26 22:36:06.239 DEBUG t.Upload_file_Without_Classification     - 20: println("Uploading -> " + uploadFile)
Uploading -> C:/Users/CROWN-STAFF/git/convergence-qa-tests/Include/test-files/TASK CYCLE.pdf
2026-05-26 22:36:06.250 DEBUG t.Upload_file_Without_Classification     - 21: fileInput = new com.kms.katalon.core.testobject.TestObject()
2026-05-26 22:36:06.265 DEBUG t.Upload_file_Without_Classification     - 22: fileInput.addProperty("xpath", EQUALS, "//*[@id='file_upload']")
2026-05-26 22:36:06.273 DEBUG t.Upload_file_Without_Classification     - 23: waitForElementPresent(fileInput, 20)
2026-05-26 22:36:06.684 DEBUG t.Upload_file_Without_Classification     - 24: executeJavaScript("\narguments[0].style.display='block';\narguments[0].style.visibility='visible';\narguments[0].removeAttribute('hidden');\narguments[0].removeAttribute('disabled');\n", [findWebElement(fileInput, 20)])
2026-05-26 22:36:07.090 DEBUG t.Upload_file_Without_Classification     - 25: uploadFile(fileInput, uploadFile)
2026-05-26 22:36:07.531 WARN  c.k.k.c.w.k.builtin.UploadFileKeyword    - Cannot clear the existing file path in the input element. Continue to upload file.
2026-05-26 22:36:07.662 DEBUG t.Upload_file_Without_Classification     - 26: println("File injected successfully")
File injected successfully
2026-05-26 22:36:07.668 DEBUG t.Upload_file_Without_Classification     - 27: delay(8)
2026-05-26 22:36:15.680 DEBUG t.Upload_file_Without_Classification     - 28: noButton = new com.kms.katalon.core.testobject.TestObject()
2026-05-26 22:36:15.685 DEBUG t.Upload_file_Without_Classification     - 29: noButton.addProperty("xpath", EQUALS, "//button[normalize-space()='No']")
2026-05-26 22:36:15.694 DEBUG t.Upload_file_Without_Classification     - 30: modalPresent = waitForElementPresent(noButton, 10, OPTIONAL)
2026-05-26 22:36:16.051 DEBUG t.Upload_file_Without_Classification     - 31: if (modalPresent)
2026-05-26 22:36:16.053 DEBUG t.Upload_file_Without_Classification     - 1: waitForElementClickable(noButton, 10)
2026-05-26 22:36:16.471 DEBUG t.Upload_file_Without_Classification     - 2: enhancedClick(noButton)
2026-05-26 22:36:17.471 DEBUG t.Upload_file_Without_Classification     - 3: println("Clicked NO")
Clicked NO
2026-05-26 22:36:17.500 DEBUG t.Upload_file_Without_Classification     - 32: println("Upload completed")
Upload completed
2026-05-26 22:36:17.520 INFO  c.k.katalon.core.main.TestCaseExecutor   - END Test Cases/TaskActions/Uploads/Upload_file_Without_Classification
2026-05-26 22:36:17.550 INFO  c.k.katalon.core.main.TestCaseExecutor   - --------------------
2026-05-26 22:36:17.552 INFO  c.k.katalon.core.main.TestCaseExecutor   - START Test Cases/TaskActions/Table_Actions/Esign
2026-05-26 22:36:20.617 DEBUG testcase.Esign                           - 1: driver = getWebDriver()
2026-05-26 22:36:20.627 DEBUG testcase.Esign                           - 2: wait = new org.openqa.selenium.support.ui.WebDriverWait(driver, java.time.Duration.ofSeconds(30))
2026-05-26 22:36:20.646 DEBUG testcase.Esign                           - 3: println("===== START ESIGN =====")
===== START ESIGN =====
2026-05-26 22:36:20.667 DEBUG testcase.Esign                           - 4: waitForPageLoad(30)
2026-05-26 22:36:20.714 DEBUG testcase.Esign                           - 5: click(findTestObject("Page_Work Order  View- Workforce Manager/svg_svg"))
2026-05-26 22:36:33.412 WARN  c.k.k.c.w.keyword.builtin.ClickKeyword   - Waiting for element timed out
2026-05-26 22:36:33.734 DEBUG testcase.Esign                           - 6: println("eSign modal opened")
eSign modal opened
2026-05-26 22:36:33.745 DEBUG testcase.Esign                           - 7: iframe = new com.kms.katalon.core.testobject.TestObject()
2026-05-26 22:36:33.750 DEBUG testcase.Esign                           - 8: iframe.addProperty("xpath", EQUALS, "//iframe[contains(@id,'esign')]")
2026-05-26 22:36:33.756 DEBUG testcase.Esign                           - 9: waitForElementPresent(iframe, 60)
2026-05-26 22:36:34.375 DEBUG testcase.Esign                           - 10: switchToFrame(iframe, 20)
2026-05-26 22:36:35.452 DEBUG testcase.Esign                           - 11: println("Inside iframe")
Inside iframe
2026-05-26 22:36:35.459 DEBUG testcase.Esign                           - 12: signTool = wait.until(ExpectedConditions.elementToBeClickable(By.xpath("//*[normalize-space()='Signature']")))
2026-05-26 22:36:39.082 DEBUG testcase.Esign                           - 13: driver.executeScript("arguments[0].click();", signTool)
2026-05-26 22:36:39.124 DEBUG testcase.Esign                           - 14: println("Signature selected")
Signature selected
2026-05-26 22:36:39.127 DEBUG testcase.Esign                           - 15: page = wait.until(ExpectedConditions.visibilityOfElementLocated(By.xpath("//*[contains(@id,'page-')]")))
2026-05-26 22:36:44.677 DEBUG testcase.Esign                           - 16: println("PDF located")
PDF located
2026-05-26 22:36:44.688 DEBUG testcase.Esign                           - 17: driver.executeScript("\nvar rect=arguments[0].getBoundingClientRect();\n\nvar x=rect.left+(rect.width/2);\nvar y=rect.top+250;\n\nvar el=document.elementFromPoint(x,y);\n\nif(el){\nel.dispatchEvent(\nnew MouseEvent(\n'click',\n{\nbubbles:true,\nclientX:x,\nclientY:y\n}\n)\n);\n}\n", page)
2026-05-26 22:36:44.773 DEBUG testcase.Esign                           - 18: println("Signature dropped")
Signature dropped
2026-05-26 22:36:44.777 DEBUG testcase.Esign                           - 19: Thread.sleep(2000)
2026-05-26 22:36:46.809 DEBUG testcase.Esign                           - 20: try
2026-05-26 22:36:46.811 DEBUG testcase.Esign                           - 1: okSign = wait.until(ExpectedConditions.elementToBeClickable(By.xpath("//button[normalize-space()='OK']")))
2026-05-26 22:37:17.291 DEBUG testcase.Esign                           - 21: catch (Exception e)
2026-05-26 22:37:17.299 DEBUG testcase.Esign                           - 1: println("No signature OK popup")
No signature OK popup
2026-05-26 22:37:17.308 DEBUG testcase.Esign                           - 23: previewBtn = wait.until(ExpectedConditions.elementToBeClickable(By.xpath("//button[contains(.,'Preview')]")))
2026-05-26 22:37:17.447 DEBUG testcase.Esign                           - 24: driver.executeScript("arguments[0].click();", previewBtn)
2026-05-26 22:37:17.525 DEBUG testcase.Esign                           - 25: println("Preview clicked")
Preview clicked
2026-05-26 22:37:17.531 DEBUG testcase.Esign                           - 26: wait.until(ExpectedConditions.textToBePresentInElementLocated(By.xpath("//button[contains(.,'Preview') or contains(.,'Save')]"), "Save"))
2026-05-26 22:37:17.783 DEBUG testcase.Esign                           - 27: saveBtn = wait.until(ExpectedConditions.elementToBeClickable(By.xpath("//button[contains(.,'Save')]")))
2026-05-26 22:37:17.950 DEBUG testcase.Esign                           - 28: Thread.sleep(1000)
2026-05-26 22:37:18.965 DEBUG testcase.Esign                           - 29: driver.executeScript("arguments[0].click();", saveBtn)
2026-05-26 22:37:19.024 DEBUG testcase.Esign                           - 30: println("Save clicked")
Save clicked
2026-05-26 22:37:19.029 DEBUG testcase.Esign                           - 31: switchToDefaultContent()
2026-05-26 22:37:19.061 DEBUG testcase.Esign                           - 32: println("Back to main page")
Back to main page
2026-05-26 22:37:19.062 DEBUG testcase.Esign                           - 33: okModalClosed = false
2026-05-26 22:37:19.062 DEBUG testcase.Esign                           - 34: try
2026-05-26 22:37:19.074 DEBUG testcase.Esign                           - 1: okBtn = new com.kms.katalon.core.testobject.TestObject()
2026-05-26 22:37:19.078 DEBUG testcase.Esign                           - 2: okBtn.addProperty("xpath", EQUALS, "//button[normalize-space()='OK']")
2026-05-26 22:37:19.080 DEBUG testcase.Esign                           - 3: if (waitForElementVisible(okBtn, 10, OPTIONAL))
2026-05-26 22:37:25.220 DEBUG testcase.Esign                           - 1: click(okBtn)
2026-05-26 22:37:25.958 DEBUG testcase.Esign                           - 2: okModalClosed = true
2026-05-26 22:37:25.975 DEBUG testcase.Esign                           - 3: println("Success modal closed")
Success modal closed
2026-05-26 22:37:25.982 DEBUG testcase.Esign                           - 37: if (!(okModalClosed))
2026-05-26 22:37:25.997 DEBUG testcase.Esign                           - 38: modal = new com.kms.katalon.core.testobject.TestObject()
2026-05-26 22:37:26.007 DEBUG testcase.Esign                           - 39: modal.addProperty("xpath", EQUALS, "//*[contains(@class,'modal')]")
2026-05-26 22:37:26.007 DEBUG testcase.Esign                           - 40: waitForElementNotPresent(modal, 20, OPTIONAL)
2026-05-26 22:37:46.254 WARN  .c.w.k.b.WaitForElementNotPresentKeyword - Web element with id: '' located by 'By.xpath: //*[contains(@class,'modal')]' is present after '20' second(s)
2026-05-26 22:37:46.258 DEBUG testcase.Esign                           - 41: println("===== ESIGN SUCCESS =====")
===== ESIGN SUCCESS =====
2026-05-26 22:37:46.267 INFO  c.k.katalon.core.main.TestCaseExecutor   - END Test Cases/TaskActions/Table_Actions/Esign
2026-05-26 22:37:46.280 INFO  c.k.katalon.core.main.TestCaseExecutor   - --------------------
2026-05-26 22:37:46.282 INFO  c.k.katalon.core.main.TestCaseExecutor   - START Test Cases/TaskActions/Comments/TC_Add_Comment
2026-05-26 22:37:46.720 DEBUG testcase.TC_Add_Comment                  - 1: waitForPageLoad(20)
2026-05-26 22:37:46.993 DEBUG testcase.TC_Add_Comment                  - 2: waitForElementPresent(findTestObject("Page_Work Order  Index- Workforce Manager/input_Search"), 20)
2026-05-26 22:38:07.205 WARN  k.k.c.w.k.b.WaitForElementPresentKeyword - Object 'Object Repository/Page_Work Order  Index- Workforce Manager/input_Search' is not present after 20 second(s)
2026-05-26 22:38:07.215 DEBUG testcase.TC_Add_Comment                  - 3: waitForPageLoad(20)
2026-05-26 22:38:07.257 DEBUG testcase.TC_Add_Comment                  - 4: waitForElementPresent(findTestObject("Page_Work Order  Index- Workforce Manager/input_Search"), 20)
2026-05-26 22:38:27.394 WARN  k.k.c.w.k.b.WaitForElementPresentKeyword - Object 'Object Repository/Page_Work Order  Index- Workforce Manager/input_Search' is not present after 20 second(s)
2026-05-26 22:38:27.394 DEBUG testcase.TC_Add_Comment                  - 5: click(findTestObject("Page_Work Order  View- Workforce Manager/div_Hi there, For line manager escalation or app"))
2026-05-26 22:38:28.015 DEBUG testcase.TC_Add_Comment                  - 6: click(findTestObject("Page_Work Order  View- Workforce Manager/button_assign-modal-close-btn_1"))
2026-05-26 22:38:28.787 DEBUG testcase.TC_Add_Comment                  - 7: click(findTestObject("Page_Work Order  View- Workforce Manager/a_Add Comment"))
2026-05-26 22:38:29.923 DEBUG testcase.TC_Add_Comment                  - 8: setText(findTestObject("Page_Work Order  View- Workforce Manager/textarea_To mention a user or role, type  in fr"), "@chubby")
2026-05-26 22:38:31.515 DEBUG testcase.TC_Add_Comment                  - 9: click(findTestObject("Page_Work Order  View- Workforce Manager/a_Chubby Chubbystandard user"))
2026-05-26 22:38:33.628 DEBUG testcase.TC_Add_Comment                  - 10: setText(findTestObject("Page_Work Order  View- Workforce Manager/textarea_To mention a user or role, type  in fr"), "[~Chubby Chubby] ")
2026-05-26 22:38:34.919 DEBUG testcase.TC_Add_Comment                  - 11: setText(findTestObject("Page_Work Order  View- Workforce Manager/textarea_To mention a user or role, type  in fr"), "[~Chubby Chubby] Smoke test comment Automation ")
2026-05-26 22:38:36.607 DEBUG testcase.TC_Add_Comment                  - 12: click(findTestObject("Page_Work Order  View- Workforce Manager/a_save_comment"))
2026-05-26 22:38:37.738 DEBUG testcase.TC_Add_Comment                  - 13: waitForElementVisible(findTestObject("Page_Work Order  View- Workforce Manager/div_Comment saved successfully"), 20)
2026-05-26 22:38:58.364 WARN  k.k.c.w.k.b.WaitForElementVisibleKeyword - Object 'Object Repository/Page_Work Order  View- Workforce Manager/div_Comment saved successfully' is not visible after 20 second(s)
2026-05-26 22:38:58.379 DEBUG testcase.TC_Add_Comment                  - 14: delay(2)
2026-05-26 22:39:00.410 DEBUG testcase.TC_Add_Comment                  - 15: waitForElementClickable(findTestObject("Page_Work Order  View- Workforce Manager/button_SaveComment"), 20)
2026-05-26 22:39:07.756 DEBUG testcase.TC_Add_Comment                  - 16: click(findTestObject("Page_Work Order  View- Workforce Manager/button_SaveComment"))
2026-05-26 22:39:08.410 INFO  c.k.katalon.core.main.TestCaseExecutor   - END Test Cases/TaskActions/Comments/TC_Add_Comment
2026-05-26 22:39:08.430 INFO  c.k.katalon.core.main.TestCaseExecutor   - --------------------
2026-05-26 22:39:08.430 INFO  c.k.katalon.core.main.TestCaseExecutor   - START Test Cases/TaskActions/Change_Priority/Priority
2026-05-26 22:39:08.635 DEBUG testcase.Priority                        - 1: waitForPageLoad(20)
2026-05-26 22:39:08.671 DEBUG testcase.Priority                        - 2: waitForElementClickable(findTestObject("Page_Work Order  View- Workforce Manager/i_fa fa-pencil text-interact-blue"), 20)
2026-05-26 22:39:09.191 DEBUG testcase.Priority                        - 3: click(findTestObject("Page_Work Order  View- Workforce Manager/i_fa fa-pencil text-interact-blue"))
2026-05-26 22:39:10.186 DEBUG testcase.Priority                        - 4: waitForElementClickable(findTestObject("Page_Work Order  View- Workforce Manager/small_High"), 20)
2026-05-26 22:39:10.760 DEBUG testcase.Priority                        - 5: click(findTestObject("Page_Work Order  View- Workforce Manager/small_High"))
2026-05-26 22:39:16.037 DEBUG testcase.Priority                        - 6: click(findTestObject("Page_Work Order  View- Workforce Manager/div_Successful"))
2026-05-26 22:39:18.016 DEBUG testcase.Priority                        - 7: click(findTestObject("Page_Work Order  View- Workforce Manager/button_OK"))
2026-05-26 22:39:18.767 INFO  c.k.katalon.core.main.TestCaseExecutor   - END Test Cases/TaskActions/Change_Priority/Priority
2026-05-26 22:39:18.778 INFO  c.k.katalon.core.main.TestCaseExecutor   - --------------------
2026-05-26 22:39:18.779 INFO  c.k.katalon.core.main.TestCaseExecutor   - START Test Cases/TaskActions/Table_Actions/Download_File
2026-05-26 22:39:19.152 DEBUG testcase.Download_File                   - 1: waitForPageLoad(20)
2026-05-26 22:39:19.320 DEBUG testcase.Download_File                   - 2: waitForElementPresent(findTestObject("Page_Work Order  Index- Workforce Manager/input_Search"), 20)
2026-05-26 22:39:39.455 WARN  k.k.c.w.k.b.WaitForElementPresentKeyword - Object 'Object Repository/Page_Work Order  Index- Workforce Manager/input_Search' is not present after 20 second(s)
2026-05-26 22:39:39.458 DEBUG testcase.Download_File                   - 3: click(findTestObject("Page_Work Order  View- Workforce Manager/btn_Download"))
2026-05-26 22:39:40.629 INFO  c.k.katalon.core.main.TestCaseExecutor   - END Test Cases/TaskActions/Table_Actions/Download_File
2026-05-26 22:39:40.643 INFO  c.k.katalon.core.main.TestCaseExecutor   - --------------------
2026-05-26 22:39:40.643 INFO  c.k.katalon.core.main.TestCaseExecutor   - START Test Cases/TaskActions/Table_Actions/View_File
2026-05-26 22:39:40.916 DEBUG testcase.View_File                       - 1: waitForPageLoad(20)
2026-05-26 22:39:40.949 DEBUG testcase.View_File                       - 2: waitForElementPresent(findTestObject("Page_Work Order  Index- Workforce Manager/input_Search"), 20)
2026-05-26 22:40:01.293 WARN  k.k.c.w.k.b.WaitForElementPresentKeyword - Object 'Object Repository/Page_Work Order  Index- Workforce Manager/input_Search' is not present after 20 second(s)
2026-05-26 22:40:01.295 DEBUG testcase.View_File                       - 3: click(findTestObject("Page_Work Order  View- Workforce Manager/btn_View"))
2026-05-26 22:40:02.499 DEBUG testcase.View_File                       - 4: println("Viewer opened")
Viewer opened
2026-05-26 22:40:02.505 DEBUG testcase.View_File                       - 5: delay(5)
2026-05-26 22:40:07.529 DEBUG testcase.View_File                       - 6: waitForElementVisible(findTestObject("Page_Work Order  View- Workforce Manager/i_fa fa-chevron-right_1"), 20)
2026-05-26 22:40:08.003 DEBUG testcase.View_File                       - 7: click(findTestObject("Page_Work Order  View- Workforce Manager/i_fa fa-chevron-right_1"))
2026-05-26 22:40:08.753 DEBUG testcase.View_File                       - 8: println("Viewer closed")
Viewer closed
2026-05-26 22:40:08.769 INFO  c.k.katalon.core.main.TestCaseExecutor   - END Test Cases/TaskActions/Table_Actions/View_File
2026-05-26 22:40:10.684 INFO  c.k.katalon.core.main.TestSuiteExecutor  - --------------------
2026-05-26 22:40:10.685 INFO  c.k.katalon.core.main.TestSuiteExecutor  - END Test Suites/Survey_suite_model
2026-05-26 22:40:10.685 INFO  c.k.katalon.core.main.TestSuiteExecutor  - ====================
