2026-05-18 19:46:44.822 INFO  c.k.k.c.l.logback.LogbackConfigurator    - Logback default configuration initialized from: C:\Users\CROWN-STAFF\.katalon\packages\KS-11.1.3\configuration\org.eclipse.osgi\150\0\.cp\resources\logback\logback-execution.xml
2026-05-18 19:46:44.829 INFO  c.k.k.c.l.logback.LogbackConfigurator    - Logback custom configuration initialized from: C:\Users\CROWN-STAFF\git\convergence-qa-tests\Include\config\log.properties
2026-05-18 19:46:46.457 INFO  c.k.katalon.core.main.TestSuiteExecutor  - START Test Suites/Survey_suite_model
2026-05-18 19:46:46.575 INFO  c.k.katalon.core.main.TestSuiteExecutor  - userFullName = Chinwuba Okafor
2026-05-18 19:46:46.577 INFO  c.k.katalon.core.main.TestSuiteExecutor  - projectName = convergence-qa-tests
2026-05-18 19:46:46.578 INFO  c.k.katalon.core.main.TestSuiteExecutor  - hostName = CROWN-STAFF - DESKTOP-4SI0S1N
2026-05-18 19:46:46.579 INFO  c.k.katalon.core.main.TestSuiteExecutor  - os = Windows 11 64bit
2026-05-18 19:46:46.580 INFO  c.k.katalon.core.main.TestSuiteExecutor  - hostAddress = 192.168.100.9
2026-05-18 19:46:46.582 INFO  c.k.katalon.core.main.TestSuiteExecutor  - katalonVersion = 11.1.3.0
2026-05-18 19:46:46.756 INFO  c.k.katalon.core.main.TestCaseExecutor   - --------------------
2026-05-18 19:46:46.757 INFO  c.k.katalon.core.main.TestCaseExecutor   - START Test Cases/Login/Login with Invalid Credentials_Wrong Password
2026-05-18 19:46:47.356 DEBUG  with Invalid Credentials_Wrong Password - 1: openBrowser("")
2026-05-18 19:46:47.810 INFO  c.k.k.core.webui.driver.DriverFactory    - Starting 'Chrome' driver
2026-05-18 19:46:47.886 INFO  c.k.k.core.webui.driver.DriverFactory    - Action delay is set to 0 milliseconds
2026-05-18 19:46:52.925 INFO  c.k.k.core.webui.driver.DriverFactory    - sessionId = 665260095d1ab89b8b730a12c11335ef
2026-05-18 19:46:52.930 INFO  c.k.k.core.webui.driver.DriverFactory    - browser = Chrome 148.0.7778.168
2026-05-18 19:46:52.932 INFO  c.k.k.core.webui.driver.DriverFactory    - platform = Windows 11
2026-05-18 19:46:52.936 INFO  c.k.k.core.webui.driver.DriverFactory    - seleniumVersion = 4.39.0
2026-05-18 19:46:52.976 INFO  c.k.k.core.webui.driver.DriverFactory    - proxyInformation = ProxyInformation { proxyOption=NO_PROXY, proxyServerType=HTTP, username=, password=********, proxyServerAddress=, proxyServerPort=0, executionList="", isApplyToDesiredCapabilities=true }
2026-05-18 19:46:53.177 DEBUG  with Invalid Credentials_Wrong Password - 2: navigateToUrl("https://convergenceondemand.com/login")
2026-05-18 19:46:54.011 DEBUG  with Invalid Credentials_Wrong Password - 3: openBrowser("")
2026-05-18 19:46:54.025 WARN  c.k.k.core.webui.driver.DriverFactory    - A browser is already opened. Closing browser and opening a new one
2026-05-18 19:46:54.269 INFO  c.k.k.core.webui.driver.DriverFactory    - Starting 'Chrome' driver
2026-05-18 19:46:54.276 INFO  c.k.k.core.webui.driver.DriverFactory    - Action delay is set to 0 milliseconds
2026-05-18 19:46:55.870 INFO  c.k.k.core.webui.driver.DriverFactory    - sessionId = 591d28ed2e9035400d171d0c184e6dfe
2026-05-18 19:46:55.874 INFO  c.k.k.core.webui.driver.DriverFactory    - browser = Chrome 148.0.7778.168
2026-05-18 19:46:55.876 INFO  c.k.k.core.webui.driver.DriverFactory    - platform = Windows 11
2026-05-18 19:46:55.882 INFO  c.k.k.core.webui.driver.DriverFactory    - seleniumVersion = 4.39.0
2026-05-18 19:46:55.887 INFO  c.k.k.core.webui.driver.DriverFactory    - proxyInformation = ProxyInformation { proxyOption=NO_PROXY, proxyServerType=HTTP, username=, password=********, proxyServerAddress=, proxyServerPort=0, executionList="", isApplyToDesiredCapabilities=true }
2026-05-18 19:46:55.976 DEBUG  with Invalid Credentials_Wrong Password - 4: navigateToUrl("https://convergenceondemand.com/login")
2026-05-18 19:46:56.207 DEBUG  with Invalid Credentials_Wrong Password - 5: setText(findTestObject("Page_1Government Login/input_Enter your MDA"), "govtest")
2026-05-18 19:46:58.301 DEBUG  with Invalid Credentials_Wrong Password - 6: setText(findTestObject("Page_1Government Login/input_Enter Email"), "apisupport@cicod.com")
2026-05-18 19:46:59.542 DEBUG  with Invalid Credentials_Wrong Password - 7: setEncryptedText(findTestObject("Page_1Government Login/input_Enter password"), "4nvbrPglk7k=")
2026-05-18 19:47:00.293 DEBUG  with Invalid Credentials_Wrong Password - 8: click(findTestObject("Page_1Government Login/button_Login"))
2026-05-18 19:47:01.016 INFO  c.k.katalon.core.main.TestCaseExecutor   - END Test Cases/Login/Login with Invalid Credentials_Wrong Password
2026-05-18 19:47:01.038 INFO  c.k.katalon.core.main.TestCaseExecutor   - --------------------
2026-05-18 19:47:01.039 INFO  c.k.katalon.core.main.TestCaseExecutor   - START Test Cases/Login/Login With Valid Credentials
2026-05-18 19:47:01.321 DEBUG testcase.Login With Valid Credentials    - 1: openBrowser("")
2026-05-18 19:47:01.327 WARN  c.k.k.core.webui.driver.DriverFactory    - A browser is already opened. Closing browser and opening a new one
2026-05-18 19:47:01.568 INFO  c.k.k.core.webui.driver.DriverFactory    - Starting 'Chrome' driver
2026-05-18 19:47:01.573 INFO  c.k.k.core.webui.driver.DriverFactory    - Action delay is set to 0 milliseconds
2026-05-18 19:47:02.984 INFO  c.k.k.core.webui.driver.DriverFactory    - sessionId = d227c4a8bb5c8fb761ddd4fbdfd293b2
2026-05-18 19:47:02.987 INFO  c.k.k.core.webui.driver.DriverFactory    - browser = Chrome 148.0.7778.168
2026-05-18 19:47:02.990 INFO  c.k.k.core.webui.driver.DriverFactory    - platform = Windows 11
2026-05-18 19:47:02.992 INFO  c.k.k.core.webui.driver.DriverFactory    - seleniumVersion = 4.39.0
2026-05-18 19:47:03.000 INFO  c.k.k.core.webui.driver.DriverFactory    - proxyInformation = ProxyInformation { proxyOption=NO_PROXY, proxyServerType=HTTP, username=, password=********, proxyServerAddress=, proxyServerPort=0, executionList="", isApplyToDesiredCapabilities=true }
2026-05-18 19:47:03.074 DEBUG testcase.Login With Valid Credentials    - 2: navigateToUrl("https://convergenceondemand.com/login")
2026-05-18 19:47:03.892 DEBUG testcase.Login With Valid Credentials    - 3: openBrowser("")
2026-05-18 19:47:03.901 WARN  c.k.k.core.webui.driver.DriverFactory    - A browser is already opened. Closing browser and opening a new one
2026-05-18 19:47:04.122 INFO  c.k.k.core.webui.driver.DriverFactory    - Starting 'Chrome' driver
2026-05-18 19:47:04.128 INFO  c.k.k.core.webui.driver.DriverFactory    - Action delay is set to 0 milliseconds
2026-05-18 19:47:05.500 INFO  c.k.k.core.webui.driver.DriverFactory    - sessionId = e86ac361c155c346b36c6a2aebedd7fd
2026-05-18 19:47:05.502 INFO  c.k.k.core.webui.driver.DriverFactory    - browser = Chrome 148.0.7778.168
2026-05-18 19:47:05.503 INFO  c.k.k.core.webui.driver.DriverFactory    - platform = Windows 11
2026-05-18 19:47:05.504 INFO  c.k.k.core.webui.driver.DriverFactory    - seleniumVersion = 4.39.0
2026-05-18 19:47:05.506 INFO  c.k.k.core.webui.driver.DriverFactory    - proxyInformation = ProxyInformation { proxyOption=NO_PROXY, proxyServerType=HTTP, username=, password=********, proxyServerAddress=, proxyServerPort=0, executionList="", isApplyToDesiredCapabilities=true }
2026-05-18 19:47:05.554 DEBUG testcase.Login With Valid Credentials    - 4: navigateToUrl("https://convergenceondemand.com/login")
2026-05-18 19:47:06.095 DEBUG testcase.Login With Valid Credentials    - 5: setText(findTestObject("Page_1Government Login/input_Enter your MDA"), "govtest")
2026-05-18 19:47:07.403 DEBUG testcase.Login With Valid Credentials    - 6: setText(findTestObject("Page_1Government Login/input_Enter Email"), "apisupport@cicod.com")
2026-05-18 19:47:08.519 DEBUG testcase.Login With Valid Credentials    - 7: setEncryptedText(findTestObject("Page_1Government Login/input_Enter password"), "9zJdpvfgkgtFa8MQRHGI0w==")
2026-05-18 19:47:09.212 DEBUG testcase.Login With Valid Credentials    - 8: click(findTestObject("Page_1Government Login/button_Login"))
2026-05-18 19:47:09.848 INFO  c.k.katalon.core.main.TestCaseExecutor   - END Test Cases/Login/Login With Valid Credentials
2026-05-18 19:47:10.206 INFO  c.k.katalon.core.main.TestSuiteExecutor  - --------------------
2026-05-18 19:47:10.207 INFO  c.k.katalon.core.main.TestSuiteExecutor  - END Test Suites/Survey_suite_model
2026-05-18 19:47:10.207 INFO  c.k.katalon.core.main.TestSuiteExecutor  - ====================
