2026-05-28 12:05:41.817 INFO  c.k.k.c.l.logback.LogbackConfigurator    - Logback default configuration initialized from: C:\Users\CROWN-STAFF\.katalon\packages\KS-11.1.3\configuration\org.eclipse.osgi\150\0\.cp\resources\logback\logback-execution.xml
2026-05-28 12:05:41.826 INFO  c.k.k.c.l.logback.LogbackConfigurator    - Logback custom configuration initialized from: C:\Users\CROWN-STAFF\git\convergence-qa-tests\Include\config\log.properties
2026-05-28 12:05:43.492 INFO  c.k.katalon.core.main.TestSuiteExecutor  - START Test Suites/Survey_suite_model
2026-05-28 12:05:43.650 INFO  c.k.katalon.core.main.TestSuiteExecutor  - userFullName = Chinwuba Okafor
2026-05-28 12:05:43.651 INFO  c.k.katalon.core.main.TestSuiteExecutor  - projectName = convergence-qa-tests
2026-05-28 12:05:43.653 INFO  c.k.katalon.core.main.TestSuiteExecutor  - hostName = CROWN-STAFF - DESKTOP-4SI0S1N
2026-05-28 12:05:43.655 INFO  c.k.katalon.core.main.TestSuiteExecutor  - os = Windows 11 64bit
2026-05-28 12:05:43.656 INFO  c.k.katalon.core.main.TestSuiteExecutor  - hostAddress = 192.168.100.9
2026-05-28 12:05:43.657 INFO  c.k.katalon.core.main.TestSuiteExecutor  - katalonVersion = 11.1.3.0
2026-05-28 12:05:43.946 INFO  c.k.katalon.core.main.TestCaseExecutor   - --------------------
2026-05-28 12:05:43.947 INFO  c.k.katalon.core.main.TestCaseExecutor   - START Test Cases/Authentication/TC_Login
2026-05-28 12:05:44.713 DEBUG testcase.TC_Login                        - 1: openBrowser("")
2026-05-28 12:05:45.386 INFO  c.k.k.core.webui.driver.DriverFactory    - Starting 'Chrome' driver
2026-05-28 12:05:45.519 INFO  c.k.k.core.webui.driver.DriverFactory    - Action delay is set to 0 milliseconds
2026-05-28 12:05:50.131 INFO  c.k.k.core.webui.driver.DriverFactory    - sessionId = e43099d9a5ed4667c645b535b1e9b03f
2026-05-28 12:05:50.133 INFO  c.k.k.core.webui.driver.DriverFactory    - browser = Chrome 148.0.7778.179
2026-05-28 12:05:50.135 INFO  c.k.k.core.webui.driver.DriverFactory    - platform = Windows 11
2026-05-28 12:05:50.136 INFO  c.k.k.core.webui.driver.DriverFactory    - seleniumVersion = 4.39.0
2026-05-28 12:05:50.167 INFO  c.k.k.core.webui.driver.DriverFactory    - proxyInformation = ProxyInformation { proxyOption=NO_PROXY, proxyServerType=HTTP, username=, password=********, proxyServerAddress=, proxyServerPort=0, executionList="", isApplyToDesiredCapabilities=true }
2026-05-28 12:05:50.262 DEBUG testcase.TC_Login                        - 2: navigateToUrl("https://convergenceondemand.com/login")
2026-05-28 12:05:51.227 DEBUG testcase.TC_Login                        - 3: setText(findTestObject("Page_1Government Login/input_Enter your MDA"), "govtest")
2026-05-28 12:05:52.610 DEBUG testcase.TC_Login                        - 4: setText(findTestObject("Page_1Government Login/input_Enter Email"), "apisupport@cicod.com")
2026-05-28 12:05:53.432 DEBUG testcase.TC_Login                        - 5: setEncryptedText(findTestObject("Page_1Government Login/input_Enter password"), "9zJdpvfgkgtFa8MQRHGI0w==")
2026-05-28 12:05:53.905 DEBUG testcase.TC_Login                        - 6: click(findTestObject("Page_1Government Login/button_Login"))
2026-05-28 12:05:54.319 INFO  c.k.katalon.core.main.TestCaseExecutor   - END Test Cases/Authentication/TC_Login
2026-05-28 12:05:54.326 INFO  c.k.katalon.core.main.TestCaseExecutor   - --------------------
2026-05-28 12:05:54.328 INFO  c.k.katalon.core.main.TestCaseExecutor   - START Test Cases/Navigation/TC_Open_Task_Module
2026-05-28 12:05:54.431 DEBUG testcase.TC_Open_Task_Module             - 1: click(findTestObject("Page_1Gov/p_Automate Government MDAs critical operations,"))
2026-05-28 12:05:59.406 INFO  c.k.katalon.core.main.TestCaseExecutor   - END Test Cases/Navigation/TC_Open_Task_Module
2026-05-28 12:05:59.415 INFO  c.k.katalon.core.main.TestCaseExecutor   - --------------------
2026-05-28 12:05:59.416 INFO  c.k.katalon.core.main.TestCaseExecutor   - START Test Cases/Setup/TC_Create_Task
2026-05-28 12:05:59.728 DEBUG testcase.TC_Create_Task                  - 1: navigateToUrl("https://govtest.convergenceondemand.com/wfm/index.php?r=workOrder#active-tickets")
2026-05-28 12:05:59.753 DEBUG testcase.TC_Create_Task                  - 2: delay(5)
2026-05-28 12:06:04.828 DEBUG testcase.TC_Create_Task                  - 3: maximizeWindow()
2026-05-28 12:06:05.177 DEBUG testcase.TC_Create_Task                  - 4: click(findTestObject("Page_Work Order  Index- Workforce Manager/a_Create Task"))
2026-05-28 12:06:07.266 DEBUG testcase.TC_Create_Task                  - 5: click(findTestObject("Page_Work Order  Create- Workforce Manager/span_Select Queue"))
2026-05-28 12:06:10.041 DEBUG testcase.TC_Create_Task                  - 6: setText(findTestObject("Page_Work Order  Create- Workforce Manager/input_Search"), "aut")
2026-05-28 12:06:11.117 DEBUG testcase.TC_Create_Task                  - 7: click(findTestObject("Page_Work Order  Create- Workforce Manager/a_TEST AUTOMATION"))
2026-05-28 12:06:11.513 DEBUG testcase.TC_Create_Task                  - 8: click(findTestObject("Page_Work Order  Create- Workforce Manager/span_Select Queue Type"))
2026-05-28 12:06:14.097 DEBUG testcase.TC_Create_Task                  - 9: click(findTestObject("Page_Work Order  Create- Workforce Manager/span_Automated Testing"))
2026-05-28 12:06:14.519 DEBUG testcase.TC_Create_Task                  - 10: setText(findTestObject("Page_Work Order  Create- Workforce Manager/input_Task Title _"), "TEST AUTOMATION 10028791")
2026-05-28 12:06:17.188 DEBUG testcase.TC_Create_Task                  - 11: setText(findTestObject("Page_Work Order  Create- Workforce Manager/textarea_Description"), "Smoke Test")
2026-05-28 12:06:17.952 DEBUG testcase.TC_Create_Task                  - 12: setText(findTestObject("Page_Work Order  Create- Workforce Manager/input_Input First Name"), "Mr")
2026-05-28 12:06:18.824 DEBUG testcase.TC_Create_Task                  - 13: setText(findTestObject("Page_Work Order  Create- Workforce Manager/input_Input Last Name"), "Adekola")
2026-05-28 12:06:19.765 DEBUG testcase.TC_Create_Task                  - 14: setText(findTestObject("Page_Work Order  Create- Workforce Manager/input_Input Phone Number"), "Cole")
2026-05-28 12:06:20.695 DEBUG testcase.TC_Create_Task                  - 15: setText(findTestObject("Page_Work Order  Create- Workforce Manager/input_Input Email Address"), "testautomation@cicod.com")
2026-05-28 12:06:21.693 DEBUG testcase.TC_Create_Task                  - 16: setText(findTestObject("Page_Work Order  Create- Workforce Manager/input_house_no"), "45b")
2026-05-28 12:06:22.580 DEBUG testcase.TC_Create_Task                  - 17: setText(findTestObject("Page_Work Order  Create- Workforce Manager/input_street"), "Admiralty Way")
2026-05-28 12:06:23.459 DEBUG testcase.TC_Create_Task                  - 18: selectOptionByValue(findTestObject("Page_Work Order  Create- Workforce Manager/select_AngolaCameroonCongoEthopiaNigeriaSouth Af"), "Nigeria", false)
2026-05-28 12:06:24.275 DEBUG testcase.TC_Create_Task                  - 19: selectOptionByValue(findTestObject("Page_Work Order  Create- Workforce Manager/select_Select StateAbiaAbujaAdamawaAkwa IbomAnam"), "Lagos", false)
2026-05-28 12:06:24.976 DEBUG testcase.TC_Create_Task                  - 20: switchToWindowTitle("Work Order | Create- Workforce Manager")
2026-05-28 12:06:25.036 DEBUG testcase.TC_Create_Task                  - 21: click(findTestObject("Page_Work Order  Create- Workforce Manager/input_optionsRadios1"))
2026-05-28 12:06:25.523 DEBUG testcase.TC_Create_Task                  - 22: click(findTestObject("Page_Work Order  Create- Workforce Manager/input_optionsChecks1"))
2026-05-28 12:06:25.993 DEBUG testcase.TC_Create_Task                  - 23: setText(findTestObject("Page_Work Order  Create- Workforce Manager/input_Select Date"), "2026-05-20")
2026-05-28 12:06:26.793 DEBUG testcase.TC_Create_Task                  - 24: filePath = getProjectDir() + "/Include/test-files/data_backup.png"
2026-05-28 12:06:26.805 DEBUG testcase.TC_Create_Task                  - 25: assert File(filePath).exists()
2026-05-28 12:06:26.831 DEBUG testcase.TC_Create_Task                  - 26: uploadObj = findTestObject("Page_Work Order  Create- Workforce Manager/input_take-photo-input-selected_file")
2026-05-28 12:06:26.843 DEBUG testcase.TC_Create_Task                  - 27: waitForElementPresent(uploadObj, 10)
2026-05-28 12:06:27.183 DEBUG testcase.TC_Create_Task                  - 28: uploadFile(uploadObj, filePath)
2026-05-28 12:06:27.501 WARN  c.k.k.c.w.k.builtin.UploadFileKeyword    - Cannot clear the existing file path in the input element. Continue to upload file.
2026-05-28 12:06:27.547 DEBUG testcase.TC_Create_Task                  - 29: click(findTestObject("Page_Work Order  Create- Workforce Manager/input_should_assign_ticket"))
2026-05-28 12:06:28.215 DEBUG testcase.TC_Create_Task                  - 30: selectOptionByValue(findTestObject("Page_Work Order  Create- Workforce Manager/select_assign-to-user"), "82", false)
2026-05-28 12:06:28.922 DEBUG testcase.TC_Create_Task                  - 31: waitForElementClickable(findTestObject("Page_Work Order  Create- Workforce Manager/button_Create"), 20)
2026-05-28 12:06:29.421 DEBUG testcase.TC_Create_Task                  - 32: click(findTestObject("Page_Work Order  Create- Workforce Manager/button_Create"))
2026-05-28 12:06:29.835 INFO  c.k.katalon.core.main.TestCaseExecutor   - END Test Cases/Setup/TC_Create_Task
2026-05-28 12:06:29.839 INFO  c.k.katalon.core.main.TestCaseExecutor   - --------------------
2026-05-28 12:06:29.839 INFO  c.k.katalon.core.main.TestCaseExecutor   - START Test Cases/Setup/TC_Open_Task_Details
2026-05-28 12:06:30.469 DEBUG testcase.TC_Open_Task_Details            - 1: waitForPageLoad(30)
2026-05-28 12:06:30.622 DEBUG testcase.TC_Open_Task_Details            - 2: delay(3)
2026-05-28 12:06:33.663 DEBUG testcase.TC_Open_Task_Details            - 3: modal = new com.kms.katalon.core.testobject.TestObject()
2026-05-28 12:06:33.672 DEBUG testcase.TC_Open_Task_Details            - 4: modal.addProperty("xpath", EQUALS, "//*[contains(text(),'Ticket ID')]")
2026-05-28 12:06:33.690 DEBUG testcase.TC_Open_Task_Details            - 5: waitForElementVisible(modal, 30)
2026-05-28 12:06:34.470 DEBUG testcase.TC_Open_Task_Details            - 6: successMessage = getText(modal)
2026-05-28 12:06:34.790 DEBUG testcase.TC_Open_Task_Details            - 7: println("SUCCESS → " + successMessage)
SUCCESS → Task Created Successfully - Ticket ID: 16714
2026-05-28 12:06:34.800 DEBUG testcase.TC_Open_Task_Details            - 8: matcher = successMessage =~ "\d+"
2026-05-28 12:06:34.800 DEBUG testcase.TC_Open_Task_Details            - 9: if (!(matcher.find()))
2026-05-28 12:06:34.813 DEBUG testcase.TC_Open_Task_Details            - 10: ticketId = matcher.group()
2026-05-28 12:06:34.819 DEBUG testcase.TC_Open_Task_Details            - 11: println("Captured Ticket → " + ticketId)
Captured Ticket → 16714
2026-05-28 12:06:34.822 DEBUG testcase.TC_Open_Task_Details            - 12: click(findTestObject("Page_Work Order  Create- Workforce Manager/button_message-dismiss"))
2026-05-28 12:06:35.772 DEBUG testcase.TC_Open_Task_Details            - 13: waitForPageLoad(20)
2026-05-28 12:06:35.790 DEBUG testcase.TC_Open_Task_Details            - 14: delay(2)
2026-05-28 12:06:37.798 DEBUG testcase.TC_Open_Task_Details            - 15: click(findTestObject("Page_Work Order  Index- Workforce Manager/a_Created By Me"))
2026-05-28 12:06:38.625 DEBUG testcase.TC_Open_Task_Details            - 16: waitForPageLoad(10)
2026-05-28 12:06:38.635 DEBUG testcase.TC_Open_Task_Details            - 17: delay(3)
2026-05-28 12:06:41.649 DEBUG testcase.TC_Open_Task_Details            - 18: search = findTestObject("Page_Work Order  Index- Workforce Manager/input_Search")
2026-05-28 12:06:41.657 DEBUG testcase.TC_Open_Task_Details            - 19: waitForElementVisible(search, 30)
2026-05-28 12:06:41.937 DEBUG testcase.TC_Open_Task_Details            - 20: click(search)
2026-05-28 12:06:42.765 DEBUG testcase.TC_Open_Task_Details            - 21: clearText(search)
2026-05-28 12:06:43.085 DEBUG testcase.TC_Open_Task_Details            - 22: setText(search, ticketId)
2026-05-28 12:06:43.849 DEBUG testcase.TC_Open_Task_Details            - 23: sendKeys(search, Keys.chord(ENTER))
2026-05-28 12:06:44.215 DEBUG testcase.TC_Open_Task_Details            - 24: println("Searching → " + ticketId)
Searching → 16714
2026-05-28 12:06:44.224 DEBUG testcase.TC_Open_Task_Details            - 25: delay(8)
2026-05-28 12:06:52.242 DEBUG testcase.TC_Open_Task_Details            - 26: row = new com.kms.katalon.core.testobject.TestObject()
2026-05-28 12:06:52.245 DEBUG testcase.TC_Open_Task_Details            - 27: row.addProperty("xpath", EQUALS, //tr[.//*[contains(text(),'$ticketId')]])
2026-05-28 12:06:52.291 DEBUG testcase.TC_Open_Task_Details            - 28: found = waitForElementPresent(row, 30)
2026-05-28 12:06:52.540 DEBUG testcase.TC_Open_Task_Details            - 29: if (!(found))
2026-05-28 12:06:52.542 DEBUG testcase.TC_Open_Task_Details            - 30: println("Ticket row found")
Ticket row found
2026-05-28 12:06:52.545 DEBUG testcase.TC_Open_Task_Details            - 31: titleLink = new com.kms.katalon.core.testobject.TestObject()
2026-05-28 12:06:52.547 DEBUG testcase.TC_Open_Task_Details            - 32: titleLink.addProperty("xpath", EQUALS, (//tr[.//*[contains(text(),'$ticketId')]]//td[3]//a) | (//tr[.//*[contains(text(),'$ticketId')]]//td[3]//*[self::span or self::div]))
2026-05-28 12:06:52.549 DEBUG testcase.TC_Open_Task_Details            - 33: waitForElementVisible(titleLink, 30)
2026-05-28 12:06:52.837 DEBUG testcase.TC_Open_Task_Details            - 34: scrollToElement(titleLink, 10)
2026-05-28 12:06:53.145 DEBUG testcase.TC_Open_Task_Details            - 35: link = findWebElement(titleLink, 20)
2026-05-28 12:06:53.426 DEBUG testcase.TC_Open_Task_Details            - 36: executeJavaScript("\narguments[0].scrollIntoView({\nblock:'center'\n});\n", Arrays.asList(link))
2026-05-28 12:06:53.455 DEBUG testcase.TC_Open_Task_Details            - 37: delay(2)
2026-05-28 12:06:55.462 DEBUG testcase.TC_Open_Task_Details            - 38: println("Opening ticket")
Opening ticket
2026-05-28 12:06:55.465 DEBUG testcase.TC_Open_Task_Details            - 39: try
2026-05-28 12:06:55.465 DEBUG testcase.TC_Open_Task_Details            - 1: click(titleLink)
2026-05-28 12:06:59.189 DEBUG testcase.TC_Open_Task_Details            - 42: opened = false
2026-05-28 12:06:59.195 DEBUG testcase.TC_Open_Task_Details            - 43: for ([i = 0, i < 30, (i++)])
2026-05-28 12:06:59.197 DEBUG testcase.TC_Open_Task_Details            - 1: delay(1)
2026-05-28 12:07:00.205 DEBUG testcase.TC_Open_Task_Details            - 2: details = new com.kms.katalon.core.testobject.TestObject()
2026-05-28 12:07:00.211 DEBUG testcase.TC_Open_Task_Details            - 3: details.addProperty("xpath", EQUALS, "\n//*[contains(text(),'Priority')]\n|\n//*[contains(text(),'Task Details')]\n|\n//*[contains(text(),'Queue')]\n")
2026-05-28 12:07:00.217 DEBUG testcase.TC_Open_Task_Details            - 4: if (verifyElementPresent(details, 1, OPTIONAL))
2026-05-28 12:07:01.573 DEBUG testcase.TC_Open_Task_Details            - 1: opened = true
2026-05-28 12:07:01.574 DEBUG testcase.TC_Open_Task_Details            - 2: break
2026-05-28 12:07:01.575 DEBUG testcase.TC_Open_Task_Details            - 44: if (!(opened))
2026-05-28 12:07:01.577 DEBUG testcase.TC_Open_Task_Details            - 45: println("TASK DETAILS OPENED → " + ticketId)
TASK DETAILS OPENED → 16714
2026-05-28 12:07:01.577 INFO  c.k.katalon.core.main.TestCaseExecutor   - END Test Cases/Setup/TC_Open_Task_Details
2026-05-28 12:07:01.585 INFO  c.k.katalon.core.main.TestCaseExecutor   - --------------------
2026-05-28 12:07:01.585 INFO  c.k.katalon.core.main.TestCaseExecutor   - START Test Cases/TaskActions/Uploads/Upload_File_From_Govdrive
2026-05-28 12:07:01.907 DEBUG testcase.Upload_File_From_Govdrive       - 1: driver = getWebDriver()
2026-05-28 12:07:01.915 DEBUG testcase.Upload_File_From_Govdrive       - 2: switchToDefaultContent()
2026-05-28 12:07:01.955 DEBUG testcase.Upload_File_From_Govdrive       - 3: waitForPageLoad(30)
2026-05-28 12:07:01.974 DEBUG testcase.Upload_File_From_Govdrive       - 4: println("Starting upload flow")
Starting upload flow
2026-05-28 12:07:01.977 DEBUG testcase.Upload_File_From_Govdrive       - 5: waitForElementVisible(findTestObject("Page_Work Order  View- Workforce Manager/a_dLabel"), 30)
2026-05-28 12:07:03.810 DEBUG testcase.Upload_File_From_Govdrive       - 6: waitForElementClickable(findTestObject("Page_Work Order  View- Workforce Manager/a_dLabel"), 30)
2026-05-28 12:07:04.106 DEBUG testcase.Upload_File_From_Govdrive       - 7: click(findTestObject("Page_Work Order  View- Workforce Manager/a_dLabel"))
2026-05-28 12:07:04.550 DEBUG testcase.Upload_File_From_Govdrive       - 8: println("Upload menu opened")
Upload menu opened
2026-05-28 12:07:04.556 DEBUG testcase.Upload_File_From_Govdrive       - 9: waitForElementVisible(findTestObject("Page_Work Order  View- Workforce Manager/a_cde-upload"), 30)
2026-05-28 12:07:04.857 DEBUG testcase.Upload_File_From_Govdrive       - 10: waitForElementClickable(findTestObject("Page_Work Order  View- Workforce Manager/a_cde-upload"), 30)
2026-05-28 12:07:05.400 DEBUG testcase.Upload_File_From_Govdrive       - 11: try
2026-05-28 12:07:05.402 DEBUG testcase.Upload_File_From_Govdrive       - 1: click(findTestObject("Page_Work Order  View- Workforce Manager/a_cde-upload"))
2026-05-28 12:07:05.817 DEBUG testcase.Upload_File_From_Govdrive       - 14: println("GovDrive selected")
GovDrive selected
2026-05-28 12:07:05.825 DEBUG testcase.Upload_File_From_Govdrive       - 15: switchToDefaultContent()
2026-05-28 12:07:05.856 DEBUG testcase.Upload_File_From_Govdrive       - 16: waitForElementVisible(findTestObject("Page_Work Order  View- Workforce Manager/iframe_cde-widget"), 30)
2026-05-28 12:07:06.457 DEBUG testcase.Upload_File_From_Govdrive       - 17: switched = false
2026-05-28 12:07:06.459 DEBUG testcase.Upload_File_From_Govdrive       - 18: for ([i = 0, i < 3, (i++)])
2026-05-28 12:07:06.459 DEBUG testcase.Upload_File_From_Govdrive       - 1: try
2026-05-28 12:07:06.460 DEBUG testcase.Upload_File_From_Govdrive       - 1: switchToFrame(findTestObject("Page_Work Order  View- Workforce Manager/iframe_cde-widget"), 10)
2026-05-28 12:07:06.922 DEBUG testcase.Upload_File_From_Govdrive       - 2: switched = true
2026-05-28 12:07:06.923 DEBUG testcase.Upload_File_From_Govdrive       - 3: break
2026-05-28 12:07:06.925 DEBUG testcase.Upload_File_From_Govdrive       - 19: if (!(switched))
2026-05-28 12:07:06.927 DEBUG testcase.Upload_File_From_Govdrive       - 20: println("Inside iframe")
Inside iframe
2026-05-28 12:07:06.929 DEBUG testcase.Upload_File_From_Govdrive       - 21: delay(5)
2026-05-28 12:07:11.938 DEBUG testcase.Upload_File_From_Govdrive       - 22: println("Waiting for files to appear...")
Waiting for files to appear...
2026-05-28 12:07:11.940 DEBUG testcase.Upload_File_From_Govdrive       - 23: found = false
2026-05-28 12:07:11.942 DEBUG testcase.Upload_File_From_Govdrive       - 24: checkbox = null
2026-05-28 12:07:11.944 DEBUG testcase.Upload_File_From_Govdrive       - 25: for ([i = 0, i < 20, (i++)])
2026-05-28 12:07:11.946 DEBUG testcase.Upload_File_From_Govdrive       - 1: checkboxes = driver.findElements(By.xpath("//input[@type='checkbox'] | //*[@role='checkbox']"))
2026-05-28 12:07:11.979 DEBUG testcase.Upload_File_From_Govdrive       - 2: println("Checkbox count = " + checkboxes.size())
Checkbox count = 8
2026-05-28 12:07:11.982 DEBUG testcase.Upload_File_From_Govdrive       - 3: if (!(checkboxes.isEmpty()))
2026-05-28 12:07:11.985 DEBUG testcase.Upload_File_From_Govdrive       - 1: checkbox = checkboxes[0]
2026-05-28 12:07:11.990 DEBUG testcase.Upload_File_From_Govdrive       - 2: driver.executeScript("arguments[0].scrollIntoView(true)", checkbox)
2026-05-28 12:07:12.005 DEBUG testcase.Upload_File_From_Govdrive       - 3: delay(1)
2026-05-28 12:07:13.021 DEBUG testcase.Upload_File_From_Govdrive       - 4: driver.executeScript("arguments[0].click();", checkbox)
2026-05-28 12:07:13.068 DEBUG testcase.Upload_File_From_Govdrive       - 5: found = true
2026-05-28 12:07:13.070 DEBUG testcase.Upload_File_From_Govdrive       - 6: println("File selected")
File selected
2026-05-28 12:07:13.072 DEBUG testcase.Upload_File_From_Govdrive       - 7: break
2026-05-28 12:07:13.072 DEBUG testcase.Upload_File_From_Govdrive       - 26: if (!(found))
2026-05-28 12:07:13.075 DEBUG testcase.Upload_File_From_Govdrive       - 27: delay(3)
2026-05-28 12:07:16.088 DEBUG testcase.Upload_File_From_Govdrive       - 28: insertBtn = null
2026-05-28 12:07:16.090 DEBUG testcase.Upload_File_From_Govdrive       - 29: for ([i = 0, i < 15, (i++)])
2026-05-28 12:07:16.092 DEBUG testcase.Upload_File_From_Govdrive       - 1: try
2026-05-28 12:07:16.093 DEBUG testcase.Upload_File_From_Govdrive       - 1: insertBtn = driver.findElement(By.xpath("//button[normalize-space()='Insert']"))
2026-05-28 12:07:16.139 DEBUG testcase.Upload_File_From_Govdrive       - 2: visible = insertBtn.isDisplayed()
2026-05-28 12:07:16.164 DEBUG testcase.Upload_File_From_Govdrive       - 3: enabled = insertBtn.isEnabled()
2026-05-28 12:07:16.183 DEBUG testcase.Upload_File_From_Govdrive       - 4: disabled = insertBtn.getAttribute("disabled")
2026-05-28 12:07:16.207 DEBUG testcase.Upload_File_From_Govdrive       - 5: if (visible && enabled && disabled == null)
2026-05-28 12:07:16.209 DEBUG testcase.Upload_File_From_Govdrive       - 1: break
2026-05-28 12:07:16.210 DEBUG testcase.Upload_File_From_Govdrive       - 30: if (insertBtn == null)
2026-05-28 12:07:16.212 DEBUG testcase.Upload_File_From_Govdrive       - 31: driver.executeScript("\narguments[0].scrollIntoView({\nblock:'center'\n});\n", insertBtn)
2026-05-28 12:07:16.223 DEBUG testcase.Upload_File_From_Govdrive       - 32: delay(1)
2026-05-28 12:07:17.233 DEBUG testcase.Upload_File_From_Govdrive       - 33: driver.executeScript("arguments[0].click();", insertBtn)
2026-05-28 12:07:17.255 DEBUG testcase.Upload_File_From_Govdrive       - 34: println("Insert clicked")
Insert clicked
2026-05-28 12:07:17.260 DEBUG testcase.Upload_File_From_Govdrive       - 35: switchToDefaultContent()
2026-05-28 12:07:17.267 DEBUG testcase.Upload_File_From_Govdrive       - 36: try
2026-05-28 12:07:17.267 DEBUG testcase.Upload_File_From_Govdrive       - 1: delay(3)
2026-05-28 12:07:20.286 DEBUG testcase.Upload_File_From_Govdrive       - 2: okButton = driver.findElement(By.xpath("//button[normalize-space()='OK'] | //a[normalize-space()='OK']"))
2026-05-28 12:07:22.657 DEBUG testcase.Upload_File_From_Govdrive       - 3: driver.executeScript("arguments[0].click();", okButton)
2026-05-28 12:07:22.689 DEBUG testcase.Upload_File_From_Govdrive       - 4: println("Success popup closed")
Success popup closed
2026-05-28 12:07:22.691 DEBUG testcase.Upload_File_From_Govdrive       - 39: switchToDefaultContent()
2026-05-28 12:07:22.699 DEBUG testcase.Upload_File_From_Govdrive       - 40: println("Upload completed")
Upload completed
2026-05-28 12:07:22.706 INFO  c.k.katalon.core.main.TestCaseExecutor   - END Test Cases/TaskActions/Uploads/Upload_File_From_Govdrive
2026-05-28 12:07:22.712 INFO  c.k.katalon.core.main.TestCaseExecutor   - --------------------
2026-05-28 12:07:22.712 INFO  c.k.katalon.core.main.TestCaseExecutor   - START Test Cases/TaskActions/Uploads/Upload_file_Without_Classification
2026-05-28 12:07:22.878 DEBUG t.Upload_file_Without_Classification     - 1: taskName = "TEST AUTOMATION"
2026-05-28 12:07:22.883 DEBUG t.Upload_file_Without_Classification     - 2: uploadFile = getProjectDir() + "/Include/test-files/TASK CYCLE.pdf"
2026-05-28 12:07:22.887 DEBUG t.Upload_file_Without_Classification     - 3: waitForPageLoad(20)
2026-05-28 12:07:22.895 DEBUG t.Upload_file_Without_Classification     - 4: switchToDefaultContent()
2026-05-28 12:07:22.907 DEBUG t.Upload_file_Without_Classification     - 5: println("Looking for task: " + taskName)
Looking for task: TEST AUTOMATION
2026-05-28 12:07:22.910 DEBUG t.Upload_file_Without_Classification     - 6: task = new com.kms.katalon.core.testobject.TestObject()
2026-05-28 12:07:22.915 DEBUG t.Upload_file_Without_Classification     - 7: task.addProperty("xpath", EQUALS, "//p[contains(normalize-space(.),'" + taskName + "')]")
2026-05-28 12:07:22.917 DEBUG t.Upload_file_Without_Classification     - 8: taskExists = waitForElementPresent(task, 20, OPTIONAL)
2026-05-28 12:07:24.295 DEBUG t.Upload_file_Without_Classification     - 9: println("Task exists = " + taskExists)
Task exists = true
2026-05-28 12:07:24.299 DEBUG t.Upload_file_Without_Classification     - 10: if (!(taskExists))
2026-05-28 12:07:24.299 DEBUG t.Upload_file_Without_Classification     - 11: assert taskExists
2026-05-28 12:07:24.301 DEBUG t.Upload_file_Without_Classification     - 12: scrollToElement(task, 10)
2026-05-28 12:07:24.586 DEBUG t.Upload_file_Without_Classification     - 13: enhancedClick(task)
2026-05-28 12:07:24.970 ERROR c.k.k.c.w.k.b.EnhancedClickKeyword       - ❌ element not interactable: [object HTMLParagraphElement] has no size and location\n  (Session info: chrome=148.0.7778.179)\nBuild info: version: '4.39.0', revision: '126f156aee'\nSystem info: os.name: 'Windows 11', os.arch: 'amd64', os.version: '10.0', java.version: '21.0.9'\nDriver info: com.kms.katalon.selenium.driver.CChromeDriver\nCommand: [e43099d9a5ed4667c645b535b1e9b03f, actions {actions=[org.openqa.selenium.interactions.Sequence@41e156ee]}]\nCapabilities {acceptInsecureCerts: false, browserName: chrome, browserVersion: 148.0.7778.179, chrome: {chromedriverVersion: 148.0.7778.167 (65db666ac2c..., userDataDir: C:\Users\CROWN-~1\AppData\L...}, fedcm:accounts: true, goog:chromeOptions: {debuggerAddress: localhost:59267}, goog:processID: 51480, networkConnectionEnabled: false, pageLoadStrategy: normal, platformName: windows, proxy: Proxy(), se:cdp: ws://localhost:59267/devtoo..., se:cdpVersion: 148.0.7778.179, setWindowRect: true, strictFileInteractability: false, timeouts: {implicit: 0, pageLoad: 300000, script: 30000}, unhandledPromptBehavior: {alert: ignore, beforeUnload: ignore, confirm: ignore, default: ignore, file: ignore, prompt: ignore}, webSocketUrl: ws://localhost:29467/sessio..., webauthn:extension:credBlob: true, webauthn:extension:largeBlob: true, webauthn:extension:minPinLength: true, webauthn:extension:prf: true, webauthn:virtualAuthenticators: true}\nSession ID: e43099d9a5ed4667c645b535b1e9b03f
2026-05-28 12:07:35.140 DEBUG t.Upload_file_Without_Classification     - 14: waitForPageLoad(20)
2026-05-28 12:07:35.159 DEBUG t.Upload_file_Without_Classification     - 15: uploadBtn = findTestObject("Page_Work Order  View- Workforce Manager/Page_Work Order  View- Workforce Manager/a_dLabel")
2026-05-28 12:07:35.210 DEBUG t.Upload_file_Without_Classification     - 16: waitForElementClickable(uploadBtn, 20)
2026-05-28 12:07:35.606 DEBUG t.Upload_file_Without_Classification     - 17: enhancedClick(uploadBtn)
2026-05-28 12:07:36.041 DEBUG t.Upload_file_Without_Classification     - 18: println("Upload modal opened")
Upload modal opened
2026-05-28 12:07:36.045 DEBUG t.Upload_file_Without_Classification     - 19: assert Files.exists(Paths.get(uploadFile))
2026-05-28 12:07:36.077 DEBUG t.Upload_file_Without_Classification     - 20: println("Uploading -> " + uploadFile)
Uploading -> C:/Users/CROWN-STAFF/git/convergence-qa-tests/Include/test-files/TASK CYCLE.pdf
2026-05-28 12:07:36.081 DEBUG t.Upload_file_Without_Classification     - 21: fileInput = new com.kms.katalon.core.testobject.TestObject()
2026-05-28 12:07:36.085 DEBUG t.Upload_file_Without_Classification     - 22: fileInput.addProperty("xpath", EQUALS, "//*[@id='file_upload']")
2026-05-28 12:07:36.088 DEBUG t.Upload_file_Without_Classification     - 23: waitForElementPresent(fileInput, 20)
2026-05-28 12:07:36.592 DEBUG t.Upload_file_Without_Classification     - 24: executeJavaScript("\narguments[0].style.display='block';\narguments[0].style.visibility='visible';\narguments[0].removeAttribute('hidden');\narguments[0].removeAttribute('disabled');\n", [findWebElement(fileInput, 20)])
2026-05-28 12:07:36.965 DEBUG t.Upload_file_Without_Classification     - 25: uploadFile(fileInput, uploadFile)
2026-05-28 12:07:37.387 WARN  c.k.k.c.w.k.builtin.UploadFileKeyword    - Cannot clear the existing file path in the input element. Continue to upload file.
2026-05-28 12:07:37.544 DEBUG t.Upload_file_Without_Classification     - 26: println("File injected successfully")
File injected successfully
2026-05-28 12:07:37.551 DEBUG t.Upload_file_Without_Classification     - 27: delay(8)
2026-05-28 12:07:45.560 DEBUG t.Upload_file_Without_Classification     - 28: noButton = new com.kms.katalon.core.testobject.TestObject()
2026-05-28 12:07:45.563 DEBUG t.Upload_file_Without_Classification     - 29: noButton.addProperty("xpath", EQUALS, "//button[normalize-space()='No']")
2026-05-28 12:07:45.564 DEBUG t.Upload_file_Without_Classification     - 30: modalPresent = waitForElementPresent(noButton, 10, OPTIONAL)
2026-05-28 12:07:45.849 DEBUG t.Upload_file_Without_Classification     - 31: if (modalPresent)
2026-05-28 12:07:45.849 DEBUG t.Upload_file_Without_Classification     - 1: waitForElementClickable(noButton, 10)
2026-05-28 12:07:46.192 DEBUG t.Upload_file_Without_Classification     - 2: enhancedClick(noButton)
2026-05-28 12:07:46.645 DEBUG t.Upload_file_Without_Classification     - 3: println("Clicked NO")
Clicked NO
2026-05-28 12:07:46.647 DEBUG t.Upload_file_Without_Classification     - 32: println("Upload completed")
Upload completed
2026-05-28 12:07:46.654 INFO  c.k.katalon.core.main.TestCaseExecutor   - END Test Cases/TaskActions/Uploads/Upload_file_Without_Classification
2026-05-28 12:07:46.658 INFO  c.k.katalon.core.main.TestCaseExecutor   - --------------------
2026-05-28 12:07:46.658 INFO  c.k.katalon.core.main.TestCaseExecutor   - START Test Cases/TaskActions/Table_Actions/Esign
2026-05-28 12:07:47.737 DEBUG testcase.Esign                           - 1: driver = getWebDriver()
2026-05-28 12:07:47.745 DEBUG testcase.Esign                           - 2: wait = new org.openqa.selenium.support.ui.WebDriverWait(driver, java.time.Duration.ofSeconds(30))
2026-05-28 12:07:47.753 DEBUG testcase.Esign                           - 3: println("===== START ESIGN =====")
===== START ESIGN =====
2026-05-28 12:07:47.764 DEBUG testcase.Esign                           - 4: waitForPageLoad(30)
2026-05-28 12:07:47.800 DEBUG testcase.Esign                           - 5: click(findTestObject("Page_Work Order  View- Workforce Manager/svg_svg"))
2026-05-28 12:08:00.393 WARN  c.k.k.c.w.keyword.builtin.ClickKeyword   - Waiting for element timed out
2026-05-28 12:08:00.636 DEBUG testcase.Esign                           - 6: println("eSign modal opened")
eSign modal opened
2026-05-28 12:08:00.641 DEBUG testcase.Esign                           - 7: iframe = new com.kms.katalon.core.testobject.TestObject()
2026-05-28 12:08:00.643 DEBUG testcase.Esign                           - 8: iframe.addProperty("xpath", EQUALS, "//iframe[contains(@id,'esign')]")
2026-05-28 12:08:00.645 DEBUG testcase.Esign                           - 9: waitForElementPresent(iframe, 60)
2026-05-28 12:08:01.292 DEBUG testcase.Esign                           - 10: switchToFrame(iframe, 20)
2026-05-28 12:08:01.690 DEBUG testcase.Esign                           - 11: println("Inside iframe")
Inside iframe
2026-05-28 12:08:01.692 DEBUG testcase.Esign                           - 12: signTool = wait.until(ExpectedConditions.elementToBeClickable(By.xpath("//*[normalize-space()='Signature']")))
2026-05-28 12:08:06.014 DEBUG testcase.Esign                           - 13: driver.executeScript("arguments[0].click();", signTool)
2026-05-28 12:08:06.041 DEBUG testcase.Esign                           - 14: println("Signature selected")
Signature selected
2026-05-28 12:08:06.043 DEBUG testcase.Esign                           - 15: page = wait.until(ExpectedConditions.visibilityOfElementLocated(By.xpath("//*[contains(@id,'page-')]")))
2026-05-28 12:08:14.713 DEBUG testcase.Esign                           - 16: println("PDF located")
PDF located
2026-05-28 12:08:14.715 DEBUG testcase.Esign                           - 17: driver.executeScript("\nvar rect=arguments[0].getBoundingClientRect();\n\nvar x=rect.left+(rect.width/2);\nvar y=rect.top+250;\n\nvar el=document.elementFromPoint(x,y);\n\nif(el){\nel.dispatchEvent(\nnew MouseEvent(\n'click',\n{\nbubbles:true,\nclientX:x,\nclientY:y\n}\n)\n);\n}\n", page)
2026-05-28 12:08:14.765 DEBUG testcase.Esign                           - 18: println("Signature dropped")
Signature dropped
2026-05-28 12:08:14.766 DEBUG testcase.Esign                           - 19: Thread.sleep(2000)
2026-05-28 12:08:17.943 DEBUG testcase.Esign                           - 20: try
2026-05-28 12:08:17.946 DEBUG testcase.Esign                           - 1: okSign = wait.until(ExpectedConditions.elementToBeClickable(By.xpath("//button[normalize-space()='OK']")))
2026-05-28 12:08:48.200 DEBUG testcase.Esign                           - 21: catch (Exception e)
2026-05-28 12:08:48.205 DEBUG testcase.Esign                           - 1: println("No signature OK popup")
No signature OK popup
2026-05-28 12:08:48.205 DEBUG testcase.Esign                           - 23: previewBtn = wait.until(ExpectedConditions.elementToBeClickable(By.xpath("//button[contains(.,'Preview')]")))
2026-05-28 12:08:48.277 DEBUG testcase.Esign                           - 24: driver.executeScript("arguments[0].click();", previewBtn)
2026-05-28 12:08:48.315 DEBUG testcase.Esign                           - 25: println("Preview clicked")
Preview clicked
2026-05-28 12:08:48.321 DEBUG testcase.Esign                           - 26: wait.until(ExpectedConditions.textToBePresentInElementLocated(By.xpath("//button[contains(.,'Preview') or contains(.,'Save')]"), "Save"))
2026-05-28 12:08:48.405 DEBUG testcase.Esign                           - 27: saveBtn = wait.until(ExpectedConditions.elementToBeClickable(By.xpath("//button[contains(.,'Save')]")))
2026-05-28 12:08:48.482 DEBUG testcase.Esign                           - 28: Thread.sleep(1000)
2026-05-28 12:08:49.487 DEBUG testcase.Esign                           - 29: driver.executeScript("arguments[0].click();", saveBtn)
2026-05-28 12:08:49.505 DEBUG testcase.Esign                           - 30: println("Save clicked")
Save clicked
2026-05-28 12:08:49.505 DEBUG testcase.Esign                           - 31: switchToDefaultContent()
2026-05-28 12:08:49.520 DEBUG testcase.Esign                           - 32: println("Back to main page")
Back to main page
2026-05-28 12:08:49.520 DEBUG testcase.Esign                           - 33: okModalClosed = false
2026-05-28 12:08:49.520 DEBUG testcase.Esign                           - 34: try
2026-05-28 12:08:49.520 DEBUG testcase.Esign                           - 1: okBtn = new com.kms.katalon.core.testobject.TestObject()
2026-05-28 12:08:49.525 DEBUG testcase.Esign                           - 2: okBtn.addProperty("xpath", EQUALS, "//button[normalize-space()='OK']")
2026-05-28 12:08:49.525 DEBUG testcase.Esign                           - 3: if (waitForElementVisible(okBtn, 10, OPTIONAL))
2026-05-28 12:09:01.696 WARN  k.k.c.w.k.b.WaitForElementVisibleKeyword - Object '' is not visible after 10 second(s)
2026-05-28 12:09:01.705 DEBUG testcase.Esign                           - 37: if (!(okModalClosed))
2026-05-28 12:09:01.707 DEBUG testcase.Esign                           - 1: executeJavaScript("document.body.click();", [])
2026-05-28 12:09:01.729 DEBUG testcase.Esign                           - 2: println("Clicked outside modal")
Clicked outside modal
2026-05-28 12:09:01.729 DEBUG testcase.Esign                           - 38: modal = new com.kms.katalon.core.testobject.TestObject()
2026-05-28 12:09:01.729 DEBUG testcase.Esign                           - 39: modal.addProperty("xpath", EQUALS, "//*[contains(@class,'modal')]")
2026-05-28 12:09:01.735 DEBUG testcase.Esign                           - 40: waitForElementNotPresent(modal, 20, OPTIONAL)
2026-05-28 12:09:21.989 WARN  .c.w.k.b.WaitForElementNotPresentKeyword - Web element with id: '' located by 'By.xpath: //*[contains(@class,'modal')]' is present after '20' second(s)
2026-05-28 12:09:21.995 DEBUG testcase.Esign                           - 41: println("===== ESIGN SUCCESS =====")
===== ESIGN SUCCESS =====
2026-05-28 12:09:21.999 INFO  c.k.katalon.core.main.TestCaseExecutor   - END Test Cases/TaskActions/Table_Actions/Esign
2026-05-28 12:09:22.004 INFO  c.k.katalon.core.main.TestCaseExecutor   - --------------------
2026-05-28 12:09:22.004 INFO  c.k.katalon.core.main.TestCaseExecutor   - START Test Cases/TaskActions/Comments/TC_Add_Comment
2026-05-28 12:09:22.285 DEBUG testcase.TC_Add_Comment                  - 1: waitForPageLoad(20)
2026-05-28 12:09:22.295 DEBUG testcase.TC_Add_Comment                  - 2: waitForElementPresent(findTestObject("Page_Work Order  Index- Workforce Manager/input_Search"), 20)
2026-05-28 12:09:42.523 WARN  k.k.c.w.k.b.WaitForElementPresentKeyword - Object 'Object Repository/Page_Work Order  Index- Workforce Manager/input_Search' is not present after 20 second(s)
2026-05-28 12:09:42.525 DEBUG testcase.TC_Add_Comment                  - 3: waitForPageLoad(20)
2026-05-28 12:09:42.537 DEBUG testcase.TC_Add_Comment                  - 4: waitForElementPresent(findTestObject("Page_Work Order  Index- Workforce Manager/input_Search"), 20)
2026-05-28 12:10:02.602 WARN  k.k.c.w.k.b.WaitForElementPresentKeyword - Object 'Object Repository/Page_Work Order  Index- Workforce Manager/input_Search' is not present after 20 second(s)
2026-05-28 12:10:02.604 DEBUG testcase.TC_Add_Comment                  - 5: click(findTestObject("Page_Work Order  View- Workforce Manager/div_Hi there, For line manager escalation or app"))
2026-05-28 12:10:12.645 WARN  c.k.k.c.w.keyword.builtin.ClickKeyword   - Waiting for element timed out
2026-05-28 12:10:14.655 ERROR c.k.k.core.keyword.internal.KeywordMain  - ❌ Unable to click on object 'Object Repository/Page_Work Order  View- Workforce Manager/div_Hi there, For line manager escalation or app' (Root cause: com.kms.katalon.core.exception.StepFailedException: Unable to click on object 'Object Repository/Page_Work Order  View- Workforce Manager/div_Hi there, For line manager escalation or app'\r\n\tat com.kms.katalon.core.webui.keyword.internal.WebUIKeywordMain.stepFailed(WebUIKeywordMain.groovy:177)\r\n\tat com.kms.katalon.core.webui.keyword.internal.WebUIKeywordMain.runKeyword(WebUIKeywordMain.groovy:49)\r\n\tat com.kms.katalon.core.webui.keyword.internal.WebUIKeywordMain.runKeywordUntilTimeout(WebUIKeywordMain.groovy:133)\r\n\tat com.kms.katalon.core.webui.keyword.builtin.ClickKeyword.click(ClickKeyword.groovy:72)\r\n\tat com.kms.katalon.core.webui.keyword.builtin.ClickKeyword.execute(ClickKeyword.groovy:38)\r\n\tat com.kms.katalon.core.keyword.internal.KeywordExecutor.executeKeywordForPlatform(KeywordExecutor.groovy:99)\r\n\tat com.kms.katalon.core.webui.keyword.WebUiBuiltInKeywords.click(WebUiBuiltInKeywords.groovy:722)\r\n\tat TC_Add_Comment.run(TC_Add_Comment:30)\r\n\tat com.kms.katalon.core.main.ScriptEngine.run(ScriptEngine.java:203)\r\n\tat com.kms.katalon.core.main.ScriptEngine.runScriptAsRawText(ScriptEngine.java:115)\r\n\tat com.kms.katalon.core.main.TestCaseExecutor.runScript(TestCaseExecutor.java:504)\r\n\tat com.kms.katalon.core.main.TestCaseExecutor.doExecute(TestCaseExecutor.java:495)\r\n\tat com.kms.katalon.core.main.TestCaseExecutor.processExecutionPhase(TestCaseExecutor.java:474)\r\n\tat com.kms.katalon.core.main.TestCaseExecutor.accessMainPhase(TestCaseExecutor.java:466)\r\n\tat com.kms.katalon.core.main.TestCaseExecutor.execute(TestCaseExecutor.java:336)\r\n\tat com.kms.katalon.core.common.CommonExecutor.accessTestCaseMainPhase(CommonExecutor.java:71)\r\n\tat com.kms.katalon.core.main.TestSuiteExecutor.accessTestSuiteMainPhase(TestSuiteExecutor.java:153)\r\n\tat com.kms.katalon.core.main.TestSuiteExecutor.execute(TestSuiteExecutor.java:110)\r\n\tat com.kms.katalon.core.main.TestCaseMain.startTestSuite(TestCaseMain.java:206)\r\n\tat S0528_0.run(S0528_0.groovy:40)\r\n\tat java.base/jdk.internal.reflect.DirectMethodHandleAccessor.invoke(DirectMethodHandleAccessor.java:103)\r\nCaused by: org.openqa.selenium.ElementClickInterceptedException: element click intercepted: Element <div class="assign-modal-alert">...</div> is not clickable at point (763, 99). Other element would receive the click: <div class="modal-dialog">...</div>\n  (Session info: chrome=148.0.7778.179)\nBuild info: version: '4.39.0', revision: '126f156aee'\nSystem info: os.name: 'Windows 11', os.arch: 'amd64', os.version: '10.0', java.version: '21.0.9'\nDriver info: com.kms.katalon.selenium.driver.CChromeDriver\nCommand: [e43099d9a5ed4667c645b535b1e9b03f, clickElement {id=f.9512225E57FB1572FEC9CA821E57F824.d.156CA2D9735E4F938AC4877C2D4D7ABE.e.67622}]\nCapabilities {acceptInsecureCerts: false, browserName: chrome, browserVersion: 148.0.7778.179, chrome: {chromedriverVersion: 148.0.7778.167 (65db666ac2c..., userDataDir: C:\Users\CROWN-~1\AppData\L...}, fedcm:accounts: true, goog:chromeOptions: {debuggerAddress: localhost:59267}, goog:processID: 51480, networkConnectionEnabled: false, pageLoadStrategy: normal, platformName: windows, proxy: Proxy(), se:cdp: ws://localhost:59267/devtoo..., se:cdpVersion: 148.0.7778.179, setWindowRect: true, strictFileInteractability: false, timeouts: {implicit: 0, pageLoad: 300000, script: 30000}, unhandledPromptBehavior: {alert: ignore, beforeUnload: ignore, confirm: ignore, default: ignore, file: ignore, prompt: ignore}, webSocketUrl: ws://localhost:29467/sessio..., webauthn:extension:credBlob: true, webauthn:extension:largeBlob: true, webauthn:extension:minPinLength: true, webauthn:extension:prf: true, webauthn:virtualAuthenticators: true}\nElement: [[CChromeDriver: chrome on windows (e43099d9a5ed4667c645b535b1e9b03f)] -> xpath: //*[@class and contains(concat(' ', normalize-space(@class), ' '), ' assign-modal-alert ')]]\nSession ID: e43099d9a5ed4667c645b535b1e9b03f\r\n\tat java.base/jdk.internal.reflect.DirectConstructorHandleAccessor.newInstance(DirectConstructorHandleAccessor.java:62)\r\n\tat org.openqa.selenium.remote.ErrorCodec.decode(ErrorCodec.java:167)\r\n\tat org.openqa.selenium.remote.codec.w3c.W3CHttpResponseCodec.decode(W3CHttpResponseCodec.java:142)\r\n\tat org.openqa.selenium.remote.codec.w3c.W3CHttpResponseCodec.decode(W3CHttpResponseCodec.java:49)\r\n\tat org.openqa.selenium.remote.HttpCommandExecutor.execute(HttpCommandExecutor.java:215)\r\n\tat org.openqa.selenium.remote.service.DriverCommandExecutor.invokeExecute(DriverCommandExecutor.java:216)\r\n\tat org.openqa.selenium.remote.service.DriverCommandExecutor.execute(DriverCommandExecutor.java:174)\r\n\tat org.openqa.selenium.remote.RemoteWebDriver.execute(RemoteWebDriver.java:561)\r\n\tat org.openqa.selenium.remote.RemoteWebElement.execute(RemoteWebElement.java:223)\r\n\tat org.openqa.selenium.remote.RemoteWebElement.click(RemoteWebElement.java:76)\r\n\tat java.base/jdk.internal.reflect.DirectMethodHandleAccessor.invoke(DirectMethodHandleAccessor.java:103)\r\n\tat org.openqa.selenium.support.decorators.WebDriverDecorator.call(WebDriverDecorator.java:326)\r\n\tat org.openqa.selenium.support.decorators.DefaultDecorated.call(DefaultDecorated.java:48)\r\n\tat org.openqa.selenium.support.decorators.WebDriverDecorator.lambda$createProxyFactory$3(WebDriverDecorator.java:416)\r\n\tat net.bytebuddy.renamed.java.lang.Object$ByteBuddy$ztyDKi2K.click(Unknown Source)\r\n\tat com.kms.katalon.core.webui.keyword.builtin.ClickKeyword$_click_closure1.doCall(ClickKeyword.groovy:63)\r\n\tat java.base/jdk.internal.reflect.DirectMethodHandleAccessor.invoke(DirectMethodHandleAccessor.java:103)\r\n\tat jdk.proxy2/jdk.proxy2.$Proxy56.execute(Unknown Source)\r\n\tat com.kms.katalon.core.webui.model.SeleniumActionRetryController.performAction(SeleniumActionRetryController.java:96)\r\n\tat com.kms.katalon.core.webui.model.SeleniumActionRetryController.performAction(SeleniumActionRetryController.java:83)\r\n\tat com.kms.katalon.core.webui.keyword.internal.WebUIKeywordMain$_runKeywordUntilTimeout_closure1.doCall(WebUIKeywordMain.groovy:135)\r\n\tat com.kms.katalon.core.webui.keyword.internal.WebUIKeywordMain$_runKeywordUntilTimeout_closure1.call(WebUIKeywordMain.groovy)\r\n\tat com.kms.katalon.core.webui.keyword.internal.WebUIKeywordMain.runKeyword(WebUIKeywordMain.groovy:41)\r\n\tat com.kms.katalon.core.webui.keyword.internal.WebUIKeywordMain.runKeywordUntilTimeout(WebUIKeywordMain.groovy:133)\r\n\tat com.kms.katalon.core.webui.keyword.builtin.ClickKeyword.click(ClickKeyword.groovy:72)\r\n\tat com.kms.katalon.core.webui.keyword.builtin.ClickKeyword.execute(ClickKeyword.groovy:38)\r\n\tat com.kms.katalon.core.keyword.internal.KeywordExecutor.executeKeywordForPlatform(KeywordExecutor.groovy:99)\r\n\tat com.kms.katalon.core.webui.keyword.WebUiBuiltInKeywords.click(WebUiBuiltInKeywords.groovy:722)\r\n\tat Script1779529027086.run(Script1779529027086.groovy:30)\r\n\t... 13 more\r\n)
2026-05-28 12:10:14.669 ERROR c.k.katalon.core.main.TestCaseExecutor   - ❌ Test Cases/TaskActions/Comments/TC_Add_Comment FAILED.\nReason:\ncom.kms.katalon.core.exception.StepFailedException: Unable to click on object 'Object Repository/Page_Work Order  View- Workforce Manager/div_Hi there, For line manager escalation or app'\r\n\tat com.kms.katalon.core.webui.keyword.internal.WebUIKeywordMain.stepFailed(WebUIKeywordMain.groovy:177)\r\n\tat com.kms.katalon.core.webui.keyword.internal.WebUIKeywordMain.runKeyword(WebUIKeywordMain.groovy:49)\r\n\tat com.kms.katalon.core.webui.keyword.internal.WebUIKeywordMain.runKeywordUntilTimeout(WebUIKeywordMain.groovy:133)\r\n\tat com.kms.katalon.core.webui.keyword.builtin.ClickKeyword.click(ClickKeyword.groovy:72)\r\n\tat com.kms.katalon.core.webui.keyword.builtin.ClickKeyword.execute(ClickKeyword.groovy:38)\r\n\tat com.kms.katalon.core.keyword.internal.KeywordExecutor.executeKeywordForPlatform(KeywordExecutor.groovy:99)\r\n\tat com.kms.katalon.core.webui.keyword.WebUiBuiltInKeywords.click(WebUiBuiltInKeywords.groovy:722)\r\n\tat TC_Add_Comment.run(TC_Add_Comment:30)\r\n\tat com.kms.katalon.core.main.ScriptEngine.run(ScriptEngine.java:203)\r\n\tat com.kms.katalon.core.main.ScriptEngine.runScriptAsRawText(ScriptEngine.java:115)\r\n\tat com.kms.katalon.core.main.TestCaseExecutor.runScript(TestCaseExecutor.java:504)\r\n\tat com.kms.katalon.core.main.TestCaseExecutor.doExecute(TestCaseExecutor.java:495)\r\n\tat com.kms.katalon.core.main.TestCaseExecutor.processExecutionPhase(TestCaseExecutor.java:474)\r\n\tat com.kms.katalon.core.main.TestCaseExecutor.accessMainPhase(TestCaseExecutor.java:466)\r\n\tat com.kms.katalon.core.main.TestCaseExecutor.execute(TestCaseExecutor.java:336)\r\n\tat com.kms.katalon.core.common.CommonExecutor.accessTestCaseMainPhase(CommonExecutor.java:71)\r\n\tat com.kms.katalon.core.main.TestSuiteExecutor.accessTestSuiteMainPhase(TestSuiteExecutor.java:153)\r\n\tat com.kms.katalon.core.main.TestSuiteExecutor.execute(TestSuiteExecutor.java:110)\r\n\tat com.kms.katalon.core.main.TestCaseMain.startTestSuite(TestCaseMain.java:206)\r\n\tat S0528_0.run(S0528_0.groovy:40)\r\n\tat java.base/jdk.internal.reflect.DirectMethodHandleAccessor.invoke(DirectMethodHandleAccessor.java:103)\r\nCaused by: org.openqa.selenium.ElementClickInterceptedException: element click intercepted: Element <div class="assign-modal-alert">...</div> is not clickable at point (763, 99). Other element would receive the click: <div class="modal-dialog">...</div>\n  (Session info: chrome=148.0.7778.179)\nBuild info: version: '4.39.0', revision: '126f156aee'\nSystem info: os.name: 'Windows 11', os.arch: 'amd64', os.version: '10.0', java.version: '21.0.9'\nDriver info: com.kms.katalon.selenium.driver.CChromeDriver\nCommand: [e43099d9a5ed4667c645b535b1e9b03f, clickElement {id=f.9512225E57FB1572FEC9CA821E57F824.d.156CA2D9735E4F938AC4877C2D4D7ABE.e.67622}]\nCapabilities {acceptInsecureCerts: false, browserName: chrome, browserVersion: 148.0.7778.179, chrome: {chromedriverVersion: 148.0.7778.167 (65db666ac2c..., userDataDir: C:\Users\CROWN-~1\AppData\L...}, fedcm:accounts: true, goog:chromeOptions: {debuggerAddress: localhost:59267}, goog:processID: 51480, networkConnectionEnabled: false, pageLoadStrategy: normal, platformName: windows, proxy: Proxy(), se:cdp: ws://localhost:59267/devtoo..., se:cdpVersion: 148.0.7778.179, setWindowRect: true, strictFileInteractability: false, timeouts: {implicit: 0, pageLoad: 300000, script: 30000}, unhandledPromptBehavior: {alert: ignore, beforeUnload: ignore, confirm: ignore, default: ignore, file: ignore, prompt: ignore}, webSocketUrl: ws://localhost:29467/sessio..., webauthn:extension:credBlob: true, webauthn:extension:largeBlob: true, webauthn:extension:minPinLength: true, webauthn:extension:prf: true, webauthn:virtualAuthenticators: true}\nElement: [[CChromeDriver: chrome on windows (e43099d9a5ed4667c645b535b1e9b03f)] -> xpath: //*[@class and contains(concat(' ', normalize-space(@class), ' '), ' assign-modal-alert ')]]\nSession ID: e43099d9a5ed4667c645b535b1e9b03f\r\n\tat java.base/jdk.internal.reflect.DirectConstructorHandleAccessor.newInstance(DirectConstructorHandleAccessor.java:62)\r\n\tat org.openqa.selenium.remote.ErrorCodec.decode(ErrorCodec.java:167)\r\n\tat org.openqa.selenium.remote.codec.w3c.W3CHttpResponseCodec.decode(W3CHttpResponseCodec.java:142)\r\n\tat org.openqa.selenium.remote.codec.w3c.W3CHttpResponseCodec.decode(W3CHttpResponseCodec.java:49)\r\n\tat org.openqa.selenium.remote.HttpCommandExecutor.execute(HttpCommandExecutor.java:215)\r\n\tat org.openqa.selenium.remote.service.DriverCommandExecutor.invokeExecute(DriverCommandExecutor.java:216)\r\n\tat org.openqa.selenium.remote.service.DriverCommandExecutor.execute(DriverCommandExecutor.java:174)\r\n\tat org.openqa.selenium.remote.RemoteWebDriver.execute(RemoteWebDriver.java:561)\r\n\tat org.openqa.selenium.remote.RemoteWebElement.execute(RemoteWebElement.java:223)\r\n\tat org.openqa.selenium.remote.RemoteWebElement.click(RemoteWebElement.java:76)\r\n\tat java.base/jdk.internal.reflect.DirectMethodHandleAccessor.invoke(DirectMethodHandleAccessor.java:103)\r\n\tat org.openqa.selenium.support.decorators.WebDriverDecorator.call(WebDriverDecorator.java:326)\r\n\tat org.openqa.selenium.support.decorators.DefaultDecorated.call(DefaultDecorated.java:48)\r\n\tat org.openqa.selenium.support.decorators.WebDriverDecorator.lambda$createProxyFactory$3(WebDriverDecorator.java:416)\r\n\tat net.bytebuddy.renamed.java.lang.Object$ByteBuddy$ztyDKi2K.click(Unknown Source)\r\n\tat com.kms.katalon.core.webui.keyword.builtin.ClickKeyword$_click_closure1.doCall(ClickKeyword.groovy:63)\r\n\tat java.base/jdk.internal.reflect.DirectMethodHandleAccessor.invoke(DirectMethodHandleAccessor.java:103)\r\n\tat jdk.proxy2/jdk.proxy2.$Proxy56.execute(Unknown Source)\r\n\tat com.kms.katalon.core.webui.model.SeleniumActionRetryController.performAction(SeleniumActionRetryController.java:96)\r\n\tat com.kms.katalon.core.webui.model.SeleniumActionRetryController.performAction(SeleniumActionRetryController.java:83)\r\n\tat com.kms.katalon.core.webui.keyword.internal.WebUIKeywordMain$_runKeywordUntilTimeout_closure1.doCall(WebUIKeywordMain.groovy:135)\r\n\tat com.kms.katalon.core.webui.keyword.internal.WebUIKeywordMain$_runKeywordUntilTimeout_closure1.call(WebUIKeywordMain.groovy)\r\n\tat com.kms.katalon.core.webui.keyword.internal.WebUIKeywordMain.runKeyword(WebUIKeywordMain.groovy:41)\r\n\t... 19 more\r\n
2026-05-28 12:10:14.675 INFO  c.k.katalon.core.main.TestCaseExecutor   - END Test Cases/TaskActions/Comments/TC_Add_Comment
2026-05-28 12:10:14.675 INFO  c.k.katalon.core.main.TestCaseExecutor   - --------------------
2026-05-28 12:10:14.675 INFO  c.k.katalon.core.main.TestCaseExecutor   - START Test Cases/TaskActions/Comments/TC_Add_Comment - Retry attempt 1
2026-05-28 12:10:14.699 DEBUG testcase.TC_Add_Comment                  - 1: waitForPageLoad(20)
2026-05-28 12:10:14.705 DEBUG testcase.TC_Add_Comment                  - 2: waitForElementPresent(findTestObject("Page_Work Order  Index- Workforce Manager/input_Search"), 20)
2026-05-28 12:10:34.906 WARN  k.k.c.w.k.b.WaitForElementPresentKeyword - Object 'Object Repository/Page_Work Order  Index- Workforce Manager/input_Search' is not present after 20 second(s)
2026-05-28 12:10:34.906 DEBUG testcase.TC_Add_Comment                  - 3: waitForPageLoad(20)
2026-05-28 12:10:34.914 DEBUG testcase.TC_Add_Comment                  - 4: waitForElementPresent(findTestObject("Page_Work Order  Index- Workforce Manager/input_Search"), 20)
2026-05-28 12:10:55.141 WARN  k.k.c.w.k.b.WaitForElementPresentKeyword - Object 'Object Repository/Page_Work Order  Index- Workforce Manager/input_Search' is not present after 20 second(s)
2026-05-28 12:10:55.143 DEBUG testcase.TC_Add_Comment                  - 5: click(findTestObject("Page_Work Order  View- Workforce Manager/div_Hi there, For line manager escalation or app"))
2026-05-28 12:11:05.163 WARN  c.k.k.c.w.keyword.builtin.ClickKeyword   - Waiting for element timed out
2026-05-28 12:11:06.354 ERROR c.k.k.core.keyword.internal.KeywordMain  - ❌ Unable to click on object 'Object Repository/Page_Work Order  View- Workforce Manager/div_Hi there, For line manager escalation or app' (Root cause: com.kms.katalon.core.exception.StepFailedException: Unable to click on object 'Object Repository/Page_Work Order  View- Workforce Manager/div_Hi there, For line manager escalation or app'\r\n\tat com.kms.katalon.core.webui.keyword.internal.WebUIKeywordMain.stepFailed(WebUIKeywordMain.groovy:177)\r\n\tat com.kms.katalon.core.webui.keyword.internal.WebUIKeywordMain.runKeyword(WebUIKeywordMain.groovy:49)\r\n\tat com.kms.katalon.core.webui.keyword.internal.WebUIKeywordMain.runKeywordUntilTimeout(WebUIKeywordMain.groovy:133)\r\n\tat com.kms.katalon.core.webui.keyword.builtin.ClickKeyword.click(ClickKeyword.groovy:72)\r\n\tat com.kms.katalon.core.webui.keyword.builtin.ClickKeyword.execute(ClickKeyword.groovy:38)\r\n\tat com.kms.katalon.core.keyword.internal.KeywordExecutor.executeKeywordForPlatform(KeywordExecutor.groovy:99)\r\n\tat com.kms.katalon.core.webui.keyword.WebUiBuiltInKeywords.click(WebUiBuiltInKeywords.groovy:722)\r\n\tat TC_Add_Comment.run(TC_Add_Comment:30)\r\n\tat com.kms.katalon.core.main.ScriptEngine.run(ScriptEngine.java:203)\r\n\tat com.kms.katalon.core.main.ScriptEngine.runScriptAsRawText(ScriptEngine.java:115)\r\n\tat com.kms.katalon.core.main.TestCaseExecutor.runScript(TestCaseExecutor.java:504)\r\n\tat com.kms.katalon.core.main.TestCaseExecutor.doExecute(TestCaseExecutor.java:495)\r\n\tat com.kms.katalon.core.main.TestCaseExecutor.processExecutionPhase(TestCaseExecutor.java:474)\r\n\tat com.kms.katalon.core.main.TestCaseExecutor.accessMainPhase(TestCaseExecutor.java:466)\r\n\tat com.kms.katalon.core.main.TestCaseExecutor.execute(TestCaseExecutor.java:336)\r\n\tat com.kms.katalon.core.main.TestCaseExecutor.execute(TestCaseExecutor.java:424)\r\n\tat com.kms.katalon.core.common.CommonExecutor.accessTestCaseMainPhase(CommonExecutor.java:71)\r\n\tat com.kms.katalon.core.main.TestSuiteExecutor.accessTestSuiteMainPhase(TestSuiteExecutor.java:153)\r\n\tat com.kms.katalon.core.main.TestSuiteExecutor.execute(TestSuiteExecutor.java:110)\r\n\tat com.kms.katalon.core.main.TestCaseMain.startTestSuite(TestCaseMain.java:206)\r\n\tat S0528_0.run(S0528_0.groovy:40)\r\n\tat java.base/jdk.internal.reflect.DirectMethodHandleAccessor.invoke(DirectMethodHandleAccessor.java:103)\r\nCaused by: org.openqa.selenium.ElementClickInterceptedException: element click intercepted: Element <div class="assign-modal-alert">...</div> is not clickable at point (457, 96). Other element would receive the click: <div class="modal-backdrop fade in" style="height: 1062px;"></div>\n  (Session info: chrome=148.0.7778.179)\nBuild info: version: '4.39.0', revision: '126f156aee'\nSystem info: os.name: 'Windows 11', os.arch: 'amd64', os.version: '10.0', java.version: '21.0.9'\nDriver info: com.kms.katalon.selenium.driver.CChromeDriver\nCommand: [e43099d9a5ed4667c645b535b1e9b03f, clickElement {id=f.9512225E57FB1572FEC9CA821E57F824.d.156CA2D9735E4F938AC4877C2D4D7ABE.e.67622}]\nCapabilities {acceptInsecureCerts: false, browserName: chrome, browserVersion: 148.0.7778.179, chrome: {chromedriverVersion: 148.0.7778.167 (65db666ac2c..., userDataDir: C:\Users\CROWN-~1\AppData\L...}, fedcm:accounts: true, goog:chromeOptions: {debuggerAddress: localhost:59267}, goog:processID: 51480, networkConnectionEnabled: false, pageLoadStrategy: normal, platformName: windows, proxy: Proxy(), se:cdp: ws://localhost:59267/devtoo..., se:cdpVersion: 148.0.7778.179, setWindowRect: true, strictFileInteractability: false, timeouts: {implicit: 0, pageLoad: 300000, script: 30000}, unhandledPromptBehavior: {alert: ignore, beforeUnload: ignore, confirm: ignore, default: ignore, file: ignore, prompt: ignore}, webSocketUrl: ws://localhost:29467/sessio..., webauthn:extension:credBlob: true, webauthn:extension:largeBlob: true, webauthn:extension:minPinLength: true, webauthn:extension:prf: true, webauthn:virtualAuthenticators: true}\nElement: [[CChromeDriver: chrome on windows (e43099d9a5ed4667c645b535b1e9b03f)] -> xpath: //*[@class and contains(concat(' ', normalize-space(@class), ' '), ' assign-modal-alert ')]]\nSession ID: e43099d9a5ed4667c645b535b1e9b03f\r\n\tat java.base/jdk.internal.reflect.DirectConstructorHandleAccessor.newInstance(DirectConstructorHandleAccessor.java:62)\r\n\tat org.openqa.selenium.remote.ErrorCodec.decode(ErrorCodec.java:167)\r\n\tat org.openqa.selenium.remote.codec.w3c.W3CHttpResponseCodec.decode(W3CHttpResponseCodec.java:142)\r\n\tat org.openqa.selenium.remote.codec.w3c.W3CHttpResponseCodec.decode(W3CHttpResponseCodec.java:49)\r\n\tat org.openqa.selenium.remote.HttpCommandExecutor.execute(HttpCommandExecutor.java:215)\r\n\tat org.openqa.selenium.remote.service.DriverCommandExecutor.invokeExecute(DriverCommandExecutor.java:216)\r\n\tat org.openqa.selenium.remote.service.DriverCommandExecutor.execute(DriverCommandExecutor.java:174)\r\n\tat org.openqa.selenium.remote.RemoteWebDriver.execute(RemoteWebDriver.java:561)\r\n\tat org.openqa.selenium.remote.RemoteWebElement.execute(RemoteWebElement.java:223)\r\n\tat org.openqa.selenium.remote.RemoteWebElement.click(RemoteWebElement.java:76)\r\n\tat java.base/jdk.internal.reflect.DirectMethodHandleAccessor.invoke(DirectMethodHandleAccessor.java:103)\r\n\tat org.openqa.selenium.support.decorators.WebDriverDecorator.call(WebDriverDecorator.java:326)\r\n\tat org.openqa.selenium.support.decorators.DefaultDecorated.call(DefaultDecorated.java:48)\r\n\tat org.openqa.selenium.support.decorators.WebDriverDecorator.lambda$createProxyFactory$3(WebDriverDecorator.java:416)\r\n\tat net.bytebuddy.renamed.java.lang.Object$ByteBuddy$ztyDKi2K.click(Unknown Source)\r\n\tat com.kms.katalon.core.webui.keyword.builtin.ClickKeyword$_click_closure1.doCall(ClickKeyword.groovy:63)\r\n\tat java.base/jdk.internal.reflect.DirectMethodHandleAccessor.invoke(DirectMethodHandleAccessor.java:103)\r\n\tat jdk.proxy2/jdk.proxy2.$Proxy56.execute(Unknown Source)\r\n\tat com.kms.katalon.core.webui.model.SeleniumActionRetryController.performAction(SeleniumActionRetryController.java:96)\r\n\tat com.kms.katalon.core.webui.model.SeleniumActionRetryController.performAction(SeleniumActionRetryController.java:83)\r\n\tat com.kms.katalon.core.webui.keyword.internal.WebUIKeywordMain$_runKeywordUntilTimeout_closure1.doCall(WebUIKeywordMain.groovy:135)\r\n\tat com.kms.katalon.core.webui.keyword.internal.WebUIKeywordMain$_runKeywordUntilTimeout_closure1.call(WebUIKeywordMain.groovy)\r\n\tat com.kms.katalon.core.webui.keyword.internal.WebUIKeywordMain.runKeyword(WebUIKeywordMain.groovy:41)\r\n\tat com.kms.katalon.core.webui.keyword.internal.WebUIKeywordMain.runKeywordUntilTimeout(WebUIKeywordMain.groovy:133)\r\n\tat com.kms.katalon.core.webui.keyword.builtin.ClickKeyword.click(ClickKeyword.groovy:72)\r\n\tat com.kms.katalon.core.webui.keyword.builtin.ClickKeyword.execute(ClickKeyword.groovy:38)\r\n\tat com.kms.katalon.core.keyword.internal.KeywordExecutor.executeKeywordForPlatform(KeywordExecutor.groovy:99)\r\n\tat com.kms.katalon.core.webui.keyword.WebUiBuiltInKeywords.click(WebUiBuiltInKeywords.groovy:722)\r\n\tat Script1779529027086.run(Script1779529027086.groovy:30)\r\n\t... 14 more\r\n)
2026-05-28 12:11:06.357 ERROR c.k.katalon.core.main.TestCaseExecutor   - ❌ Test Cases/TaskActions/Comments/TC_Add_Comment FAILED.\nReason:\ncom.kms.katalon.core.exception.StepFailedException: Unable to click on object 'Object Repository/Page_Work Order  View- Workforce Manager/div_Hi there, For line manager escalation or app'\r\n\tat com.kms.katalon.core.webui.keyword.internal.WebUIKeywordMain.stepFailed(WebUIKeywordMain.groovy:177)\r\n\tat com.kms.katalon.core.webui.keyword.internal.WebUIKeywordMain.runKeyword(WebUIKeywordMain.groovy:49)\r\n\tat com.kms.katalon.core.webui.keyword.internal.WebUIKeywordMain.runKeywordUntilTimeout(WebUIKeywordMain.groovy:133)\r\n\tat com.kms.katalon.core.webui.keyword.builtin.ClickKeyword.click(ClickKeyword.groovy:72)\r\n\tat com.kms.katalon.core.webui.keyword.builtin.ClickKeyword.execute(ClickKeyword.groovy:38)\r\n\tat com.kms.katalon.core.keyword.internal.KeywordExecutor.executeKeywordForPlatform(KeywordExecutor.groovy:99)\r\n\tat com.kms.katalon.core.webui.keyword.WebUiBuiltInKeywords.click(WebUiBuiltInKeywords.groovy:722)\r\n\tat TC_Add_Comment.run(TC_Add_Comment:30)\r\n\tat com.kms.katalon.core.main.ScriptEngine.run(ScriptEngine.java:203)\r\n\tat com.kms.katalon.core.main.ScriptEngine.runScriptAsRawText(ScriptEngine.java:115)\r\n\tat com.kms.katalon.core.main.TestCaseExecutor.runScript(TestCaseExecutor.java:504)\r\n\tat com.kms.katalon.core.main.TestCaseExecutor.doExecute(TestCaseExecutor.java:495)\r\n\tat com.kms.katalon.core.main.TestCaseExecutor.processExecutionPhase(TestCaseExecutor.java:474)\r\n\tat com.kms.katalon.core.main.TestCaseExecutor.accessMainPhase(TestCaseExecutor.java:466)\r\n\tat com.kms.katalon.core.main.TestCaseExecutor.execute(TestCaseExecutor.java:336)\r\n\tat com.kms.katalon.core.main.TestCaseExecutor.execute(TestCaseExecutor.java:424)\r\n\tat com.kms.katalon.core.common.CommonExecutor.accessTestCaseMainPhase(CommonExecutor.java:71)\r\n\tat com.kms.katalon.core.main.TestSuiteExecutor.accessTestSuiteMainPhase(TestSuiteExecutor.java:153)\r\n\tat com.kms.katalon.core.main.TestSuiteExecutor.execute(TestSuiteExecutor.java:110)\r\n\tat com.kms.katalon.core.main.TestCaseMain.startTestSuite(TestCaseMain.java:206)\r\n\tat S0528_0.run(S0528_0.groovy:40)\r\n\tat java.base/jdk.internal.reflect.DirectMethodHandleAccessor.invoke(DirectMethodHandleAccessor.java:103)\r\nCaused by: org.openqa.selenium.ElementClickInterceptedException: element click intercepted: Element <div class="assign-modal-alert">...</div> is not clickable at point (457, 96). Other element would receive the click: <div class="modal-backdrop fade in" style="height: 1062px;"></div>\n  (Session info: chrome=148.0.7778.179)\nBuild info: version: '4.39.0', revision: '126f156aee'\nSystem info: os.name: 'Windows 11', os.arch: 'amd64', os.version: '10.0', java.version: '21.0.9'\nDriver info: com.kms.katalon.selenium.driver.CChromeDriver\nCommand: [e43099d9a5ed4667c645b535b1e9b03f, clickElement {id=f.9512225E57FB1572FEC9CA821E57F824.d.156CA2D9735E4F938AC4877C2D4D7ABE.e.67622}]\nCapabilities {acceptInsecureCerts: false, browserName: chrome, browserVersion: 148.0.7778.179, chrome: {chromedriverVersion: 148.0.7778.167 (65db666ac2c..., userDataDir: C:\Users\CROWN-~1\AppData\L...}, fedcm:accounts: true, goog:chromeOptions: {debuggerAddress: localhost:59267}, goog:processID: 51480, networkConnectionEnabled: false, pageLoadStrategy: normal, platformName: windows, proxy: Proxy(), se:cdp: ws://localhost:59267/devtoo..., se:cdpVersion: 148.0.7778.179, setWindowRect: true, strictFileInteractability: false, timeouts: {implicit: 0, pageLoad: 300000, script: 30000}, unhandledPromptBehavior: {alert: ignore, beforeUnload: ignore, confirm: ignore, default: ignore, file: ignore, prompt: ignore}, webSocketUrl: ws://localhost:29467/sessio..., webauthn:extension:credBlob: true, webauthn:extension:largeBlob: true, webauthn:extension:minPinLength: true, webauthn:extension:prf: true, webauthn:virtualAuthenticators: true}\nElement: [[CChromeDriver: chrome on windows (e43099d9a5ed4667c645b535b1e9b03f)] -> xpath: //*[@class and contains(concat(' ', normalize-space(@class), ' '), ' assign-modal-alert ')]]\nSession ID: e43099d9a5ed4667c645b535b1e9b03f\r\n\tat java.base/jdk.internal.reflect.DirectConstructorHandleAccessor.newInstance(DirectConstructorHandleAccessor.java:62)\r\n\tat org.openqa.selenium.remote.ErrorCodec.decode(ErrorCodec.java:167)\r\n\tat org.openqa.selenium.remote.codec.w3c.W3CHttpResponseCodec.decode(W3CHttpResponseCodec.java:142)\r\n\tat org.openqa.selenium.remote.codec.w3c.W3CHttpResponseCodec.decode(W3CHttpResponseCodec.java:49)\r\n\tat org.openqa.selenium.remote.HttpCommandExecutor.execute(HttpCommandExecutor.java:215)\r\n\tat org.openqa.selenium.remote.service.DriverCommandExecutor.invokeExecute(DriverCommandExecutor.java:216)\r\n\tat org.openqa.selenium.remote.service.DriverCommandExecutor.execute(DriverCommandExecutor.java:174)\r\n\tat org.openqa.selenium.remote.RemoteWebDriver.execute(RemoteWebDriver.java:561)\r\n\tat org.openqa.selenium.remote.RemoteWebElement.execute(RemoteWebElement.java:223)\r\n\tat org.openqa.selenium.remote.RemoteWebElement.click(RemoteWebElement.java:76)\r\n\tat java.base/jdk.internal.reflect.DirectMethodHandleAccessor.invoke(DirectMethodHandleAccessor.java:103)\r\n\tat org.openqa.selenium.support.decorators.WebDriverDecorator.call(WebDriverDecorator.java:326)\r\n\tat org.openqa.selenium.support.decorators.DefaultDecorated.call(DefaultDecorated.java:48)\r\n\tat org.openqa.selenium.support.decorators.WebDriverDecorator.lambda$createProxyFactory$3(WebDriverDecorator.java:416)\r\n\tat net.bytebuddy.renamed.java.lang.Object$ByteBuddy$ztyDKi2K.click(Unknown Source)\r\n\tat com.kms.katalon.core.webui.keyword.builtin.ClickKeyword$_click_closure1.doCall(ClickKeyword.groovy:63)\r\n\tat java.base/jdk.internal.reflect.DirectMethodHandleAccessor.invoke(DirectMethodHandleAccessor.java:103)\r\n\tat jdk.proxy2/jdk.proxy2.$Proxy56.execute(Unknown Source)\r\n\tat com.kms.katalon.core.webui.model.SeleniumActionRetryController.performAction(SeleniumActionRetryController.java:96)\r\n\tat com.kms.katalon.core.webui.model.SeleniumActionRetryController.performAction(SeleniumActionRetryController.java:83)\r\n\tat com.kms.katalon.core.webui.keyword.internal.WebUIKeywordMain$_runKeywordUntilTimeout_closure1.doCall(WebUIKeywordMain.groovy:135)\r\n\tat com.kms.katalon.core.webui.keyword.internal.WebUIKeywordMain$_runKeywordUntilTimeout_closure1.call(WebUIKeywordMain.groovy)\r\n\tat com.kms.katalon.core.webui.keyword.internal.WebUIKeywordMain.runKeyword(WebUIKeywordMain.groovy:41)\r\n\t... 20 more\r\n
2026-05-28 12:11:06.360 INFO  c.k.katalon.core.main.TestCaseExecutor   - END Test Cases/TaskActions/Comments/TC_Add_Comment
2026-05-28 12:11:06.363 INFO  c.k.katalon.core.main.TestCaseExecutor   - --------------------
2026-05-28 12:11:06.363 INFO  c.k.katalon.core.main.TestCaseExecutor   - START Test Cases/TaskActions/Comments/TC_Add_Comment - Retry attempt 2
2026-05-28 12:11:06.371 DEBUG testcase.TC_Add_Comment                  - 1: waitForPageLoad(20)
2026-05-28 12:11:06.380 DEBUG testcase.TC_Add_Comment                  - 2: waitForElementPresent(findTestObject("Page_Work Order  Index- Workforce Manager/input_Search"), 20)
2026-05-28 12:11:26.581 WARN  k.k.c.w.k.b.WaitForElementPresentKeyword - Object 'Object Repository/Page_Work Order  Index- Workforce Manager/input_Search' is not present after 20 second(s)
2026-05-28 12:11:26.582 DEBUG testcase.TC_Add_Comment                  - 3: waitForPageLoad(20)
2026-05-28 12:11:26.590 DEBUG testcase.TC_Add_Comment                  - 4: waitForElementPresent(findTestObject("Page_Work Order  Index- Workforce Manager/input_Search"), 20)
2026-05-28 12:11:46.626 WARN  k.k.c.w.k.b.WaitForElementPresentKeyword - Object 'Object Repository/Page_Work Order  Index- Workforce Manager/input_Search' is not present after 20 second(s)
2026-05-28 12:11:46.627 DEBUG testcase.TC_Add_Comment                  - 5: click(findTestObject("Page_Work Order  View- Workforce Manager/div_Hi there, For line manager escalation or app"))
2026-05-28 12:11:46.960 DEBUG testcase.TC_Add_Comment                  - 6: click(findTestObject("Page_Work Order  View- Workforce Manager/button_assign-modal-close-btn_1"))
2026-05-28 12:11:47.282 DEBUG testcase.TC_Add_Comment                  - 7: click(findTestObject("Page_Work Order  View- Workforce Manager/a_Add Comment"))
2026-05-28 12:11:47.671 DEBUG testcase.TC_Add_Comment                  - 8: setText(findTestObject("Page_Work Order  View- Workforce Manager/textarea_To mention a user or role, type  in fr"), "@chubby")
2026-05-28 12:11:48.573 DEBUG testcase.TC_Add_Comment                  - 9: click(findTestObject("Page_Work Order  View- Workforce Manager/a_Chubby Chubbystandard user"))
2026-05-28 12:11:50.196 DEBUG testcase.TC_Add_Comment                  - 10: setText(findTestObject("Page_Work Order  View- Workforce Manager/textarea_To mention a user or role, type  in fr"), "[~Chubby Chubby] ")
2026-05-28 12:11:50.881 DEBUG testcase.TC_Add_Comment                  - 11: setText(findTestObject("Page_Work Order  View- Workforce Manager/textarea_To mention a user or role, type  in fr"), "[~Chubby Chubby] Smoke test comment Automation ")
2026-05-28 12:11:51.836 DEBUG testcase.TC_Add_Comment                  - 12: click(findTestObject("Page_Work Order  View- Workforce Manager/a_save_comment"))
2026-05-28 12:11:52.373 DEBUG testcase.TC_Add_Comment                  - 13: waitForElementVisible(findTestObject("Page_Work Order  View- Workforce Manager/div_Comment saved successfully"), 20)
2026-05-28 12:12:12.695 WARN  k.k.c.w.k.b.WaitForElementVisibleKeyword - Object 'Object Repository/Page_Work Order  View- Workforce Manager/div_Comment saved successfully' is not visible after 20 second(s)
2026-05-28 12:12:12.696 DEBUG testcase.TC_Add_Comment                  - 14: delay(2)
2026-05-28 12:12:14.703 DEBUG testcase.TC_Add_Comment                  - 15: waitForElementClickable(findTestObject("Page_Work Order  View- Workforce Manager/button_SaveComment"), 20)
2026-05-28 12:12:16.764 DEBUG testcase.TC_Add_Comment                  - 16: click(findTestObject("Page_Work Order  View- Workforce Manager/button_SaveComment"))
2026-05-28 12:12:17.553 INFO  c.k.katalon.core.main.TestCaseExecutor   - END Test Cases/TaskActions/Comments/TC_Add_Comment
2026-05-28 12:12:17.555 INFO  c.k.katalon.core.main.TestCaseExecutor   - --------------------
2026-05-28 12:12:17.555 INFO  c.k.katalon.core.main.TestCaseExecutor   - START Test Cases/TaskActions/Change_Priority/Priority
2026-05-28 12:12:17.589 DEBUG testcase.Priority                        - 1: waitForPageLoad(20)
2026-05-28 12:12:17.596 DEBUG testcase.Priority                        - 2: waitForElementClickable(findTestObject("Page_Work Order  View- Workforce Manager/i_fa fa-pencil text-interact-blue"), 20)
2026-05-28 12:12:17.893 DEBUG testcase.Priority                        - 3: click(findTestObject("Page_Work Order  View- Workforce Manager/i_fa fa-pencil text-interact-blue"))
2026-05-28 12:12:18.238 DEBUG testcase.Priority                        - 4: waitForElementClickable(findTestObject("Page_Work Order  View- Workforce Manager/small_High"), 20)
2026-05-28 12:12:18.509 DEBUG testcase.Priority                        - 5: click(findTestObject("Page_Work Order  View- Workforce Manager/small_High"))
2026-05-28 12:12:20.723 DEBUG testcase.Priority                        - 6: click(findTestObject("Page_Work Order  View- Workforce Manager/div_Successful"))
2026-05-28 12:12:22.906 DEBUG testcase.Priority                        - 7: click(findTestObject("Page_Work Order  View- Workforce Manager/button_OK"))
2026-05-28 12:12:23.236 INFO  c.k.katalon.core.main.TestCaseExecutor   - END Test Cases/TaskActions/Change_Priority/Priority
2026-05-28 12:12:23.240 INFO  c.k.katalon.core.main.TestCaseExecutor   - --------------------
2026-05-28 12:12:23.240 INFO  c.k.katalon.core.main.TestCaseExecutor   - START Test Cases/TaskActions/Table_Actions/Download_File
2026-05-28 12:12:23.284 DEBUG testcase.Download_File                   - 1: waitForPageLoad(20)
2026-05-28 12:12:23.291 DEBUG testcase.Download_File                   - 2: waitForElementPresent(findTestObject("Page_Work Order  Index- Workforce Manager/input_Search"), 20)
2026-05-28 12:12:43.366 WARN  k.k.c.w.k.b.WaitForElementPresentKeyword - Object 'Object Repository/Page_Work Order  Index- Workforce Manager/input_Search' is not present after 20 second(s)
2026-05-28 12:12:43.367 DEBUG testcase.Download_File                   - 3: click(findTestObject("Page_Work Order  View- Workforce Manager/btn_Download"))
2026-05-28 12:12:43.909 INFO  c.k.katalon.core.main.TestCaseExecutor   - END Test Cases/TaskActions/Table_Actions/Download_File
2026-05-28 12:12:43.913 INFO  c.k.katalon.core.main.TestCaseExecutor   - --------------------
2026-05-28 12:12:43.914 INFO  c.k.katalon.core.main.TestCaseExecutor   - START Test Cases/TaskActions/Table_Actions/View_File
2026-05-28 12:12:43.968 DEBUG testcase.View_File                       - 1: waitForPageLoad(20)
2026-05-28 12:12:43.982 DEBUG testcase.View_File                       - 2: waitForElementPresent(findTestObject("Page_Work Order  Index- Workforce Manager/input_Search"), 20)
2026-05-28 12:13:04.218 WARN  k.k.c.w.k.b.WaitForElementPresentKeyword - Object 'Object Repository/Page_Work Order  Index- Workforce Manager/input_Search' is not present after 20 second(s)
2026-05-28 12:13:04.220 DEBUG testcase.View_File                       - 3: click(findTestObject("Page_Work Order  View- Workforce Manager/btn_View"))
2026-05-28 12:13:04.572 DEBUG testcase.View_File                       - 4: println("Viewer opened")
Viewer opened
2026-05-28 12:13:04.573 DEBUG testcase.View_File                       - 5: delay(5)
2026-05-28 12:13:09.579 DEBUG testcase.View_File                       - 6: waitForElementVisible(findTestObject("Page_Work Order  View- Workforce Manager/i_fa fa-chevron-right_1"), 20)
2026-05-28 12:13:09.846 DEBUG testcase.View_File                       - 7: click(findTestObject("Page_Work Order  View- Workforce Manager/i_fa fa-chevron-right_1"))
2026-05-28 12:13:10.172 DEBUG testcase.View_File                       - 8: println("Viewer closed")
Viewer closed
2026-05-28 12:13:10.173 INFO  c.k.katalon.core.main.TestCaseExecutor   - END Test Cases/TaskActions/Table_Actions/View_File
2026-05-28 12:13:10.515 INFO  c.k.katalon.core.main.TestSuiteExecutor  - --------------------
2026-05-28 12:13:10.515 INFO  c.k.katalon.core.main.TestSuiteExecutor  - END Test Suites/Survey_suite_model
2026-05-28 12:13:10.515 INFO  c.k.katalon.core.main.TestSuiteExecutor  - ====================
