2026-05-19 11:18:10.624 INFO  c.k.k.c.l.logback.LogbackConfigurator    - Logback default configuration initialized from: C:\Users\CROWN-STAFF\.katalon\packages\KS-11.1.3\configuration\org.eclipse.osgi\150\0\.cp\resources\logback\logback-execution.xml
2026-05-19 11:18:10.632 INFO  c.k.k.c.l.logback.LogbackConfigurator    - Logback custom configuration initialized from: C:\Users\CROWN-STAFF\git\convergence-qa-tests\Include\config\log.properties
2026-05-19 11:18:13.058 INFO  c.k.katalon.core.main.TestSuiteExecutor  - START Test Suites/Survey_suite_model
2026-05-19 11:18:13.395 INFO  c.k.katalon.core.main.TestSuiteExecutor  - userFullName = Chinwuba Okafor
2026-05-19 11:18:13.407 INFO  c.k.katalon.core.main.TestSuiteExecutor  - projectName = convergence-qa-tests
2026-05-19 11:18:13.409 INFO  c.k.katalon.core.main.TestSuiteExecutor  - hostName = CROWN-STAFF - DESKTOP-4SI0S1N
2026-05-19 11:18:13.416 INFO  c.k.katalon.core.main.TestSuiteExecutor  - os = Windows 11 64bit
2026-05-19 11:18:13.427 INFO  c.k.katalon.core.main.TestSuiteExecutor  - hostAddress = 192.168.2.111
2026-05-19 11:18:13.432 INFO  c.k.katalon.core.main.TestSuiteExecutor  - katalonVersion = 11.1.3.0
2026-05-19 11:18:14.045 INFO  c.k.katalon.core.main.TestCaseExecutor   - --------------------
2026-05-19 11:18:14.047 INFO  c.k.katalon.core.main.TestCaseExecutor   - START Test Cases/Login/Login with Invalid Credentials_Wrong Password
2026-05-19 11:18:15.921 DEBUG  with Invalid Credentials_Wrong Password - 1: openBrowser("")
2026-05-19 11:18:16.957 INFO  c.k.k.core.webui.driver.DriverFactory    - Starting 'Chrome' driver
2026-05-19 11:18:17.126 INFO  c.k.k.core.webui.driver.DriverFactory    - Action delay is set to 0 milliseconds
2026-05-19 11:18:25.724 INFO  c.k.k.core.webui.driver.DriverFactory    - sessionId = 586e2bb6c8e63862d82c83dbe9027f91
2026-05-19 11:18:25.728 INFO  c.k.k.core.webui.driver.DriverFactory    - browser = Chrome 148.0.7778.168
2026-05-19 11:18:25.730 INFO  c.k.k.core.webui.driver.DriverFactory    - platform = Windows 11
2026-05-19 11:18:25.739 INFO  c.k.k.core.webui.driver.DriverFactory    - seleniumVersion = 4.39.0
2026-05-19 11:18:25.770 INFO  c.k.k.core.webui.driver.DriverFactory    - proxyInformation = ProxyInformation { proxyOption=NO_PROXY, proxyServerType=HTTP, username=, password=********, proxyServerAddress=, proxyServerPort=0, executionList="", isApplyToDesiredCapabilities=true }
2026-05-19 11:18:25.929 DEBUG  with Invalid Credentials_Wrong Password - 2: navigateToUrl("https://convergenceondemand.com/login")
2026-05-19 11:18:26.646 DEBUG  with Invalid Credentials_Wrong Password - 3: openBrowser("")
2026-05-19 11:18:26.725 WARN  c.k.k.core.webui.driver.DriverFactory    - A browser is already opened. Closing browser and opening a new one
2026-05-19 11:18:29.420 INFO  c.k.k.core.webui.driver.DriverFactory    - Starting 'Chrome' driver
2026-05-19 11:18:29.429 INFO  c.k.k.core.webui.driver.DriverFactory    - Action delay is set to 0 milliseconds
2026-05-19 11:18:33.017 INFO  c.k.k.core.webui.driver.DriverFactory    - sessionId = ab9f9ea7459a56e64eded42384b26471
2026-05-19 11:18:33.022 INFO  c.k.k.core.webui.driver.DriverFactory    - browser = Chrome 148.0.7778.168
2026-05-19 11:18:33.024 INFO  c.k.k.core.webui.driver.DriverFactory    - platform = Windows 11
2026-05-19 11:18:33.025 INFO  c.k.k.core.webui.driver.DriverFactory    - seleniumVersion = 4.39.0
2026-05-19 11:18:33.028 INFO  c.k.k.core.webui.driver.DriverFactory    - proxyInformation = ProxyInformation { proxyOption=NO_PROXY, proxyServerType=HTTP, username=, password=********, proxyServerAddress=, proxyServerPort=0, executionList="", isApplyToDesiredCapabilities=true }
2026-05-19 11:18:33.113 DEBUG  with Invalid Credentials_Wrong Password - 4: navigateToUrl("https://convergenceondemand.com/login")
2026-05-19 11:18:34.521 DEBUG  with Invalid Credentials_Wrong Password - 5: setText(findTestObject("Page_1Government Login/input_Enter your MDA"), "govtest")
2026-05-19 11:18:37.093 DEBUG  with Invalid Credentials_Wrong Password - 6: setText(findTestObject("Page_1Government Login/input_Enter Email"), "apisupport@cicod.com")
2026-05-19 11:18:38.515 DEBUG  with Invalid Credentials_Wrong Password - 7: setEncryptedText(findTestObject("Page_1Government Login/input_Enter password"), "4nvbrPglk7k=")
2026-05-19 11:18:39.318 DEBUG  with Invalid Credentials_Wrong Password - 8: click(findTestObject("Page_1Government Login/button_Login"))
2026-05-19 11:18:40.052 INFO  c.k.katalon.core.main.TestCaseExecutor   - END Test Cases/Login/Login with Invalid Credentials_Wrong Password
2026-05-19 11:18:40.078 INFO  c.k.katalon.core.main.TestCaseExecutor   - --------------------
2026-05-19 11:18:40.079 INFO  c.k.katalon.core.main.TestCaseExecutor   - START Test Cases/Login/Login With Valid Credentials
2026-05-19 11:18:40.406 DEBUG testcase.Login With Valid Credentials    - 1: openBrowser("")
2026-05-19 11:18:40.424 WARN  c.k.k.core.webui.driver.DriverFactory    - A browser is already opened. Closing browser and opening a new one
2026-05-19 11:18:41.223 INFO  c.k.k.core.webui.driver.DriverFactory    - Starting 'Chrome' driver
2026-05-19 11:18:41.238 INFO  c.k.k.core.webui.driver.DriverFactory    - Action delay is set to 0 milliseconds
2026-05-19 11:18:45.560 INFO  c.k.k.core.webui.driver.DriverFactory    - sessionId = 2f4719c9f0d2dc71ce682d31af2a768b
2026-05-19 11:18:45.562 INFO  c.k.k.core.webui.driver.DriverFactory    - browser = Chrome 148.0.7778.168
2026-05-19 11:18:45.564 INFO  c.k.k.core.webui.driver.DriverFactory    - platform = Windows 11
2026-05-19 11:18:45.564 INFO  c.k.k.core.webui.driver.DriverFactory    - seleniumVersion = 4.39.0
2026-05-19 11:18:45.566 INFO  c.k.k.core.webui.driver.DriverFactory    - proxyInformation = ProxyInformation { proxyOption=NO_PROXY, proxyServerType=HTTP, username=, password=********, proxyServerAddress=, proxyServerPort=0, executionList="", isApplyToDesiredCapabilities=true }
2026-05-19 11:18:45.636 DEBUG testcase.Login With Valid Credentials    - 2: navigateToUrl("https://convergenceondemand.com/login")
2026-05-19 11:18:46.821 DEBUG testcase.Login With Valid Credentials    - 3: openBrowser("")
2026-05-19 11:18:46.852 WARN  c.k.k.core.webui.driver.DriverFactory    - A browser is already opened. Closing browser and opening a new one
2026-05-19 11:18:47.444 INFO  c.k.k.core.webui.driver.DriverFactory    - Starting 'Chrome' driver
2026-05-19 11:18:47.456 INFO  c.k.k.core.webui.driver.DriverFactory    - Action delay is set to 0 milliseconds
2026-05-19 11:18:50.557 INFO  c.k.k.core.webui.driver.DriverFactory    - sessionId = dd698a5805aabdc9d5c5c86b12dd9c6a
2026-05-19 11:18:50.561 INFO  c.k.k.core.webui.driver.DriverFactory    - browser = Chrome 148.0.7778.168
2026-05-19 11:18:50.564 INFO  c.k.k.core.webui.driver.DriverFactory    - platform = Windows 11
2026-05-19 11:18:50.566 INFO  c.k.k.core.webui.driver.DriverFactory    - seleniumVersion = 4.39.0
2026-05-19 11:18:50.570 INFO  c.k.k.core.webui.driver.DriverFactory    - proxyInformation = ProxyInformation { proxyOption=NO_PROXY, proxyServerType=HTTP, username=, password=********, proxyServerAddress=, proxyServerPort=0, executionList="", isApplyToDesiredCapabilities=true }
2026-05-19 11:18:50.632 DEBUG testcase.Login With Valid Credentials    - 4: navigateToUrl("https://convergenceondemand.com/login")
2026-05-19 11:18:51.650 DEBUG testcase.Login With Valid Credentials    - 5: setText(findTestObject("Page_1Government Login/input_Enter your MDA"), "govtest")
2026-05-19 11:18:53.446 DEBUG testcase.Login With Valid Credentials    - 6: setText(findTestObject("Page_1Government Login/input_Enter Email"), "apisupport@cicod.com")
2026-05-19 11:18:54.699 DEBUG testcase.Login With Valid Credentials    - 7: setEncryptedText(findTestObject("Page_1Government Login/input_Enter password"), "9zJdpvfgkgtFa8MQRHGI0w==")
2026-05-19 11:18:55.414 DEBUG testcase.Login With Valid Credentials    - 8: click(findTestObject("Page_1Government Login/button_Login"))
2026-05-19 11:18:56.050 INFO  c.k.katalon.core.main.TestCaseExecutor   - END Test Cases/Login/Login With Valid Credentials
2026-05-19 11:18:56.059 INFO  c.k.katalon.core.main.TestCaseExecutor   - --------------------
2026-05-19 11:18:56.059 INFO  c.k.katalon.core.main.TestCaseExecutor   - START Test Cases/Login/Login with Invalid Credentials_ Empty Username
2026-05-19 11:18:56.386 DEBUG with Invalid Credentials_ Empty Username - 1: openBrowser("")
2026-05-19 11:18:56.398 WARN  c.k.k.core.webui.driver.DriverFactory    - A browser is already opened. Closing browser and opening a new one
2026-05-19 11:18:56.982 INFO  c.k.k.core.webui.driver.DriverFactory    - Starting 'Chrome' driver
2026-05-19 11:18:56.991 INFO  c.k.k.core.webui.driver.DriverFactory    - Action delay is set to 0 milliseconds
2026-05-19 11:18:59.945 INFO  c.k.k.core.webui.driver.DriverFactory    - sessionId = 1de2a1077eff7c399ee202a47aea78ac
2026-05-19 11:18:59.951 INFO  c.k.k.core.webui.driver.DriverFactory    - browser = Chrome 148.0.7778.168
2026-05-19 11:18:59.952 INFO  c.k.k.core.webui.driver.DriverFactory    - platform = Windows 11
2026-05-19 11:18:59.959 INFO  c.k.k.core.webui.driver.DriverFactory    - seleniumVersion = 4.39.0
2026-05-19 11:18:59.963 INFO  c.k.k.core.webui.driver.DriverFactory    - proxyInformation = ProxyInformation { proxyOption=NO_PROXY, proxyServerType=HTTP, username=, password=********, proxyServerAddress=, proxyServerPort=0, executionList="", isApplyToDesiredCapabilities=true }
2026-05-19 11:19:00.044 DEBUG with Invalid Credentials_ Empty Username - 2: navigateToUrl("https://convergenceondemand.com/login")
2026-05-19 11:19:01.394 DEBUG with Invalid Credentials_ Empty Username - 3: click(findTestObject("Page_1Government Login/input_Enter your MDA"))
2026-05-19 11:19:02.494 DEBUG with Invalid Credentials_ Empty Username - 4: setText(findTestObject("Page_1Government Login/input_Enter Email"), "apisupport@cicod.com")
2026-05-19 11:19:03.741 DEBUG with Invalid Credentials_ Empty Username - 5: setEncryptedText(findTestObject("Page_1Government Login/input_Enter password"), "9zJdpvfgkgtFa8MQRHGI0w==")
2026-05-19 11:19:04.460 DEBUG with Invalid Credentials_ Empty Username - 6: click(findTestObject("Page_1Government Login/button_Login"))
2026-05-19 11:19:14.526 WARN  c.k.k.c.w.keyword.builtin.ClickKeyword   - Waiting for element timed out
2026-05-19 11:19:14.709 INFO  c.k.katalon.core.main.TestCaseExecutor   - END Test Cases/Login/Login with Invalid Credentials_ Empty Username
2026-05-19 11:19:15.409 INFO  c.k.katalon.core.main.TestSuiteExecutor  - --------------------
2026-05-19 11:19:15.409 INFO  c.k.katalon.core.main.TestSuiteExecutor  - END Test Suites/Survey_suite_model
2026-05-19 11:19:15.409 INFO  c.k.katalon.core.main.TestSuiteExecutor  - ====================
